[1mloaded                        [0m [36mrows[0m=[35m2248669[0m [36msymbol[0m=[35mETH/USDT[0m [36mtf[0m=[35m1m[0m
[1mloaded                        [0m [36mrows[0m=[35m37479[0m [36msymbol[0m=[35mETH/USDT[0m [36mtf[0m=[35m1h[0m
[1mloaded                        [0m [36mrows[0m=[35m9370[0m [36msymbol[0m=[35mETH/USDT[0m [36mtf[0m=[35m4h[0m
[1mfunding_rates_loaded          [0m [36mrows[0m=[35m4700[0m [36msymbol[0m=[35mETH/USDT[0m
[1mcheckpoint_arch               [0m [36md_model[0m=[35m64[0m [36mlookback[0m=[35m1[0m [36mn_heads[0m=[35m4[0m [36mn_layers[0m=[35m1[0m [36mobs_dim_saved[0m=[35m71[0m [36mpath[0m=[35mcheckpoints/v9_conservative_r5/best_agent.pt[0m
[1mmicrostructure_detected       [0m [36mfr_symbols[0m=[35m['ETH/USDT'][0m [36mmicrostructure_dim[0m=[35m1[0m [36mobs_dim[0m=[35m71[0m
[1magent_loaded                  [0m [36mcheckpoint[0m=[35m./checkpoints/v9_conservative_r5/best_agent.pt[0m [36mobs_dim[0m=[35m71[0m [36msymbols[0m=[35m['ETH/USDT'][0m
[1mwf_simulator                  [0m [36mcost_profile[0m=[35mconservative[0m [36mdepth_profile_usd[0m=[35m200000.0[0m [36mfill_model[0m=[35mbar_range[0m [36mfunding_enabled[0m=[35mTrue[0m [36minitial_margin_pct[0m=[35m0.01[0m [36mlatency_ms[0m=[35m10.0[0m [36mmaintenance_margin_pct[0m=[35m0.005[0m [36mmaker_fee[0m=[35m0.0004[0m [36mmax_leverage[0m=[35m10.0[0m [36mslippage_bps[0m=[35m15.0[0m [36mtaker_fee[0m=[35m0.001[0m

════════════════════════════════════════════════════════════════════════════════
  Walk-Forward Evaluation — 1 symbols × 20 folds × 7d
  Cost profile: conservative  |  taker_fee=0.00100  maker_fee=0.00040  slippage_bps=15.0  depth_usd=200,000
════════════════════════════════════════════════════════════════════════════════
  Fold      Symbol            Period    Return    Sharpe     MaxDD  Trades
  ────────────────────────────────────────────────────────────────────────
     1    ETH/USDT     04/04 - 04/11  +  5.76%     14.91    1.90%      34
     2    ETH/USDT     03/28 - 04/04    -0.94%     -3.35    2.95%      28
     3    ETH/USDT     03/21 - 03/28    -1.96%     -3.19    5.34%      36
     4    ETH/USDT     03/14 - 03/21    -0.93%     -2.39    6.03%      30
     5    ETH/USDT     03/07 - 03/14  +  1.89%      6.75    1.73%      30
     6    ETH/USDT     02/28 - 03/07  +  0.01%      0.41    4.95%      30
     7    ETH/USDT     02/21 - 02/28    -2.41%     -3.95    7.90%      33
     8    ETH/USDT     02/14 - 02/21    -5.02%    -16.75    6.26%      32
     9    ETH/USDT     02/07 - 02/14    -0.84%     -1.62    4.62%      35
    10    ETH/USDT     01/31 - 02/07    -8.88%    -11.87   15.52%      32
    11    ETH/USDT     01/24 - 01/31    -4.99%    -14.13    6.96%      28
    12    ETH/USDT     01/17 - 01/24   -10.02%    -32.02   10.23%      28
    13    ETH/USDT     01/10 - 01/17  +  2.34%     11.48    1.33%      32
    14    ETH/USDT     01/03 - 01/10    -0.55%     -1.71    4.12%      27
    15    ETH/USDT     12/27 - 01/03  +  1.94%      6.16    3.18%      35
    16    ETH/USDT     12/20 - 12/27    -0.13%     -0.40    2.80%      39
    17    ETH/USDT     12/13 - 12/20    -3.03%     -7.51    5.50%      32
    18    ETH/USDT     12/06 - 12/13    -4.45%     -9.07    5.06%      35
    19    ETH/USDT     11/29 - 12/06    -1.09%     -2.99    3.82%      30
    20    ETH/USDT     11/22 - 11/29  +  1.29%      5.16    1.39%      30
  ────────────────────────────────────────────────────────────────────────

  Overall (20 folds across 1 symbols):
    Mean return:   -1.60%
    Std return:    3.66%
    Win rate:      30% (6/20)
    Mean Sharpe:   -3.30
    Mean MaxDD:    5.08%
    Best fold:     +5.76%
    Worst fold:    -10.02%

  ETH/USDT (20 folds):
    Mean return: -1.60%  Win rate: 30%  Mean MaxDD: 5.08%
[1mresults_saved                 [0m [36mpath[0m=[35mcheckpoints/v9_conservative_r5/best_agent.eval.json[0m

════════════════════════════════════════════════════════════════════════════════

