[1mloaded                        [0m [36mrows[0m=[35m2248669[0m [36msymbol[0m=[35mETH/USDT[0m [36mtf[0m=[35m1m[0m
[1mloaded                        [0m [36mrows[0m=[35m37479[0m [36msymbol[0m=[35mETH/USDT[0m [36mtf[0m=[35m1h[0m
[1mloaded                        [0m [36mrows[0m=[35m9370[0m [36msymbol[0m=[35mETH/USDT[0m [36mtf[0m=[35m4h[0m
[1mfunding_rates_loaded          [0m [36mrows[0m=[35m4700[0m [36msymbol[0m=[35mETH/USDT[0m
[1mcheckpoint_arch               [0m [36md_model[0m=[35m64[0m [36mlookback[0m=[35m1[0m [36mn_heads[0m=[35m4[0m [36mn_layers[0m=[35m1[0m [36mobs_dim_saved[0m=[35m71[0m [36mpath[0m=[35mcheckpoints/v9_conservative_r2/best_agent.pt[0m
[1mmicrostructure_detected       [0m [36mfr_symbols[0m=[35m['ETH/USDT'][0m [36mmicrostructure_dim[0m=[35m1[0m [36mobs_dim[0m=[35m71[0m
[1magent_loaded                  [0m [36mcheckpoint[0m=[35m./checkpoints/v9_conservative_r2/best_agent.pt[0m [36mobs_dim[0m=[35m71[0m [36msymbols[0m=[35m['ETH/USDT'][0m
[1mwf_simulator                  [0m [36mcost_profile[0m=[35mconservative[0m [36mdepth_profile_usd[0m=[35m200000.0[0m [36mfill_model[0m=[35mbar_range[0m [36mfunding_enabled[0m=[35mTrue[0m [36minitial_margin_pct[0m=[35m0.01[0m [36mlatency_ms[0m=[35m10.0[0m [36mmaintenance_margin_pct[0m=[35m0.005[0m [36mmaker_fee[0m=[35m0.0004[0m [36mmax_leverage[0m=[35m10.0[0m [36mslippage_bps[0m=[35m15.0[0m [36mtaker_fee[0m=[35m0.001[0m

════════════════════════════════════════════════════════════════════════════════
  Walk-Forward Evaluation — 1 symbols × 20 folds × 7d
  Cost profile: conservative  |  taker_fee=0.00100  maker_fee=0.00040  slippage_bps=15.0  depth_usd=200,000
════════════════════════════════════════════════════════════════════════════════
  Fold      Symbol            Period    Return    Sharpe     MaxDD  Trades
  ────────────────────────────────────────────────────────────────────────
     1    ETH/USDT     04/04 - 04/11  + 23.35%     12.87   10.48%       4
     2    ETH/USDT     03/28 - 04/04  +  3.60%      3.48   13.22%       5
     3    ETH/USDT     03/21 - 03/28   -16.22%     -6.99   24.36%       3
     4    ETH/USDT     03/14 - 03/21  +  6.15%      4.48   27.02%      11
     5    ETH/USDT     03/07 - 03/14  + 12.57%      7.76   14.89%       9
     6    ETH/USDT     02/28 - 03/07  +  3.82%      3.26   22.34%       8
     7    ETH/USDT     02/21 - 02/28   -15.33%     -3.73   29.52%       7
     8    ETH/USDT     02/14 - 02/21   -11.97%     -7.09   20.27%       2
     9    ETH/USDT     02/07 - 02/14    -3.43%      0.31   25.81%       9
    10    ETH/USDT     01/31 - 02/07   -31.46%    -13.75   35.41%       7
    11    ETH/USDT     01/24 - 01/31   -37.19%    -20.59   40.26%       8
    12    ETH/USDT     01/17 - 01/24   -31.75%    -41.13   33.72%       5
    13    ETH/USDT     01/10 - 01/17  + 18.28%     14.25    6.39%       9
    14    ETH/USDT     01/03 - 01/10    -2.92%     -1.31   17.52%       7
    15    ETH/USDT     12/27 - 01/03  + 15.45%     13.75    8.79%       3
    16    ETH/USDT     12/20 - 12/27    -4.75%     -3.98   11.81%       4
    17    ETH/USDT     12/13 - 12/20   -11.67%     -3.62   27.56%       4
    18    ETH/USDT     12/06 - 12/13  +  4.35%      3.47   22.71%       5
    19    ETH/USDT     11/29 - 12/06  +  2.65%      2.80   24.21%       9
    20    ETH/USDT     11/22 - 11/29  + 22.73%     12.67    8.44%       9
  ────────────────────────────────────────────────────────────────────────

  Overall (20 folds across 1 symbols):
    Mean return:   -2.69%
    Std return:    17.23%
    Win rate:      50% (10/20)
    Mean Sharpe:   -1.15
    Mean MaxDD:    21.24%
    Best fold:     +23.35%
    Worst fold:    -37.19%

  ETH/USDT (20 folds):
    Mean return: -2.69%  Win rate: 50%  Mean MaxDD: 21.24%
[1mresults_saved                 [0m [36mpath[0m=[35mcheckpoints/v9_conservative_r2/best_agent.eval.json[0m

════════════════════════════════════════════════════════════════════════════════

