[1mdata_loaded                   [0m [36melapsed[0m=[35m13.05s[0m [36mend[0m=[35m'2026-04-11 15:08:00+00:00'[0m [36mrows[0m=[35m2248669[0m [36mstart[0m=[35m'2022-01-01 00:00:00+00:00'[0m [36msymbol[0m=[35mBTC/USDT[0m [36mtimeframe[0m=[35m1m[0m
[1mdata_loaded                   [0m [36melapsed[0m=[35m0.52s[0m [36mend[0m=[35m'2026-04-11 15:00:00+00:00'[0m [36mrows[0m=[35m37479[0m [36mstart[0m=[35m'2022-01-01 00:00:00+00:00'[0m [36msymbol[0m=[35mBTC/USDT[0m [36mtimeframe[0m=[35m1h[0m
[1mdata_loaded                   [0m [36melapsed[0m=[35m0.12s[0m [36mend[0m=[35m'2026-04-11 12:00:00+00:00'[0m [36mrows[0m=[35m9370[0m [36mstart[0m=[35m'2022-01-01 00:00:00+00:00'[0m [36msymbol[0m=[35mBTC/USDT[0m [36mtimeframe[0m=[35m4h[0m
[1mfunding_rates_loaded          [0m [36mend[0m=[35m'2026-04-16 08:00:00+00:00'[0m [36mrows[0m=[35m4700[0m [36mstart[0m=[35m'2022-01-01 00:00:00.006000+00:00'[0m [36msymbol[0m=[35mBTC/USDT[0m
[1mdata_loaded                   [0m [36melapsed[0m=[35m12.39s[0m [36mend[0m=[35m'2026-04-11 15:08:00+00:00'[0m [36mrows[0m=[35m2248669[0m [36mstart[0m=[35m'2022-01-01 00:00:00+00:00'[0m [36msymbol[0m=[35mETH/USDT[0m [36mtimeframe[0m=[35m1m[0m
[1mdata_loaded                   [0m [36melapsed[0m=[35m0.52s[0m [36mend[0m=[35m'2026-04-11 15:00:00+00:00'[0m [36mrows[0m=[35m37479[0m [36mstart[0m=[35m'2022-01-01 00:00:00+00:00'[0m [36msymbol[0m=[35mETH/USDT[0m [36mtimeframe[0m=[35m1h[0m
[1mdata_loaded                   [0m [36melapsed[0m=[35m0.13s[0m [36mend[0m=[35m'2026-04-11 12:00:00+00:00'[0m [36mrows[0m=[35m9370[0m [36mstart[0m=[35m'2022-01-01 00:00:00+00:00'[0m [36msymbol[0m=[35mETH/USDT[0m [36mtimeframe[0m=[35m4h[0m
[1mfunding_rates_loaded          [0m [36mend[0m=[35m'2026-04-16 08:00:00+00:00'[0m [36mrows[0m=[35m4700[0m [36mstart[0m=[35m'2022-01-01 00:00:00.006000+00:00'[0m [36msymbol[0m=[35mETH/USDT[0m
[1mseed_set                      [0m [36mseed[0m=[35m42[0m
[1mtrain_simulator               [0m [36mcost_profile[0m=[35mconservative[0m [36mdepth_profile_usd[0m=[35m200000.0[0m [36mfill_model[0m=[35mbar_range[0m [36mfunding_enabled[0m=[35mTrue[0m [36minitial_margin_pct[0m=[35m0.01[0m [36mlatency_ms[0m=[35m10.0[0m [36mmaintenance_margin_pct[0m=[35m0.005[0m [36mmaker_fee[0m=[35m0.0004[0m [36mmax_leverage[0m=[35m10.0[0m [36mslippage_bps[0m=[35m15.0[0m [36mtaker_fee[0m=[35m0.001[0m
[1mfeature_dim_detected          [0m [36mcolumns[0m=[35m['x_ret_1', 'x_ret_5', 'x_ema_9_dist', 'x_ema_21_dist', 'x_ema_50_dist'][0m [36mfeatures_per_tf[0m=[35m20[0m
[1mmicrostructure_enabled        [0m [36mdim[0m=[35m1[0m [36msymbols_with_fr[0m=[35m['BTC/USDT', 'ETH/USDT'][0m [36mtotal_symbols[0m=[35m2[0m
[1mepisode_config                [0m [36mmax_episode[0m=[35m2000[0m [36mmin_bars[0m=[35m2248669[0m [36mprimary_tf[0m=[35m1m[0m [36msymbols[0m=[35m['BTC/USDT', 'ETH/USDT'][0m
[1menv_created                   [0m [36maction_space[0m=[35m"Dict('hold_bars': Discrete(3), 'position': Box(-1.0, 1.0, (1,), float32), 'risk_budget': Box(0.01, 0.1, (1,), float32))"[0m [36mobs_dim[0m=[35m71[0m
[1msanity_check_passed           [0m [36minfo_keys[0m=[35m['step', 'symbol', 'cash', 'portfolio_value', 'position_side', 'position_size', 'n_trades', 'total_return', 'sharpe', 'sortino', 'max_dd'][0m [36mreward[0m=[35m-0.059572[0m
[1magent_created                 [0m [36md_model[0m=[35m64[0m [36mdevice[0m=[35mcpu[0m [36mn_layers[0m=[35m1[0m [36mparams[0m=[35m63,432[0m

════════════════════════════════════════════════════════════
  PPO Training — 200,000 steps
════════════════════════════════════════════════════════════
  symbols:    BTC/USDT, ETH/USDT
  obs_dim:    71
  lookback:   1
  d_model:    64
  params:     63,432
  patience:   10
  weight_dec: 2e-05
  trade_pen:  0.02
  cost_prof:  conservative
  ent_coef:   0.02 -> 0.004
  n_steps:    512
  n_epochs:   8
  eval_eps:   15
  batch_size: 64
  max_episode:2000
  seed:       42
════════════════════════════════════════════════════════════

[1mppo_update                    [0m [36mentropy[0m=[35m0.0454[0m [36mpolicy_loss[0m=[35m-0.0042[0m [36mreward[0m=[35m-66.9221[0m [36msteps[0m=[35m512[0m [36mupdate[0m=[35m1[0m [36mvalue_loss[0m=[35m64283048149325.2969[0m
[1mppo_update                    [0m [36mentropy[0m=[35m0.0438[0m [36mpolicy_loss[0m=[35m-0.0103[0m [36mreward[0m=[35m-55.0651[0m [36msteps[0m=[35m1024[0m [36mupdate[0m=[35m2[0m [36mvalue_loss[0m=[35m77.7356[0m
[1mppo_update                    [0m [36mentropy[0m=[35m0.0114[0m [36mpolicy_loss[0m=[35m-0.0032[0m [36mreward[0m=[35m-55.3599[0m [36msteps[0m=[35m1536[0m [36mupdate[0m=[35m3[0m [36mvalue_loss[0m=[35m83.0080[0m
[1mppo_update                    [0m [36mentropy[0m=[35m-0.0049[0m [36mpolicy_loss[0m=[35m-0.0065[0m [36mreward[0m=[35m-69.8467[0m [36msteps[0m=[35m2048[0m [36mupdate[0m=[35m4[0m [36mvalue_loss[0m=[35m75.6598[0m
[1mppo_update                    [0m [36mentropy[0m=[35m-0.0103[0m [36mpolicy_loss[0m=[35m0.0026[0m [36mreward[0m=[35m-56.5028[0m [36msteps[0m=[35m2560[0m [36mupdate[0m=[35m5[0m [36mvalue_loss[0m=[35m54.5193[0m
[1meval                          [0m [36mbest[0m=[35m-inf[0m [36meval_reward[0m=[35m-0.9431[0m [36msteps[0m=[35m2560[0m [36mupdate[0m=[35m5[0m
[1mnew_best_saved                [0m [36meval_reward[0m=[35m-0.9431[0m [36mstep[0m=[35m2560[0m
[1mppo_update                    [0m [36mentropy[0m=[35m-0.0189[0m [36mpolicy_loss[0m=[35m-0.0091[0m [36mreward[0m=[35m-72.8349[0m [36msteps[0m=[35m3072[0m [36mupdate[0m=[35m6[0m [36mvalue_loss[0m=[35m57.9060[0m
[1mppo_update                    [0m [36mentropy[0m=[35m-0.0303[0m [36mpolicy_loss[0m=[35m-0.0101[0m [36mreward[0m=[35m-57.3382[0m [36msteps[0m=[35m3584[0m [36mupdate[0m=[35m7[0m [36mvalue_loss[0m=[35m52.9868[0m
[1mppo_update                    [0m [36mentropy[0m=[35m-0.0610[0m [36mpolicy_loss[0m=[35m-0.0058[0m [36mreward[0m=[35m-81.1982[0m [36msteps[0m=[35m4096[0m [36mupdate[0m=[35m8[0m [36mvalue_loss[0m=[35m88.9861[0m
[1mppo_update                    [0m [36mentropy[0m=[35m-0.0578[0m [36mpolicy_loss[0m=[35m0.0017[0m [36mreward[0m=[35m-78.7629[0m [36msteps[0m=[35m4608[0m [36mupdate[0m=[35m9[0m [36mvalue_loss[0m=[35m37.6357[0m
[1mppo_update                    [0m [36mentropy[0m=[35m-0.0932[0m [36mpolicy_loss[0m=[35m-0.0066[0m [36mreward[0m=[35m-40.9209[0m [36msteps[0m=[35m5120[0m [36mupdate[0m=[35m10[0m [36mvalue_loss[0m=[35m50.9255[0m
[1meval                          [0m [36mbest[0m=[35m-0.9431[0m [36meval_reward[0m=[35m-0.6871[0m [36msteps[0m=[35m5120[0m [36mupdate[0m=[35m10[0m
[1mnew_best_saved                [0m [36meval_reward[0m=[35m-0.6871[0m [36mstep[0m=[35m5120[0m
[1mppo_update                    [0m [36mentropy[0m=[35m-0.1329[0m [36mpolicy_loss[0m=[35m-0.0089[0m [36mreward[0m=[35m-101.4214[0m [36msteps[0m=[35m5632[0m [36mupdate[0m=[35m11[0m [36mvalue_loss[0m=[35m52.0026[0m
[1mppo_update                    [0m [36mentropy[0m=[35m-0.1208[0m [36mpolicy_loss[0m=[35m-0.0072[0m [36mreward[0m=[35m-55.7919[0m [36msteps[0m=[35m6144[0m [36mupdate[0m=[35m12[0m [36mvalue_loss[0m=[35m41.0739[0m
[1mppo_update                    [0m [36mentropy[0m=[35m-0.1886[0m [36mpolicy_loss[0m=[35m-0.0062[0m [36mreward[0m=[35m-76.5127[0m [36msteps[0m=[35m6656[0m [36mupdate[0m=[35m13[0m [36mvalue_loss[0m=[35m43.7668[0m
[1mppo_update                    [0m [36mentropy[0m=[35m-0.2018[0m [36mpolicy_loss[0m=[35m-0.0035[0m [36mreward[0m=[35m-120.2020[0m [36msteps[0m=[35m7168[0m [36mupdate[0m=[35m14[0m [36mvalue_loss[0m=[35m68.5819[0m
[1mppo_update                    [0m [36mentropy[0m=[35m-0.1909[0m [36mpolicy_loss[0m=[35m-0.0060[0m [36mreward[0m=[35m-85.5680[0m [36msteps[0m=[35m7680[0m [36mupdate[0m=[35m15[0m [36mvalue_loss[0m=[35m54.4218[0m
[1meval                          [0m [36mbest[0m=[35m-0.6871[0m [36meval_reward[0m=[35m-0.3612[0m [36msteps[0m=[35m7680[0m [36mupdate[0m=[35m15[0m
[1mnew_best_saved                [0m [36meval_reward[0m=[35m-0.3612[0m [36mstep[0m=[35m7680[0m
[1mppo_update                    [0m [36mentropy[0m=[35m-0.1827[0m [36mpolicy_loss[0m=[35m-0.0068[0m [36mreward[0m=[35m-75.3451[0m [36msteps[0m=[35m8192[0m [36mupdate[0m=[35m16[0m [36mvalue_loss[0m=[35m31.2517[0m
[1mppo_update                    [0m [36mentropy[0m=[35m-0.2649[0m [36mpolicy_loss[0m=[35m-0.0016[0m [36mreward[0m=[35m-95.3052[0m [36msteps[0m=[35m8704[0m [36mupdate[0m=[35m17[0m [36mvalue_loss[0m=[35m68.3235[0m
[1mppo_update                    [0m [36mentropy[0m=[35m-0.2561[0m [36mpolicy_loss[0m=[35m-0.0043[0m [36mreward[0m=[35m-78.1658[0m [36msteps[0m=[35m9216[0m [36mupdate[0m=[35m18[0m [36mvalue_loss[0m=[35m37.3419[0m
[1mppo_update                    [0m [36mentropy[0m=[35m-0.2582[0m [36mpolicy_loss[0m=[35m-0.0032[0m [36mreward[0m=[35m-81.4147[0m [36msteps[0m=[35m9728[0m [36mupdate[0m=[35m19[0m [36mvalue_loss[0m=[35m37.8564[0m
[1mppo_update                    [0m [36mentropy[0m=[35m-0.3051[0m [36mpolicy_loss[0m=[35m-0.0039[0m [36mreward[0m=[35m-121.4126[0m [36msteps[0m=[35m10240[0m [36mupdate[0m=[35m20[0m [36mvalue_loss[0m=[35m54.1355[0m
[1meval                          [0m [36mbest[0m=[35m-0.3612[0m [36meval_reward[0m=[35m-1.1671[0m [36msteps[0m=[35m10240[0m [36mupdate[0m=[35m20[0m
[1mppo_update                    [0m [36mentropy[0m=[35m-0.3468[0m [36mpolicy_loss[0m=[35m-0.0053[0m [36mreward[0m=[35m-103.8396[0m [36msteps[0m=[35m10752[0m [36mupdate[0m=[35m21[0m [36mvalue_loss[0m=[35m44.7988[0m
[1mppo_update                    [0m [36mentropy[0m=[35m-0.3023[0m [36mpolicy_loss[0m=[35m-0.0043[0m [36mreward[0m=[35m-67.3649[0m [36msteps[0m=[35m11264[0m [36mupdate[0m=[35m22[0m [36mvalue_loss[0m=[35m41.0692[0m
[1mppo_update                    [0m [36mentropy[0m=[35m-0.2940[0m [36mpolicy_loss[0m=[35m0.0003[0m [36mreward[0m=[35m-80.6926[0m [36msteps[0m=[35m11776[0m [36mupdate[0m=[35m23[0m [36mvalue_loss[0m=[35m49.3404[0m
[1mppo_update                    [0m [36mentropy[0m=[35m-0.2732[0m [36mpolicy_loss[0m=[35m-0.0065[0m [36mreward[0m=[35m-75.8551[0m [36msteps[0m=[35m12288[0m [36mupdate[0m=[35m24[0m [36mvalue_loss[0m=[35m46.0490[0m
[1mppo_update                    [0m [36mentropy[0m=[35m-0.2901[0m [36mpolicy_loss[0m=[35m-0.0014[0m [36mreward[0m=[35m-75.9820[0m [36msteps[0m=[35m12800[0m [36mupdate[0m=[35m25[0m [36mvalue_loss[0m=[35m31.2631[0m
[1meval                          [0m [36mbest[0m=[35m-0.3612[0m [36meval_reward[0m=[35m-0.7136[0m [36msteps[0m=[35m12800[0m [36mupdate[0m=[35m25[0m
[1mppo_update                    [0m [36mentropy[0m=[35m-0.3047[0m [36mpolicy_loss[0m=[35m0.0002[0m [36mreward[0m=[35m-78.4932[0m [36msteps[0m=[35m13312[0m [36mupdate[0m=[35m26[0m [36mvalue_loss[0m=[35m39.2506[0m
[1mppo_update                    [0m [36mentropy[0m=[35m-0.3285[0m [36mpolicy_loss[0m=[35m-0.0049[0m [36mreward[0m=[35m-78.3901[0m [36msteps[0m=[35m13824[0m [36mupdate[0m=[35m27[0m [36mvalue_loss[0m=[35m48.4259[0m
[1mppo_update                    [0m [36mentropy[0m=[35m-0.3341[0m [36mpolicy_loss[0m=[35m-0.0033[0m [36mreward[0m=[35m-72.3109[0m [36msteps[0m=[35m14336[0m [36mupdate[0m=[35m28[0m [36mvalue_loss[0m=[35m33.8292[0m
[1mppo_update                    [0m [36mentropy[0m=[35m-0.3590[0m [36mpolicy_loss[0m=[35m-0.0028[0m [36mreward[0m=[35m-74.4009[0m [36msteps[0m=[35m14848[0m [36mupdate[0m=[35m29[0m [36mvalue_loss[0m=[35m35.6008[0m
[1mppo_update                    [0m [36mentropy[0m=[35m-0.3663[0m [36mpolicy_loss[0m=[35m-0.0005[0m [36mreward[0m=[35m-75.0434[0m [36msteps[0m=[35m15360[0m [36mupdate[0m=[35m30[0m [36mvalue_loss[0m=[35m47.1154[0m
[1meval                          [0m [36mbest[0m=[35m-0.3612[0m [36meval_reward[0m=[35m-1.6595[0m [36msteps[0m=[35m15360[0m [36mupdate[0m=[35m30[0m
[1mppo_update                    [0m [36mentropy[0m=[35m-0.4424[0m [36mpolicy_loss[0m=[35m-0.0019[0m [36mreward[0m=[35m-43.9248[0m [36msteps[0m=[35m15872[0m [36mupdate[0m=[35m31[0m [36mvalue_loss[0m=[35m30.7565[0m
[1mppo_update                    [0m [36mentropy[0m=[35m-0.4035[0m [36mpolicy_loss[0m=[35m-0.0009[0m [36mreward[0m=[35m-82.6253[0m [36msteps[0m=[35m16384[0m [36mupdate[0m=[35m32[0m [36mvalue_loss[0m=[35m42.1518[0m
[1mppo_update                    [0m [36mentropy[0m=[35m-0.4157[0m [36mpolicy_loss[0m=[35m-0.0015[0m [36mreward[0m=[35m-62.2421[0m [36msteps[0m=[35m16896[0m [36mupdate[0m=[35m33[0m [36mvalue_loss[0m=[35m55.9291[0m
[1mppo_update                    [0m [36mentropy[0m=[35m-0.4461[0m [36mpolicy_loss[0m=[35m-0.0003[0m [36mreward[0m=[35m-51.9234[0m [36msteps[0m=[35m17408[0m [36mupdate[0m=[35m34[0m [36mvalue_loss[0m=[35m42.7512[0m
[1mppo_update                    [0m [36mentropy[0m=[35m-0.4561[0m [36mpolicy_loss[0m=[35m0.0077[0m [36mreward[0m=[35m-85.4707[0m [36msteps[0m=[35m17920[0m [36mupdate[0m=[35m35[0m [36mvalue_loss[0m=[35m44.1330[0m
[1meval                          [0m [36mbest[0m=[35m-0.3612[0m [36meval_reward[0m=[35m-1.2124[0m [36msteps[0m=[35m17920[0m [36mupdate[0m=[35m35[0m
[1mppo_update                    [0m [36mentropy[0m=[35m-0.4166[0m [36mpolicy_loss[0m=[35m-0.0007[0m [36mreward[0m=[35m-78.2125[0m [36msteps[0m=[35m18432[0m [36mupdate[0m=[35m36[0m [36mvalue_loss[0m=[35m58.4536[0m
[1mppo_update                    [0m [36mentropy[0m=[35m-0.3985[0m [36mpolicy_loss[0m=[35m-0.0018[0m [36mreward[0m=[35m-81.9032[0m [36msteps[0m=[35m18944[0m [36mupdate[0m=[35m37[0m [36mvalue_loss[0m=[35m33.4972[0m
[1mppo_update                    [0m [36mentropy[0m=[35m-0.3910[0m [36mpolicy_loss[0m=[35m-0.0077[0m [36mreward[0m=[35m-34.3085[0m [36msteps[0m=[35m19456[0m [36mupdate[0m=[35m38[0m [36mvalue_loss[0m=[35m35.4170[0m
[1mppo_update                    [0m [36mentropy[0m=[35m-0.4665[0m [36mpolicy_loss[0m=[35m-0.0044[0m [36mreward[0m=[35m-69.5222[0m [36msteps[0m=[35m19968[0m [36mupdate[0m=[35m39[0m [36mvalue_loss[0m=[35m41.5025[0m
[1mppo_update                    [0m [36mentropy[0m=[35m-0.4778[0m [36mpolicy_loss[0m=[35m-0.0064[0m [36mreward[0m=[35m-63.8397[0m [36msteps[0m=[35m20480[0m [36mupdate[0m=[35m40[0m [36mvalue_loss[0m=[35m56.8185[0m
[1meval                          [0m [36mbest[0m=[35m-0.3612[0m [36meval_reward[0m=[35m0.3030[0m [36msteps[0m=[35m20480[0m [36mupdate[0m=[35m40[0m
[1mnew_best_saved                [0m [36meval_reward[0m=[35m0.3030[0m [36mstep[0m=[35m20480[0m
[1mppo_update                    [0m [36mentropy[0m=[35m-0.4914[0m [36mpolicy_loss[0m=[35m0.0025[0m [36mreward[0m=[35m-60.4888[0m [36msteps[0m=[35m20992[0m [36mupdate[0m=[35m41[0m [36mvalue_loss[0m=[35m53.4009[0m
[1mppo_update                    [0m [36mentropy[0m=[35m-0.5409[0m [36mpolicy_loss[0m=[35m0.0004[0m [36mreward[0m=[35m-91.7247[0m [36msteps[0m=[35m21504[0m [36mupdate[0m=[35m42[0m [36mvalue_loss[0m=[35m53.1871[0m
[1mppo_update                    [0m [36mentropy[0m=[35m-0.5347[0m [36mpolicy_loss[0m=[35m-0.0050[0m [36mreward[0m=[35m-76.5826[0m [36msteps[0m=[35m22016[0m [36mupdate[0m=[35m43[0m [36mvalue_loss[0m=[35m45.4596[0m
[1mppo_update                    [0m [36mentropy[0m=[35m-0.5548[0m [36mpolicy_loss[0m=[35m0.0050[0m [36mreward[0m=[35m-51.3049[0m [36msteps[0m=[35m22528[0m [36mupdate[0m=[35m44[0m [36mvalue_loss[0m=[35m37.4465[0m
[1mppo_update                    [0m [36mentropy[0m=[35m-0.5474[0m [36mpolicy_loss[0m=[35m-0.0034[0m [36mreward[0m=[35m-37.2947[0m [36msteps[0m=[35m23040[0m [36mupdate[0m=[35m45[0m [36mvalue_loss[0m=[35m58.1258[0m
[1meval                          [0m [36mbest[0m=[35m0.3030[0m [36meval_reward[0m=[35m-1.0832[0m [36msteps[0m=[35m23040[0m [36mupdate[0m=[35m45[0m
[1mppo_update                    [0m [36mentropy[0m=[35m-0.5356[0m [36mpolicy_loss[0m=[35m0.0050[0m [36mreward[0m=[35m-48.5944[0m [36msteps[0m=[35m23552[0m [36mupdate[0m=[35m46[0m [36mvalue_loss[0m=[35m74.5233[0m
[1mppo_update                    [0m [36mentropy[0m=[35m-0.5300[0m [36mpolicy_loss[0m=[35m0.0048[0m [36mreward[0m=[35m-70.4645[0m [36msteps[0m=[35m24064[0m [36mupdate[0m=[35m47[0m [36mvalue_loss[0m=[35m62.7948[0m
[1mppo_update                    [0m [36mentropy[0m=[35m-0.5376[0m [36mpolicy_loss[0m=[35m-0.0009[0m [36mreward[0m=[35m-80.7077[0m [36msteps[0m=[35m24576[0m [36mupdate[0m=[35m48[0m [36mvalue_loss[0m=[35m52.5827[0m
[1mppo_update                    [0m [36mentropy[0m=[35m-0.5043[0m [36mpolicy_loss[0m=[35m0.0020[0m [36mreward[0m=[35m-101.2662[0m [36msteps[0m=[35m25088[0m [36mupdate[0m=[35m49[0m [36mvalue_loss[0m=[35m57.5728[0m
[1mppo_update                    [0m [36mentropy[0m=[35m-0.5080[0m [36mpolicy_loss[0m=[35m0.0082[0m [36mreward[0m=[35m-84.3775[0m [36msteps[0m=[35m25600[0m [36mupdate[0m=[35m50[0m [36mvalue_loss[0m=[35m69.2085[0m
[1meval                          [0m [36mbest[0m=[35m0.3030[0m [36meval_reward[0m=[35m-1.1210[0m [36msteps[0m=[35m25600[0m [36mupdate[0m=[35m50[0m
[1mppo_update                    [0m [36mentropy[0m=[35m-0.4824[0m [36mpolicy_loss[0m=[35m0.0024[0m [36mreward[0m=[35m-61.0118[0m [36msteps[0m=[35m26112[0m [36mupdate[0m=[35m51[0m [36mvalue_loss[0m=[35m40.6442[0m
[1mppo_update                    [0m [36mentropy[0m=[35m-0.5057[0m [36mpolicy_loss[0m=[35m0.0088[0m [36mreward[0m=[35m-47.3775[0m [36msteps[0m=[35m26624[0m [36mupdate[0m=[35m52[0m [36mvalue_loss[0m=[35m43.4281[0m
[1mppo_update                    [0m [36mentropy[0m=[35m-0.5529[0m [36mpolicy_loss[0m=[35m-0.0047[0m [36mreward[0m=[35m-68.8910[0m [36msteps[0m=[35m27136[0m [36mupdate[0m=[35m53[0m [36mvalue_loss[0m=[35m67.3880[0m
[1mppo_update                    [0m [36mentropy[0m=[35m-0.5191[0m [36mpolicy_loss[0m=[35m0.0046[0m [36mreward[0m=[35m-65.5403[0m [36msteps[0m=[35m27648[0m [36mupdate[0m=[35m54[0m [36mvalue_loss[0m=[35m62.2961[0m
[1mppo_update                    [0m [36mentropy[0m=[35m-0.5437[0m [36mpolicy_loss[0m=[35m0.0067[0m [36mreward[0m=[35m-101.4924[0m [36msteps[0m=[35m28160[0m [36mupdate[0m=[35m55[0m [36mvalue_loss[0m=[35m68.3197[0m
[1meval                          [0m [36mbest[0m=[35m0.3030[0m [36meval_reward[0m=[35m-1.7228[0m [36msteps[0m=[35m28160[0m [36mupdate[0m=[35m55[0m
[1mppo_update                    [0m [36mentropy[0m=[35m-0.3920[0m [36mpolicy_loss[0m=[35m0.0044[0m [36mreward[0m=[35m0.1225[0m [36msteps[0m=[35m28672[0m [36mupdate[0m=[35m56[0m [36mvalue_loss[0m=[35m33.1893[0m
[1mppo_update                    [0m [36mentropy[0m=[35m-0.4402[0m [36mpolicy_loss[0m=[35m0.0056[0m [36mreward[0m=[35m-37.6162[0m [36msteps[0m=[35m29184[0m [36mupdate[0m=[35m57[0m [36mvalue_loss[0m=[35m46.2638[0m
[1mppo_update                    [0m [36mentropy[0m=[35m-0.3981[0m [36mpolicy_loss[0m=[35m0.0080[0m [36mreward[0m=[35m-66.1771[0m [36msteps[0m=[35m29696[0m [36mupdate[0m=[35m58[0m [36mvalue_loss[0m=[35m66.3219[0m
[1mppo_update                    [0m [36mentropy[0m=[35m-0.4148[0m [36mpolicy_loss[0m=[35m0.0014[0m [36mreward[0m=[35m-91.3812[0m [36msteps[0m=[35m30208[0m [36mupdate[0m=[35m59[0m [36mvalue_loss[0m=[35m68.0295[0m
[1mppo_update                    [0m [36mentropy[0m=[35m-0.3269[0m [36mpolicy_loss[0m=[35m0.0005[0m [36mreward[0m=[35m-62.9151[0m [36msteps[0m=[35m30720[0m [36mupdate[0m=[35m60[0m [36mvalue_loss[0m=[35m56.1699[0m
[1meval                          [0m [36mbest[0m=[35m0.3030[0m [36meval_reward[0m=[35m-1.5847[0m [36msteps[0m=[35m30720[0m [36mupdate[0m=[35m60[0m
[1mppo_update                    [0m [36mentropy[0m=[35m-0.3070[0m [36mpolicy_loss[0m=[35m-0.0045[0m [36mreward[0m=[35m-101.3001[0m [36msteps[0m=[35m31232[0m [36mupdate[0m=[35m61[0m [36mvalue_loss[0m=[35m89.6122[0m
[1mppo_update                    [0m [36mentropy[0m=[35m-0.2750[0m [36mpolicy_loss[0m=[35m0.0090[0m [36mreward[0m=[35m-46.1775[0m [36msteps[0m=[35m31744[0m [36mupdate[0m=[35m62[0m [36mvalue_loss[0m=[35m71.1541[0m
[1mppo_update                    [0m [36mentropy[0m=[35m-0.3625[0m [36mpolicy_loss[0m=[35m0.0017[0m [36mreward[0m=[35m-64.1731[0m [36msteps[0m=[35m32256[0m [36mupdate[0m=[35m63[0m [36mvalue_loss[0m=[35m65.7322[0m
[1mppo_update                    [0m [36mentropy[0m=[35m-0.3150[0m [36mpolicy_loss[0m=[35m-0.0002[0m [36mreward[0m=[35m-42.5990[0m [36msteps[0m=[35m32768[0m [36mupdate[0m=[35m64[0m [36mvalue_loss[0m=[35m82.3684[0m
[1mppo_update                    [0m [36mentropy[0m=[35m-0.3375[0m [36mpolicy_loss[0m=[35m0.0014[0m [36mreward[0m=[35m-104.5019[0m [36msteps[0m=[35m33280[0m [36mupdate[0m=[35m65[0m [36mvalue_loss[0m=[35m74.2621[0m
[1meval                          [0m [36mbest[0m=[35m0.3030[0m [36meval_reward[0m=[35m-0.6380[0m [36msteps[0m=[35m33280[0m [36mupdate[0m=[35m65[0m
[1mppo_update                    [0m [36mentropy[0m=[35m-0.2672[0m [36mpolicy_loss[0m=[35m0.0040[0m [36mreward[0m=[35m-48.6036[0m [36msteps[0m=[35m33792[0m [36mupdate[0m=[35m66[0m [36mvalue_loss[0m=[35m77.3394[0m
[1mppo_update                    [0m [36mentropy[0m=[35m-0.3697[0m [36mpolicy_loss[0m=[35m-0.0012[0m [36mreward[0m=[35m-95.6724[0m [36msteps[0m=[35m34304[0m [36mupdate[0m=[35m67[0m [36mvalue_loss[0m=[35m79.1852[0m
[1mppo_update                    [0m [36mentropy[0m=[35m-0.3319[0m [36mpolicy_loss[0m=[35m-0.0005[0m [36mreward[0m=[35m-47.4875[0m [36msteps[0m=[35m34816[0m [36mupdate[0m=[35m68[0m [36mvalue_loss[0m=[35m75.4495[0m
[1mppo_update                    [0m [36mentropy[0m=[35m-0.3340[0m [36mpolicy_loss[0m=[35m-0.0028[0m [36mreward[0m=[35m-75.2398[0m [36msteps[0m=[35m35328[0m [36mupdate[0m=[35m69[0m [36mvalue_loss[0m=[35m125.8692[0m
[1mppo_update                    [0m [36mentropy[0m=[35m-0.3346[0m [36mpolicy_loss[0m=[35m0.0006[0m [36mreward[0m=[35m-75.3604[0m [36msteps[0m=[35m35840[0m [36mupdate[0m=[35m70[0m [36mvalue_loss[0m=[35m98.5396[0m
[1meval                          [0m [36mbest[0m=[35m0.3030[0m [36meval_reward[0m=[35m-2.0369[0m [36msteps[0m=[35m35840[0m [36mupdate[0m=[35m70[0m
[1mppo_update                    [0m [36mentropy[0m=[35m-0.3495[0m [36mpolicy_loss[0m=[35m0.0108[0m [36mreward[0m=[35m-93.0540[0m [36msteps[0m=[35m36352[0m [36mupdate[0m=[35m71[0m [36mvalue_loss[0m=[35m78.5000[0m
[1mppo_update                    [0m [36mentropy[0m=[35m-0.3360[0m [36mpolicy_loss[0m=[35m0.0021[0m [36mreward[0m=[35m-74.6944[0m [36msteps[0m=[35m36864[0m [36mupdate[0m=[35m72[0m [36mvalue_loss[0m=[35m132.0470[0m
[1mppo_update                    [0m [36mentropy[0m=[35m-0.2756[0m [36mpolicy_loss[0m=[35m0.0051[0m [36mreward[0m=[35m-45.9901[0m [36msteps[0m=[35m37376[0m [36mupdate[0m=[35m73[0m [36mvalue_loss[0m=[35m68.9226[0m
[1mppo_update                    [0m [36mentropy[0m=[35m-0.3085[0m [36mpolicy_loss[0m=[35m0.0034[0m [36mreward[0m=[35m-58.2336[0m [36msteps[0m=[35m37888[0m [36mupdate[0m=[35m74[0m [36mvalue_loss[0m=[35m123.2951[0m
[1mppo_update                    [0m [36mentropy[0m=[35m-0.2654[0m [36mpolicy_loss[0m=[35m0.0074[0m [36mreward[0m=[35m-58.6930[0m [36msteps[0m=[35m38400[0m [36mupdate[0m=[35m75[0m [36mvalue_loss[0m=[35m127.4353[0m
[1meval                          [0m [36mbest[0m=[35m0.3030[0m [36meval_reward[0m=[35m-1.7069[0m [36msteps[0m=[35m38400[0m [36mupdate[0m=[35m75[0m
[1mppo_update                    [0m [36mentropy[0m=[35m-0.2471[0m [36mpolicy_loss[0m=[35m0.0121[0m [36mreward[0m=[35m-55.4954[0m [36msteps[0m=[35m38912[0m [36mupdate[0m=[35m76[0m [36mvalue_loss[0m=[35m130.9571[0m
[1mppo_update                    [0m [36mentropy[0m=[35m-0.2532[0m [36mpolicy_loss[0m=[35m0.0128[0m [36mreward[0m=[35m-89.6179[0m [36msteps[0m=[35m39424[0m [36mupdate[0m=[35m77[0m [36mvalue_loss[0m=[35m150.6794[0m
[1mppo_update                    [0m [36mentropy[0m=[35m-0.2401[0m [36mpolicy_loss[0m=[35m0.0044[0m [36mreward[0m=[35m-64.3018[0m [36msteps[0m=[35m39936[0m [36mupdate[0m=[35m78[0m [36mvalue_loss[0m=[35m163.5173[0m
[1mppo_update                    [0m [36mentropy[0m=[35m-0.2172[0m [36mpolicy_loss[0m=[35m-0.0006[0m [36mreward[0m=[35m-34.3254[0m [36msteps[0m=[35m40448[0m [36mupdate[0m=[35m79[0m [36mvalue_loss[0m=[35m123.9449[0m
[1mppo_update                    [0m [36mentropy[0m=[35m-0.2329[0m [36mpolicy_loss[0m=[35m0.0001[0m [36mreward[0m=[35m-62.5623[0m [36msteps[0m=[35m40960[0m [36mupdate[0m=[35m80[0m [36mvalue_loss[0m=[35m112.3242[0m
[1meval                          [0m [36mbest[0m=[35m0.3030[0m [36meval_reward[0m=[35m-0.5445[0m [36msteps[0m=[35m40960[0m [36mupdate[0m=[35m80[0m
[1mppo_update                    [0m [36mentropy[0m=[35m-0.2431[0m [36mpolicy_loss[0m=[35m0.0249[0m [36mreward[0m=[35m-38.1643[0m [36msteps[0m=[35m41472[0m [36mupdate[0m=[35m81[0m [36mvalue_loss[0m=[35m104.8080[0m
[1mppo_update                    [0m [36mentropy[0m=[35m-0.2254[0m [36mpolicy_loss[0m=[35m0.0057[0m [36mreward[0m=[35m-57.0815[0m [36msteps[0m=[35m41984[0m [36mupdate[0m=[35m82[0m [36mvalue_loss[0m=[35m122.9841[0m
[1mppo_update                    [0m [36mentropy[0m=[35m-0.1912[0m [36mpolicy_loss[0m=[35m0.0056[0m [36mreward[0m=[35m-60.5810[0m [36msteps[0m=[35m42496[0m [36mupdate[0m=[35m83[0m [36mvalue_loss[0m=[35m121.8934[0m
[1mppo_update                    [0m [36mentropy[0m=[35m-0.1945[0m [36mpolicy_loss[0m=[35m0.0176[0m [36mreward[0m=[35m-29.4959[0m [36msteps[0m=[35m43008[0m [36mupdate[0m=[35m84[0m [36mvalue_loss[0m=[35m179.4794[0m
[1mppo_update                    [0m [36mentropy[0m=[35m-0.1616[0m [36mpolicy_loss[0m=[35m0.0105[0m [36mreward[0m=[35m-25.5869[0m [36msteps[0m=[35m43520[0m [36mupdate[0m=[35m85[0m [36mvalue_loss[0m=[35m135.2917[0m
[1meval                          [0m [36mbest[0m=[35m0.3030[0m [36meval_reward[0m=[35m-1.2025[0m [36msteps[0m=[35m43520[0m [36mupdate[0m=[35m85[0m
[1mppo_update                    [0m [36mentropy[0m=[35m-0.2413[0m [36mpolicy_loss[0m=[35m0.0072[0m [36mreward[0m=[35m-59.6648[0m [36msteps[0m=[35m44032[0m [36mupdate[0m=[35m86[0m [36mvalue_loss[0m=[35m104.2552[0m
[1mppo_update                    [0m [36mentropy[0m=[35m-0.1450[0m [36mpolicy_loss[0m=[35m0.0108[0m [36mreward[0m=[35m-14.2225[0m [36msteps[0m=[35m44544[0m [36mupdate[0m=[35m87[0m [36mvalue_loss[0m=[35m175.8614[0m
[1mppo_update                    [0m [36mentropy[0m=[35m-0.1948[0m [36mpolicy_loss[0m=[35m-0.0010[0m [36mreward[0m=[35m-74.6277[0m [36msteps[0m=[35m45056[0m [36mupdate[0m=[35m88[0m [36mvalue_loss[0m=[35m85.6834[0m
[1mppo_update                    [0m [36mentropy[0m=[35m-0.1601[0m [36mpolicy_loss[0m=[35m0.0109[0m [36mreward[0m=[35m-38.4863[0m [36msteps[0m=[35m45568[0m [36mupdate[0m=[35m89[0m [36mvalue_loss[0m=[35m164.8895[0m
[1mppo_update                    [0m [36mentropy[0m=[35m-0.2237[0m [36mpolicy_loss[0m=[35m0.0226[0m [36mreward[0m=[35m-96.8526[0m [36msteps[0m=[35m46080[0m [36mupdate[0m=[35m90[0m [36mvalue_loss[0m=[35m148.9359[0m
[1meval                          [0m [36mbest[0m=[35m0.3030[0m [36meval_reward[0m=[35m-2.3310[0m [36msteps[0m=[35m46080[0m [36mupdate[0m=[35m90[0m
[1mearly_stopping                [0m [36mbest_eval[0m=[35m0.3030[0m [36mpatience[0m=[35m10[0m [36mstep[0m=[35m46080[0m

════════════════════════════════════════════════════════════
  Training Early Stopped — 344.9s
════════════════════════════════════════════════════════════
  Total updates:   90
  Mean reward:     -67.7797
  Std reward:      22.0319
  Best eval reward:0.3030
  Saved to:        checkpoints/v9_conservative/final_agent.pt

  Update     Reward     P.Loss     V.Loss    Entropy
  ──────────────────────────────────────────────────
     512   -66.9221    -0.0042 64283048149325.2969     0.0454
   1,024   -55.0651    -0.0103    77.7356     0.0438
   1,536   -55.3599    -0.0032    83.0080     0.0114
   2,048   -69.8467    -0.0065    75.6598    -0.0049
   2,560   -56.5028     0.0026    54.5193    -0.0103
   3,072   -72.8349    -0.0091    57.9060    -0.0189
   3,584   -57.3382    -0.0101    52.9868    -0.0303
   4,096   -81.1982    -0.0058    88.9861    -0.0610
   4,608   -78.7629     0.0017    37.6357    -0.0578
   5,120   -40.9209    -0.0066    50.9255    -0.0932
   5,632  -101.4214    -0.0089    52.0026    -0.1329
   6,144   -55.7919    -0.0072    41.0739    -0.1208
   6,656   -76.5127    -0.0062    43.7668    -0.1886
   7,168  -120.2020    -0.0035    68.5819    -0.2018
   7,680   -85.5680    -0.0060    54.4218    -0.1909
   8,192   -75.3451    -0.0068    31.2517    -0.1827
   8,704   -95.3052    -0.0016    68.3235    -0.2649
   9,216   -78.1658    -0.0043    37.3419    -0.2561
   9,728   -81.4147    -0.0032    37.8564    -0.2582
  10,240  -121.4126    -0.0039    54.1355    -0.3051
  10,752  -103.8396    -0.0053    44.7988    -0.3468
  11,264   -67.3649    -0.0043    41.0692    -0.3023
  11,776   -80.6926     0.0003    49.3404    -0.2940
  12,288   -75.8551    -0.0065    46.0490    -0.2732
  12,800   -75.9820    -0.0014    31.2631    -0.2901
  13,312   -78.4932     0.0002    39.2506    -0.3047
  13,824   -78.3901    -0.0049    48.4259    -0.3285
  14,336   -72.3109    -0.0033    33.8292    -0.3341
  14,848   -74.4009    -0.0028    35.6008    -0.3590
  15,360   -75.0434    -0.0005    47.1154    -0.3663
  15,872   -43.9248    -0.0019    30.7565    -0.4424
  16,384   -82.6253    -0.0009    42.1518    -0.4035
  16,896   -62.2421    -0.0015    55.9291    -0.4157
  17,408   -51.9234    -0.0003    42.7512    -0.4461
  17,920   -85.4707     0.0077    44.1330    -0.4561
  18,432   -78.2125    -0.0007    58.4536    -0.4166
  18,944   -81.9032    -0.0018    33.4972    -0.3985
  19,456   -34.3085    -0.0077    35.4170    -0.3910
  19,968   -69.5222    -0.0044    41.5025    -0.4665
  20,480   -63.8397    -0.0064    56.8185    -0.4778
  20,992   -60.4888     0.0025    53.4009    -0.4914
  21,504   -91.7247     0.0004    53.1871    -0.5409
  22,016   -76.5826    -0.0050    45.4596    -0.5347
  22,528   -51.3049     0.0050    37.4465    -0.5548
  23,040   -37.2947    -0.0034    58.1258    -0.5474
  23,552   -48.5944     0.0050    74.5233    -0.5356
  24,064   -70.4645     0.0048    62.7948    -0.5300
  24,576   -80.7077    -0.0009    52.5827    -0.5376
  25,088  -101.2662     0.0020    57.5728    -0.5043
  25,600   -84.3775     0.0082    69.2085    -0.5080
  26,112   -61.0118     0.0024    40.6442    -0.4824
  26,624   -47.3775     0.0088    43.4281    -0.5057
  27,136   -68.8910    -0.0047    67.3880    -0.5529
  27,648   -65.5403     0.0046    62.2961    -0.5191
  28,160  -101.4924     0.0067    68.3197    -0.5437
  28,672     0.1225     0.0044    33.1893    -0.3920
  29,184   -37.6162     0.0056    46.2638    -0.4402
  29,696   -66.1771     0.0080    66.3219    -0.3981
  30,208   -91.3812     0.0014    68.0295    -0.4148
  30,720   -62.9151     0.0005    56.1699    -0.3269
  31,232  -101.3001    -0.0045    89.6122    -0.3070
  31,744   -46.1775     0.0090    71.1541    -0.2750
  32,256   -64.1731     0.0017    65.7322    -0.3625
  32,768   -42.5990    -0.0002    82.3684    -0.3150
  33,280  -104.5019     0.0014    74.2621    -0.3375
  33,792   -48.6036     0.0040    77.3394    -0.2672
  34,304   -95.6724    -0.0012    79.1852    -0.3697
  34,816   -47.4875    -0.0005    75.4495    -0.3319
  35,328   -75.2398    -0.0028   125.8692    -0.3340
  35,840   -75.3604     0.0006    98.5396    -0.3346
  36,352   -93.0540     0.0108    78.5000    -0.3495
  36,864   -74.6944     0.0021   132.0470    -0.3360
  37,376   -45.9901     0.0051    68.9226    -0.2756
  37,888   -58.2336     0.0034   123.2951    -0.3085
  38,400   -58.6930     0.0074   127.4353    -0.2654
  38,912   -55.4954     0.0121   130.9571    -0.2471
  39,424   -89.6179     0.0128   150.6794    -0.2532
  39,936   -64.3018     0.0044   163.5173    -0.2401
  40,448   -34.3254    -0.0006   123.9449    -0.2172
  40,960   -62.5623     0.0001   112.3242    -0.2329
  41,472   -38.1643     0.0249   104.8080    -0.2431
  41,984   -57.0815     0.0057   122.9841    -0.2254
  42,496   -60.5810     0.0056   121.8934    -0.1912
  43,008   -29.4959     0.0176   179.4794    -0.1945
  43,520   -25.5869     0.0105   135.2917    -0.1616
  44,032   -59.6648     0.0072   104.2552    -0.2413
  44,544   -14.2225     0.0108   175.8614    -0.1450
  45,056   -74.6277    -0.0010    85.6834    -0.1948
  45,568   -38.4863     0.0109   164.8895    -0.1601
  46,080   -96.8526     0.0226   148.9359    -0.2237
════════════════════════════════════════════════════════════

