[1mloaded                        [0m [36mrows[0m=[35m2248669[0m [36msymbol[0m=[35mETH/USDT[0m [36mtf[0m=[35m1m[0m
[1mloaded                        [0m [36mrows[0m=[35m37479[0m [36msymbol[0m=[35mETH/USDT[0m [36mtf[0m=[35m1h[0m
[1mloaded                        [0m [36mrows[0m=[35m9370[0m [36msymbol[0m=[35mETH/USDT[0m [36mtf[0m=[35m4h[0m
[1mfunding_rates_loaded          [0m [36mrows[0m=[35m4700[0m [36msymbol[0m=[35mETH/USDT[0m
[1mcheckpoint_arch               [0m [36md_model[0m=[35m64[0m [36mlookback[0m=[35m1[0m [36mn_heads[0m=[35m4[0m [36mn_layers[0m=[35m1[0m [36mobs_dim_saved[0m=[35m71[0m [36mpath[0m=[35mcheckpoints/v9_conservative_r3/best_agent.pt[0m
[1mmicrostructure_detected       [0m [36mfr_symbols[0m=[35m['ETH/USDT'][0m [36mmicrostructure_dim[0m=[35m1[0m [36mobs_dim[0m=[35m71[0m
[1magent_loaded                  [0m [36mcheckpoint[0m=[35m./checkpoints/v9_conservative_r3/best_agent.pt[0m [36mobs_dim[0m=[35m71[0m [36msymbols[0m=[35m['ETH/USDT'][0m
[1mwf_simulator                  [0m [36mcost_profile[0m=[35mconservative[0m [36mdepth_profile_usd[0m=[35m200000.0[0m [36mfill_model[0m=[35mbar_range[0m [36mfunding_enabled[0m=[35mTrue[0m [36minitial_margin_pct[0m=[35m0.01[0m [36mlatency_ms[0m=[35m10.0[0m [36mmaintenance_margin_pct[0m=[35m0.005[0m [36mmaker_fee[0m=[35m0.0004[0m [36mmax_leverage[0m=[35m10.0[0m [36mslippage_bps[0m=[35m15.0[0m [36mtaker_fee[0m=[35m0.001[0m

════════════════════════════════════════════════════════════════════════════════
  Walk-Forward Evaluation — 1 symbols × 20 folds × 7d
  Cost profile: conservative  |  taker_fee=0.00100  maker_fee=0.00040  slippage_bps=15.0  depth_usd=200,000
════════════════════════════════════════════════════════════════════════════════
  Fold      Symbol            Period    Return    Sharpe     MaxDD  Trades
  ────────────────────────────────────────────────────────────────────────
     1    ETH/USDT     04/04 - 04/11  +  2.45%     21.86    0.53%      29
     2    ETH/USDT     03/28 - 04/04    -0.69%     -6.19    1.25%      29
     3    ETH/USDT     03/21 - 03/28    -0.26%     -2.25    0.82%      25
     4    ETH/USDT     03/14 - 03/21    -0.12%     -0.88    1.76%      32
     5    ETH/USDT     03/07 - 03/14    -1.31%     -7.86    2.36%      35
     6    ETH/USDT     02/28 - 03/07    -1.28%     -6.51    2.51%      26
     7    ETH/USDT     02/21 - 02/28  +  0.26%      1.13    2.10%      33
     8    ETH/USDT     02/14 - 02/21    -1.31%    -12.83    1.93%      33
     9    ETH/USDT     02/07 - 02/14    -0.93%     -6.16    1.76%      30
    10    ETH/USDT     01/31 - 02/07    -1.25%     -2.79    5.31%      33
    11    ETH/USDT     01/24 - 01/31  +  2.38%     17.68    1.01%      34
    12    ETH/USDT     01/17 - 01/24    -1.86%    -15.72    2.05%      30
    13    ETH/USDT     01/10 - 01/17  +  0.47%      5.16    0.89%      27
    14    ETH/USDT     01/03 - 01/10    -0.63%     -5.26    1.49%      30
    15    ETH/USDT     12/27 - 01/03    -1.60%    -15.58    2.09%      30
    16    ETH/USDT     12/20 - 12/27    -0.28%     -5.17    0.71%      29
    17    ETH/USDT     12/13 - 12/20    -5.91%    -20.79    6.47%      29
    18    ETH/USDT     12/06 - 12/13    -4.24%    -22.27    4.84%      31
    19    ETH/USDT     11/29 - 12/06    -2.05%    -16.68    2.43%      30
    20    ETH/USDT     11/22 - 11/29    -1.33%     -6.52    3.84%      33
  ────────────────────────────────────────────────────────────────────────

  Overall (20 folds across 1 symbols):
    Mean return:   -0.98%
    Std return:    1.82%
    Win rate:      20% (4/20)
    Mean Sharpe:   -5.38
    Mean MaxDD:    2.31%
    Best fold:     +2.45%
    Worst fold:    -5.91%

  ETH/USDT (20 folds):
    Mean return: -0.98%  Win rate: 20%  Mean MaxDD: 2.31%
[1mresults_saved                 [0m [36mpath[0m=[35mcheckpoints/v9_conservative_r3/best_agent.eval.json[0m

════════════════════════════════════════════════════════════════════════════════

