[1mdata_loaded                   [0m [36melapsed[0m=[35m13.17s[0m [36mend[0m=[35m'2026-04-11 15:08:00+00:00'[0m [36mrows[0m=[35m2248669[0m [36mstart[0m=[35m'2022-01-01 00:00:00+00:00'[0m [36msymbol[0m=[35mBTC/USDT[0m [36mtimeframe[0m=[35m1m[0m
[1mdata_loaded                   [0m [36melapsed[0m=[35m0.51s[0m [36mend[0m=[35m'2026-04-11 15:00:00+00:00'[0m [36mrows[0m=[35m37479[0m [36mstart[0m=[35m'2022-01-01 00:00:00+00:00'[0m [36msymbol[0m=[35mBTC/USDT[0m [36mtimeframe[0m=[35m1h[0m
[1mdata_loaded                   [0m [36melapsed[0m=[35m0.12s[0m [36mend[0m=[35m'2026-04-11 12:00:00+00:00'[0m [36mrows[0m=[35m9370[0m [36mstart[0m=[35m'2022-01-01 00:00:00+00:00'[0m [36msymbol[0m=[35mBTC/USDT[0m [36mtimeframe[0m=[35m4h[0m
[1mfunding_rates_loaded          [0m [36mend[0m=[35m'2026-04-16 08:00:00+00:00'[0m [36mrows[0m=[35m4700[0m [36mstart[0m=[35m'2022-01-01 00:00:00.006000+00:00'[0m [36msymbol[0m=[35mBTC/USDT[0m
[1mdata_loaded                   [0m [36melapsed[0m=[35m12.17s[0m [36mend[0m=[35m'2026-04-11 15:08:00+00:00'[0m [36mrows[0m=[35m2248669[0m [36mstart[0m=[35m'2022-01-01 00:00:00+00:00'[0m [36msymbol[0m=[35mETH/USDT[0m [36mtimeframe[0m=[35m1m[0m
[1mdata_loaded                   [0m [36melapsed[0m=[35m0.52s[0m [36mend[0m=[35m'2026-04-11 15:00:00+00:00'[0m [36mrows[0m=[35m37479[0m [36mstart[0m=[35m'2022-01-01 00:00:00+00:00'[0m [36msymbol[0m=[35mETH/USDT[0m [36mtimeframe[0m=[35m1h[0m
[1mdata_loaded                   [0m [36melapsed[0m=[35m0.13s[0m [36mend[0m=[35m'2026-04-11 12:00:00+00:00'[0m [36mrows[0m=[35m9370[0m [36mstart[0m=[35m'2022-01-01 00:00:00+00:00'[0m [36msymbol[0m=[35mETH/USDT[0m [36mtimeframe[0m=[35m4h[0m
[1mfunding_rates_loaded          [0m [36mend[0m=[35m'2026-04-16 08:00:00+00:00'[0m [36mrows[0m=[35m4700[0m [36mstart[0m=[35m'2022-01-01 00:00:00.006000+00:00'[0m [36msymbol[0m=[35mETH/USDT[0m
[1mseed_set                      [0m [36mseed[0m=[35m42[0m
[1mtrain_simulator               [0m [36mcost_profile[0m=[35mconservative[0m [36mdepth_profile_usd[0m=[35m200000.0[0m [36mfill_model[0m=[35mbar_range[0m [36mfunding_enabled[0m=[35mTrue[0m [36minitial_margin_pct[0m=[35m0.01[0m [36mlatency_ms[0m=[35m10.0[0m [36mmaintenance_margin_pct[0m=[35m0.005[0m [36mmaker_fee[0m=[35m0.0004[0m [36mmax_leverage[0m=[35m10.0[0m [36mslippage_bps[0m=[35m15.0[0m [36mtaker_fee[0m=[35m0.001[0m
[1mfeature_dim_detected          [0m [36mcolumns[0m=[35m['x_ret_1', 'x_ret_5', 'x_ema_9_dist', 'x_ema_21_dist', 'x_ema_50_dist'][0m [36mfeatures_per_tf[0m=[35m20[0m
[1mmicrostructure_enabled        [0m [36mdim[0m=[35m1[0m [36msymbols_with_fr[0m=[35m['BTC/USDT', 'ETH/USDT'][0m [36mtotal_symbols[0m=[35m2[0m
[1mepisode_config                [0m [36mmax_episode[0m=[35m2000[0m [36mmin_bars[0m=[35m2248669[0m [36mprimary_tf[0m=[35m1m[0m [36msymbols[0m=[35m['BTC/USDT', 'ETH/USDT'][0m
[1menv_created                   [0m [36maction_space[0m=[35m"Dict('hold_bars': Discrete(3), 'position': Box(-1.0, 1.0, (1,), float32), 'risk_budget': Box(0.01, 0.1, (1,), float32))"[0m [36mobs_dim[0m=[35m71[0m
[1msanity_check_passed           [0m [36minfo_keys[0m=[35m['step', 'symbol', 'cash', 'portfolio_value', 'position_side', 'position_size', 'n_trades', 'total_return', 'sharpe', 'sortino', 'max_dd'][0m [36mreward[0m=[35m0.222061[0m
[1magent_created                 [0m [36md_model[0m=[35m64[0m [36mdevice[0m=[35mcpu[0m [36mn_layers[0m=[35m1[0m [36mparams[0m=[35m63,432[0m

════════════════════════════════════════════════════════════
  PPO Training — 200,000 steps
════════════════════════════════════════════════════════════
  symbols:    BTC/USDT, ETH/USDT
  obs_dim:    71
  lookback:   1
  d_model:    64
  params:     63,432
  patience:   20
  weight_dec: 2e-05
  trade_pen:  0.04
  dd_weight:  2.0  dd_thr:0.02  dd_term:0.3
  cost_prof:  conservative
  ent_coef:   0.03 -> 0.005
  n_steps:    512
  n_epochs:   4
  eval_eps:   30
  batch_size: 64
  max_episode:2000
  seed:       42
════════════════════════════════════════════════════════════

[1mppo_update                    [0m [36mentropy[0m=[35m0.0306[0m [36mpolicy_loss[0m=[35m-0.0013[0m [36mreward[0m=[35m-94.5569[0m [36msteps[0m=[35m512[0m [36mupdate[0m=[35m1[0m [36mvalue_loss[0m=[35m65703600194161.5547[0m
[1mppo_update                    [0m [36mentropy[0m=[35m0.0379[0m [36mpolicy_loss[0m=[35m0.0030[0m [36mreward[0m=[35m-116.8517[0m [36msteps[0m=[35m1024[0m [36mupdate[0m=[35m2[0m [36mvalue_loss[0m=[35m237.8737[0m
[1mppo_update                    [0m [36mentropy[0m=[35m0.0209[0m [36mpolicy_loss[0m=[35m0.0031[0m [36mreward[0m=[35m-99.0838[0m [36msteps[0m=[35m1536[0m [36mupdate[0m=[35m3[0m [36mvalue_loss[0m=[35m172.4787[0m
[1mppo_update                    [0m [36mentropy[0m=[35m-0.0017[0m [36mpolicy_loss[0m=[35m0.0030[0m [36mreward[0m=[35m-95.1872[0m [36msteps[0m=[35m2048[0m [36mupdate[0m=[35m4[0m [36mvalue_loss[0m=[35m113.9716[0m
[1mppo_update                    [0m [36mentropy[0m=[35m-0.0276[0m [36mpolicy_loss[0m=[35m0.0015[0m [36mreward[0m=[35m-82.7079[0m [36msteps[0m=[35m2560[0m [36mupdate[0m=[35m5[0m [36mvalue_loss[0m=[35m46.8953[0m
[1meval                          [0m [36mbest[0m=[35m-inf[0m [36meval_reward[0m=[35m-0.3604[0m [36msteps[0m=[35m2560[0m [36mupdate[0m=[35m5[0m
[1mnew_best_saved                [0m [36meval_reward[0m=[35m-0.3604[0m [36mstep[0m=[35m2560[0m
[1mppo_update                    [0m [36mentropy[0m=[35m-0.0275[0m [36mpolicy_loss[0m=[35m0.0005[0m [36mreward[0m=[35m-119.2129[0m [36msteps[0m=[35m3072[0m [36mupdate[0m=[35m6[0m [36mvalue_loss[0m=[35m107.7803[0m
[1mppo_update                    [0m [36mentropy[0m=[35m-0.0198[0m [36mpolicy_loss[0m=[35m0.0050[0m [36mreward[0m=[35m-112.9275[0m [36msteps[0m=[35m3584[0m [36mupdate[0m=[35m7[0m [36mvalue_loss[0m=[35m82.5257[0m
[1mppo_update                    [0m [36mentropy[0m=[35m-0.0216[0m [36mpolicy_loss[0m=[35m0.0083[0m [36mreward[0m=[35m-104.3555[0m [36msteps[0m=[35m4096[0m [36mupdate[0m=[35m8[0m [36mvalue_loss[0m=[35m99.1313[0m
[1mppo_update                    [0m [36mentropy[0m=[35m-0.0393[0m [36mpolicy_loss[0m=[35m0.0010[0m [36mreward[0m=[35m-84.2744[0m [36msteps[0m=[35m4608[0m [36mupdate[0m=[35m9[0m [36mvalue_loss[0m=[35m54.4408[0m
[1mppo_update                    [0m [36mentropy[0m=[35m-0.0394[0m [36mpolicy_loss[0m=[35m0.0018[0m [36mreward[0m=[35m-68.0058[0m [36msteps[0m=[35m5120[0m [36mupdate[0m=[35m10[0m [36mvalue_loss[0m=[35m39.1174[0m
[1meval                          [0m [36mbest[0m=[35m-0.3604[0m [36meval_reward[0m=[35m-0.5675[0m [36msteps[0m=[35m5120[0m [36mupdate[0m=[35m10[0m
[1mppo_update                    [0m [36mentropy[0m=[35m-0.0302[0m [36mpolicy_loss[0m=[35m0.0034[0m [36mreward[0m=[35m-84.1760[0m [36msteps[0m=[35m5632[0m [36mupdate[0m=[35m11[0m [36mvalue_loss[0m=[35m55.2022[0m
[1mppo_update                    [0m [36mentropy[0m=[35m-0.0415[0m [36mpolicy_loss[0m=[35m0.0005[0m [36mreward[0m=[35m-109.9482[0m [36msteps[0m=[35m6144[0m [36mupdate[0m=[35m12[0m [36mvalue_loss[0m=[35m61.2841[0m
[1mppo_update                    [0m [36mentropy[0m=[35m-0.0533[0m [36mpolicy_loss[0m=[35m0.0041[0m [36mreward[0m=[35m-112.0035[0m [36msteps[0m=[35m6656[0m [36mupdate[0m=[35m13[0m [36mvalue_loss[0m=[35m69.2650[0m
[1mppo_update                    [0m [36mentropy[0m=[35m-0.0587[0m [36mpolicy_loss[0m=[35m0.0064[0m [36mreward[0m=[35m-102.1720[0m [36msteps[0m=[35m7168[0m [36mupdate[0m=[35m14[0m [36mvalue_loss[0m=[35m63.1532[0m
[1mppo_update                    [0m [36mentropy[0m=[35m-0.0623[0m [36mpolicy_loss[0m=[35m0.0084[0m [36mreward[0m=[35m-115.8012[0m [36msteps[0m=[35m7680[0m [36mupdate[0m=[35m15[0m [36mvalue_loss[0m=[35m61.1376[0m
[1meval                          [0m [36mbest[0m=[35m-0.3604[0m [36meval_reward[0m=[35m-0.7881[0m [36msteps[0m=[35m7680[0m [36mupdate[0m=[35m15[0m
[1mppo_update                    [0m [36mentropy[0m=[35m-0.0744[0m [36mpolicy_loss[0m=[35m0.0083[0m [36mreward[0m=[35m-123.3311[0m [36msteps[0m=[35m8192[0m [36mupdate[0m=[35m16[0m [36mvalue_loss[0m=[35m74.9323[0m
[1mppo_update                    [0m [36mentropy[0m=[35m-0.0817[0m [36mpolicy_loss[0m=[35m0.0063[0m [36mreward[0m=[35m-120.3957[0m [36msteps[0m=[35m8704[0m [36mupdate[0m=[35m17[0m [36mvalue_loss[0m=[35m75.0139[0m
[1mppo_update                    [0m [36mentropy[0m=[35m-0.0967[0m [36mpolicy_loss[0m=[35m-0.0050[0m [36mreward[0m=[35m-119.5854[0m [36msteps[0m=[35m9216[0m [36mupdate[0m=[35m18[0m [36mvalue_loss[0m=[35m119.6382[0m
[1mppo_update                    [0m [36mentropy[0m=[35m-0.1074[0m [36mpolicy_loss[0m=[35m0.0045[0m [36mreward[0m=[35m-127.9066[0m [36msteps[0m=[35m9728[0m [36mupdate[0m=[35m19[0m [36mvalue_loss[0m=[35m98.9681[0m
[1mppo_update                    [0m [36mentropy[0m=[35m-0.1204[0m [36mpolicy_loss[0m=[35m0.0069[0m [36mreward[0m=[35m-117.5147[0m [36msteps[0m=[35m10240[0m [36mupdate[0m=[35m20[0m [36mvalue_loss[0m=[35m69.9428[0m
[1meval                          [0m [36mbest[0m=[35m-0.3604[0m [36meval_reward[0m=[35m-0.4275[0m [36msteps[0m=[35m10240[0m [36mupdate[0m=[35m20[0m
[1mppo_update                    [0m [36mentropy[0m=[35m-0.1412[0m [36mpolicy_loss[0m=[35m0.0015[0m [36mreward[0m=[35m-99.7521[0m [36msteps[0m=[35m10752[0m [36mupdate[0m=[35m21[0m [36mvalue_loss[0m=[35m46.4665[0m
[1mppo_update                    [0m [36mentropy[0m=[35m-0.1736[0m [36mpolicy_loss[0m=[35m-0.0044[0m [36mreward[0m=[35m-136.0566[0m [36msteps[0m=[35m11264[0m [36mupdate[0m=[35m22[0m [36mvalue_loss[0m=[35m67.3834[0m
[1mppo_update                    [0m [36mentropy[0m=[35m-0.1897[0m [36mpolicy_loss[0m=[35m-0.0035[0m [36mreward[0m=[35m-121.9957[0m [36msteps[0m=[35m11776[0m [36mupdate[0m=[35m23[0m [36mvalue_loss[0m=[35m63.7914[0m
[1mppo_update                    [0m [36mentropy[0m=[35m-0.1912[0m [36mpolicy_loss[0m=[35m0.0046[0m [36mreward[0m=[35m-105.5833[0m [36msteps[0m=[35m12288[0m [36mupdate[0m=[35m24[0m [36mvalue_loss[0m=[35m55.5732[0m
[1mppo_update                    [0m [36mentropy[0m=[35m-0.1998[0m [36mpolicy_loss[0m=[35m0.0079[0m [36mreward[0m=[35m-118.5632[0m [36msteps[0m=[35m12800[0m [36mupdate[0m=[35m25[0m [36mvalue_loss[0m=[35m53.9650[0m
[1meval                          [0m [36mbest[0m=[35m-0.3604[0m [36meval_reward[0m=[35m-0.6639[0m [36msteps[0m=[35m12800[0m [36mupdate[0m=[35m25[0m
[1mppo_update                    [0m [36mentropy[0m=[35m-0.2282[0m [36mpolicy_loss[0m=[35m0.0015[0m [36mreward[0m=[35m-84.2570[0m [36msteps[0m=[35m13312[0m [36mupdate[0m=[35m26[0m [36mvalue_loss[0m=[35m33.6081[0m
[1mppo_update                    [0m [36mentropy[0m=[35m-0.2418[0m [36mpolicy_loss[0m=[35m0.0112[0m [36mreward[0m=[35m-131.0931[0m [36msteps[0m=[35m13824[0m [36mupdate[0m=[35m27[0m [36mvalue_loss[0m=[35m47.8186[0m
[1mppo_update                    [0m [36mentropy[0m=[35m-0.2495[0m [36mpolicy_loss[0m=[35m-0.0060[0m [36mreward[0m=[35m-93.2777[0m [36msteps[0m=[35m14336[0m [36mupdate[0m=[35m28[0m [36mvalue_loss[0m=[35m30.7887[0m
[1mppo_update                    [0m [36mentropy[0m=[35m-0.2440[0m [36mpolicy_loss[0m=[35m0.0029[0m [36mreward[0m=[35m-116.6187[0m [36msteps[0m=[35m14848[0m [36mupdate[0m=[35m29[0m [36mvalue_loss[0m=[35m43.5778[0m
[1mppo_update                    [0m [36mentropy[0m=[35m-0.2553[0m [36mpolicy_loss[0m=[35m0.0017[0m [36mreward[0m=[35m-123.4420[0m [36msteps[0m=[35m15360[0m [36mupdate[0m=[35m30[0m [36mvalue_loss[0m=[35m38.3238[0m
[1meval                          [0m [36mbest[0m=[35m-0.3604[0m [36meval_reward[0m=[35m-0.2908[0m [36msteps[0m=[35m15360[0m [36mupdate[0m=[35m30[0m
[1mnew_best_saved                [0m [36meval_reward[0m=[35m-0.2908[0m [36mstep[0m=[35m15360[0m
[1mppo_update                    [0m [36mentropy[0m=[35m-0.2572[0m [36mpolicy_loss[0m=[35m0.0030[0m [36mreward[0m=[35m-96.6768[0m [36msteps[0m=[35m15872[0m [36mupdate[0m=[35m31[0m [36mvalue_loss[0m=[35m40.5610[0m
[1mppo_update                    [0m [36mentropy[0m=[35m-0.2863[0m [36mpolicy_loss[0m=[35m0.0058[0m [36mreward[0m=[35m-141.9841[0m [36msteps[0m=[35m16384[0m [36mupdate[0m=[35m32[0m [36mvalue_loss[0m=[35m44.8446[0m
[1mppo_update                    [0m [36mentropy[0m=[35m-0.3031[0m [36mpolicy_loss[0m=[35m0.0022[0m [36mreward[0m=[35m-92.6411[0m [36msteps[0m=[35m16896[0m [36mupdate[0m=[35m33[0m [36mvalue_loss[0m=[35m55.7461[0m
[1mppo_update                    [0m [36mentropy[0m=[35m-0.3139[0m [36mpolicy_loss[0m=[35m0.0116[0m [36mreward[0m=[35m-112.9549[0m [36msteps[0m=[35m17408[0m [36mupdate[0m=[35m34[0m [36mvalue_loss[0m=[35m34.7868[0m
[1mppo_update                    [0m [36mentropy[0m=[35m-0.3328[0m [36mpolicy_loss[0m=[35m0.0084[0m [36mreward[0m=[35m-93.4820[0m [36msteps[0m=[35m17920[0m [36mupdate[0m=[35m35[0m [36mvalue_loss[0m=[35m34.5037[0m
[1meval                          [0m [36mbest[0m=[35m-0.2908[0m [36meval_reward[0m=[35m-0.3337[0m [36msteps[0m=[35m17920[0m [36mupdate[0m=[35m35[0m
[1mppo_update                    [0m [36mentropy[0m=[35m-0.3531[0m [36mpolicy_loss[0m=[35m-0.0002[0m [36mreward[0m=[35m-125.1248[0m [36msteps[0m=[35m18432[0m [36mupdate[0m=[35m36[0m [36mvalue_loss[0m=[35m39.8812[0m
[1mppo_update                    [0m [36mentropy[0m=[35m-0.3836[0m [36mpolicy_loss[0m=[35m0.0006[0m [36mreward[0m=[35m-106.6482[0m [36msteps[0m=[35m18944[0m [36mupdate[0m=[35m37[0m [36mvalue_loss[0m=[35m24.9011[0m
[1mppo_update                    [0m [36mentropy[0m=[35m-0.4197[0m [36mpolicy_loss[0m=[35m0.0069[0m [36mreward[0m=[35m-124.4341[0m [36msteps[0m=[35m19456[0m [36mupdate[0m=[35m38[0m [36mvalue_loss[0m=[35m42.8201[0m
[1mppo_update                    [0m [36mentropy[0m=[35m-0.4443[0m [36mpolicy_loss[0m=[35m0.0097[0m [36mreward[0m=[35m-128.0991[0m [36msteps[0m=[35m19968[0m [36mupdate[0m=[35m39[0m [36mvalue_loss[0m=[35m40.5703[0m
[1mppo_update                    [0m [36mentropy[0m=[35m-0.4820[0m [36mpolicy_loss[0m=[35m0.0054[0m [36mreward[0m=[35m-126.2853[0m [36msteps[0m=[35m20480[0m [36mupdate[0m=[35m40[0m [36mvalue_loss[0m=[35m40.3493[0m
[1meval                          [0m [36mbest[0m=[35m-0.2908[0m [36meval_reward[0m=[35m-0.3158[0m [36msteps[0m=[35m20480[0m [36mupdate[0m=[35m40[0m
[1mppo_update                    [0m [36mentropy[0m=[35m-0.4730[0m [36mpolicy_loss[0m=[35m0.0045[0m [36mreward[0m=[35m-95.5313[0m [36msteps[0m=[35m20992[0m [36mupdate[0m=[35m41[0m [36mvalue_loss[0m=[35m24.6541[0m
[1mppo_update                    [0m [36mentropy[0m=[35m-0.4855[0m [36mpolicy_loss[0m=[35m0.0107[0m [36mreward[0m=[35m-97.2467[0m [36msteps[0m=[35m21504[0m [36mupdate[0m=[35m42[0m [36mvalue_loss[0m=[35m26.1725[0m
[1mppo_update                    [0m [36mentropy[0m=[35m-0.4938[0m [36mpolicy_loss[0m=[35m0.0017[0m [36mreward[0m=[35m-130.3219[0m [36msteps[0m=[35m22016[0m [36mupdate[0m=[35m43[0m [36mvalue_loss[0m=[35m41.3387[0m
[1mppo_update                    [0m [36mentropy[0m=[35m-0.4819[0m [36mpolicy_loss[0m=[35m0.0073[0m [36mreward[0m=[35m-96.6507[0m [36msteps[0m=[35m22528[0m [36mupdate[0m=[35m44[0m [36mvalue_loss[0m=[35m26.8508[0m
[1mppo_update                    [0m [36mentropy[0m=[35m-0.4634[0m [36mpolicy_loss[0m=[35m0.0038[0m [36mreward[0m=[35m-159.0791[0m [36msteps[0m=[35m23040[0m [36mupdate[0m=[35m45[0m [36mvalue_loss[0m=[35m62.0033[0m
[1meval                          [0m [36mbest[0m=[35m-0.2908[0m [36meval_reward[0m=[35m-0.2866[0m [36msteps[0m=[35m23040[0m [36mupdate[0m=[35m45[0m
[1mnew_best_saved                [0m [36meval_reward[0m=[35m-0.2866[0m [36mstep[0m=[35m23040[0m
[1mppo_update                    [0m [36mentropy[0m=[35m-0.4744[0m [36mpolicy_loss[0m=[35m0.0063[0m [36mreward[0m=[35m-153.6085[0m [36msteps[0m=[35m23552[0m [36mupdate[0m=[35m46[0m [36mvalue_loss[0m=[35m51.5587[0m
[1mppo_update                    [0m [36mentropy[0m=[35m-0.4980[0m [36mpolicy_loss[0m=[35m0.0088[0m [36mreward[0m=[35m-107.9907[0m [36msteps[0m=[35m24064[0m [36mupdate[0m=[35m47[0m [36mvalue_loss[0m=[35m33.0058[0m
[1mppo_update                    [0m [36mentropy[0m=[35m-0.5139[0m [36mpolicy_loss[0m=[35m0.0035[0m [36mreward[0m=[35m-158.3101[0m [36msteps[0m=[35m24576[0m [36mupdate[0m=[35m48[0m [36mvalue_loss[0m=[35m50.9340[0m
[1mppo_update                    [0m [36mentropy[0m=[35m-0.5021[0m [36mpolicy_loss[0m=[35m0.0055[0m [36mreward[0m=[35m-100.2240[0m [36msteps[0m=[35m25088[0m [36mupdate[0m=[35m49[0m [36mvalue_loss[0m=[35m30.9391[0m
[1mppo_update                    [0m [36mentropy[0m=[35m-0.4626[0m [36mpolicy_loss[0m=[35m0.0099[0m [36mreward[0m=[35m-113.0993[0m [36msteps[0m=[35m25600[0m [36mupdate[0m=[35m50[0m [36mvalue_loss[0m=[35m45.4644[0m
[1meval                          [0m [36mbest[0m=[35m-0.2866[0m [36meval_reward[0m=[35m-0.4952[0m [36msteps[0m=[35m25600[0m [36mupdate[0m=[35m50[0m
[1mppo_update                    [0m [36mentropy[0m=[35m-0.4520[0m [36mpolicy_loss[0m=[35m0.0082[0m [36mreward[0m=[35m-101.9010[0m [36msteps[0m=[35m26112[0m [36mupdate[0m=[35m51[0m [36mvalue_loss[0m=[35m25.5348[0m
[1mppo_update                    [0m [36mentropy[0m=[35m-0.4383[0m [36mpolicy_loss[0m=[35m0.0129[0m [36mreward[0m=[35m-141.4979[0m [36msteps[0m=[35m26624[0m [36mupdate[0m=[35m52[0m [36mvalue_loss[0m=[35m67.6044[0m
[1mppo_update                    [0m [36mentropy[0m=[35m-0.4274[0m [36mpolicy_loss[0m=[35m0.0083[0m [36mreward[0m=[35m-132.6491[0m [36msteps[0m=[35m27136[0m [36mupdate[0m=[35m53[0m [36mvalue_loss[0m=[35m54.4439[0m
[1mppo_update                    [0m [36mentropy[0m=[35m-0.4309[0m [36mpolicy_loss[0m=[35m0.0117[0m [36mreward[0m=[35m-104.8911[0m [36msteps[0m=[35m27648[0m [36mupdate[0m=[35m54[0m [36mvalue_loss[0m=[35m39.7471[0m
[1mppo_update                    [0m [36mentropy[0m=[35m-0.4082[0m [36mpolicy_loss[0m=[35m0.0026[0m [36mreward[0m=[35m-111.6522[0m [36msteps[0m=[35m28160[0m [36mupdate[0m=[35m55[0m [36mvalue_loss[0m=[35m40.6331[0m
[1meval                          [0m [36mbest[0m=[35m-0.2866[0m [36meval_reward[0m=[35m-0.2083[0m [36msteps[0m=[35m28160[0m [36mupdate[0m=[35m55[0m
[1mnew_best_saved                [0m [36meval_reward[0m=[35m-0.2083[0m [36mstep[0m=[35m28160[0m
[1mppo_update                    [0m [36mentropy[0m=[35m-0.4162[0m [36mpolicy_loss[0m=[35m0.0066[0m [36mreward[0m=[35m-113.8948[0m [36msteps[0m=[35m28672[0m [36mupdate[0m=[35m56[0m [36mvalue_loss[0m=[35m50.6429[0m
[1mppo_update                    [0m [36mentropy[0m=[35m-0.4284[0m [36mpolicy_loss[0m=[35m0.0065[0m [36mreward[0m=[35m-111.2145[0m [36msteps[0m=[35m29184[0m [36mupdate[0m=[35m57[0m [36mvalue_loss[0m=[35m44.1848[0m
[1mppo_update                    [0m [36mentropy[0m=[35m-0.4123[0m [36mpolicy_loss[0m=[35m0.0065[0m [36mreward[0m=[35m-137.7412[0m [36msteps[0m=[35m29696[0m [36mupdate[0m=[35m58[0m [36mvalue_loss[0m=[35m47.8009[0m
[1mppo_update                    [0m [36mentropy[0m=[35m-0.4055[0m [36mpolicy_loss[0m=[35m0.0089[0m [36mreward[0m=[35m-107.1965[0m [36msteps[0m=[35m30208[0m [36mupdate[0m=[35m59[0m [36mvalue_loss[0m=[35m70.3408[0m
[1mppo_update                    [0m [36mentropy[0m=[35m-0.4059[0m [36mpolicy_loss[0m=[35m0.0060[0m [36mreward[0m=[35m-130.2471[0m [36msteps[0m=[35m30720[0m [36mupdate[0m=[35m60[0m [36mvalue_loss[0m=[35m52.2945[0m
[1meval                          [0m [36mbest[0m=[35m-0.2083[0m [36meval_reward[0m=[35m-0.3356[0m [36msteps[0m=[35m30720[0m [36mupdate[0m=[35m60[0m
[1mppo_update                    [0m [36mentropy[0m=[35m-0.3953[0m [36mpolicy_loss[0m=[35m0.0112[0m [36mreward[0m=[35m-127.5816[0m [36msteps[0m=[35m31232[0m [36mupdate[0m=[35m61[0m [36mvalue_loss[0m=[35m56.7546[0m
[1mppo_update                    [0m [36mentropy[0m=[35m-0.4177[0m [36mpolicy_loss[0m=[35m0.0042[0m [36mreward[0m=[35m-131.4819[0m [36msteps[0m=[35m31744[0m [36mupdate[0m=[35m62[0m [36mvalue_loss[0m=[35m66.6386[0m
[1mppo_update                    [0m [36mentropy[0m=[35m-0.4180[0m [36mpolicy_loss[0m=[35m0.0038[0m [36mreward[0m=[35m-115.5857[0m [36msteps[0m=[35m32256[0m [36mupdate[0m=[35m63[0m [36mvalue_loss[0m=[35m44.5055[0m
[1mppo_update                    [0m [36mentropy[0m=[35m-0.4131[0m [36mpolicy_loss[0m=[35m0.0028[0m [36mreward[0m=[35m-131.6888[0m [36msteps[0m=[35m32768[0m [36mupdate[0m=[35m64[0m [36mvalue_loss[0m=[35m39.6621[0m
[1mppo_update                    [0m [36mentropy[0m=[35m-0.4004[0m [36mpolicy_loss[0m=[35m0.0046[0m [36mreward[0m=[35m-79.8272[0m [36msteps[0m=[35m33280[0m [36mupdate[0m=[35m65[0m [36mvalue_loss[0m=[35m38.6281[0m
[1meval                          [0m [36mbest[0m=[35m-0.2083[0m [36meval_reward[0m=[35m-1.2910[0m [36msteps[0m=[35m33280[0m [36mupdate[0m=[35m65[0m
[1mppo_update                    [0m [36mentropy[0m=[35m-0.3759[0m [36mpolicy_loss[0m=[35m0.0059[0m [36mreward[0m=[35m-128.3676[0m [36msteps[0m=[35m33792[0m [36mupdate[0m=[35m66[0m [36mvalue_loss[0m=[35m61.3144[0m
[1mppo_update                    [0m [36mentropy[0m=[35m-0.3632[0m [36mpolicy_loss[0m=[35m0.0045[0m [36mreward[0m=[35m-114.9448[0m [36msteps[0m=[35m34304[0m [36mupdate[0m=[35m67[0m [36mvalue_loss[0m=[35m50.2630[0m
[1mppo_update                    [0m [36mentropy[0m=[35m-0.3718[0m [36mpolicy_loss[0m=[35m-0.0026[0m [36mreward[0m=[35m-125.0735[0m [36msteps[0m=[35m34816[0m [36mupdate[0m=[35m68[0m [36mvalue_loss[0m=[35m70.7931[0m
[1mppo_update                    [0m [36mentropy[0m=[35m-0.3884[0m [36mpolicy_loss[0m=[35m-0.0003[0m [36mreward[0m=[35m-122.6268[0m [36msteps[0m=[35m35328[0m [36mupdate[0m=[35m69[0m [36mvalue_loss[0m=[35m56.7695[0m
[1mppo_update                    [0m [36mentropy[0m=[35m-0.3816[0m [36mpolicy_loss[0m=[35m0.0074[0m [36mreward[0m=[35m-126.1385[0m [36msteps[0m=[35m35840[0m [36mupdate[0m=[35m70[0m [36mvalue_loss[0m=[35m55.5506[0m
[1meval                          [0m [36mbest[0m=[35m-0.2083[0m [36meval_reward[0m=[35m-0.8417[0m [36msteps[0m=[35m35840[0m [36mupdate[0m=[35m70[0m
[1mppo_update                    [0m [36mentropy[0m=[35m-0.3871[0m [36mpolicy_loss[0m=[35m0.0107[0m [36mreward[0m=[35m-112.9639[0m [36msteps[0m=[35m36352[0m [36mupdate[0m=[35m71[0m [36mvalue_loss[0m=[35m39.1968[0m
[1mppo_update                    [0m [36mentropy[0m=[35m-0.3883[0m [36mpolicy_loss[0m=[35m0.0040[0m [36mreward[0m=[35m-100.3665[0m [36msteps[0m=[35m36864[0m [36mupdate[0m=[35m72[0m [36mvalue_loss[0m=[35m70.4062[0m
[1mppo_update                    [0m [36mentropy[0m=[35m-0.4185[0m [36mpolicy_loss[0m=[35m0.0051[0m [36mreward[0m=[35m-151.4658[0m [36msteps[0m=[35m37376[0m [36mupdate[0m=[35m73[0m [36mvalue_loss[0m=[35m70.4020[0m
[1mppo_update                    [0m [36mentropy[0m=[35m-0.4099[0m [36mpolicy_loss[0m=[35m0.0049[0m [36mreward[0m=[35m-143.7777[0m [36msteps[0m=[35m37888[0m [36mupdate[0m=[35m74[0m [36mvalue_loss[0m=[35m50.0765[0m
[1mppo_update                    [0m [36mentropy[0m=[35m-0.3766[0m [36mpolicy_loss[0m=[35m0.0061[0m [36mreward[0m=[35m-114.8779[0m [36msteps[0m=[35m38400[0m [36mupdate[0m=[35m75[0m [36mvalue_loss[0m=[35m67.3678[0m
[1meval                          [0m [36mbest[0m=[35m-0.2083[0m [36meval_reward[0m=[35m-1.0373[0m [36msteps[0m=[35m38400[0m [36mupdate[0m=[35m75[0m
[1mppo_update                    [0m [36mentropy[0m=[35m-0.3965[0m [36mpolicy_loss[0m=[35m0.0060[0m [36mreward[0m=[35m-135.3096[0m [36msteps[0m=[35m38912[0m [36mupdate[0m=[35m76[0m [36mvalue_loss[0m=[35m55.8073[0m
[1mppo_update                    [0m [36mentropy[0m=[35m-0.3910[0m [36mpolicy_loss[0m=[35m0.0036[0m [36mreward[0m=[35m-102.7853[0m [36msteps[0m=[35m39424[0m [36mupdate[0m=[35m77[0m [36mvalue_loss[0m=[35m55.9577[0m
[1mppo_update                    [0m [36mentropy[0m=[35m-0.3933[0m [36mpolicy_loss[0m=[35m0.0078[0m [36mreward[0m=[35m-134.3665[0m [36msteps[0m=[35m39936[0m [36mupdate[0m=[35m78[0m [36mvalue_loss[0m=[35m58.9016[0m
[1mppo_update                    [0m [36mentropy[0m=[35m-0.3968[0m [36mpolicy_loss[0m=[35m-0.0013[0m [36mreward[0m=[35m-98.3169[0m [36msteps[0m=[35m40448[0m [36mupdate[0m=[35m79[0m [36mvalue_loss[0m=[35m54.7547[0m
[1mppo_update                    [0m [36mentropy[0m=[35m-0.3999[0m [36mpolicy_loss[0m=[35m0.0162[0m [36mreward[0m=[35m-105.0618[0m [36msteps[0m=[35m40960[0m [36mupdate[0m=[35m80[0m [36mvalue_loss[0m=[35m57.6915[0m
[1meval                          [0m [36mbest[0m=[35m-0.2083[0m [36meval_reward[0m=[35m-0.7355[0m [36msteps[0m=[35m40960[0m [36mupdate[0m=[35m80[0m
[1mppo_update                    [0m [36mentropy[0m=[35m-0.3857[0m [36mpolicy_loss[0m=[35m-0.0009[0m [36mreward[0m=[35m-98.9967[0m [36msteps[0m=[35m41472[0m [36mupdate[0m=[35m81[0m [36mvalue_loss[0m=[35m55.0563[0m
[1mppo_update                    [0m [36mentropy[0m=[35m-0.4004[0m [36mpolicy_loss[0m=[35m0.0091[0m [36mreward[0m=[35m-87.8995[0m [36msteps[0m=[35m41984[0m [36mupdate[0m=[35m82[0m [36mvalue_loss[0m=[35m61.6397[0m
[1mppo_update                    [0m [36mentropy[0m=[35m-0.4171[0m [36mpolicy_loss[0m=[35m0.0036[0m [36mreward[0m=[35m-125.2821[0m [36msteps[0m=[35m42496[0m [36mupdate[0m=[35m83[0m [36mvalue_loss[0m=[35m71.5744[0m
[1mppo_update                    [0m [36mentropy[0m=[35m-0.4194[0m [36mpolicy_loss[0m=[35m0.0102[0m [36mreward[0m=[35m-127.1302[0m [36msteps[0m=[35m43008[0m [36mupdate[0m=[35m84[0m [36mvalue_loss[0m=[35m51.7518[0m
[1mppo_update                    [0m [36mentropy[0m=[35m-0.3994[0m [36mpolicy_loss[0m=[35m0.0048[0m [36mreward[0m=[35m-146.3401[0m [36msteps[0m=[35m43520[0m [36mupdate[0m=[35m85[0m [36mvalue_loss[0m=[35m75.3027[0m
[1meval                          [0m [36mbest[0m=[35m-0.2083[0m [36meval_reward[0m=[35m-0.4752[0m [36msteps[0m=[35m43520[0m [36mupdate[0m=[35m85[0m
[1mppo_update                    [0m [36mentropy[0m=[35m-0.3867[0m [36mpolicy_loss[0m=[35m0.0028[0m [36mreward[0m=[35m-112.6342[0m [36msteps[0m=[35m44032[0m [36mupdate[0m=[35m86[0m [36mvalue_loss[0m=[35m65.4298[0m
[1mppo_update                    [0m [36mentropy[0m=[35m-0.3493[0m [36mpolicy_loss[0m=[35m0.0041[0m [36mreward[0m=[35m-124.6975[0m [36msteps[0m=[35m44544[0m [36mupdate[0m=[35m87[0m [36mvalue_loss[0m=[35m59.4981[0m
[1mppo_update                    [0m [36mentropy[0m=[35m-0.3127[0m [36mpolicy_loss[0m=[35m0.0015[0m [36mreward[0m=[35m-60.9857[0m [36msteps[0m=[35m45056[0m [36mupdate[0m=[35m88[0m [36mvalue_loss[0m=[35m70.3732[0m
[1mppo_update                    [0m [36mentropy[0m=[35m-0.3257[0m [36mpolicy_loss[0m=[35m0.0054[0m [36mreward[0m=[35m-98.5862[0m [36msteps[0m=[35m45568[0m [36mupdate[0m=[35m89[0m [36mvalue_loss[0m=[35m75.2594[0m
[1mppo_update                    [0m [36mentropy[0m=[35m-0.3095[0m [36mpolicy_loss[0m=[35m0.0085[0m [36mreward[0m=[35m-93.9066[0m [36msteps[0m=[35m46080[0m [36mupdate[0m=[35m90[0m [36mvalue_loss[0m=[35m60.5325[0m
[1meval                          [0m [36mbest[0m=[35m-0.2083[0m [36meval_reward[0m=[35m-1.2868[0m [36msteps[0m=[35m46080[0m [36mupdate[0m=[35m90[0m
[1mppo_update                    [0m [36mentropy[0m=[35m-0.3242[0m [36mpolicy_loss[0m=[35m0.0059[0m [36mreward[0m=[35m-138.4533[0m [36msteps[0m=[35m46592[0m [36mupdate[0m=[35m91[0m [36mvalue_loss[0m=[35m73.0218[0m
[1mppo_update                    [0m [36mentropy[0m=[35m-0.3305[0m [36mpolicy_loss[0m=[35m0.0063[0m [36mreward[0m=[35m-103.5965[0m [36msteps[0m=[35m47104[0m [36mupdate[0m=[35m92[0m [36mvalue_loss[0m=[35m64.0194[0m
[1mppo_update                    [0m [36mentropy[0m=[35m-0.3268[0m [36mpolicy_loss[0m=[35m0.0011[0m [36mreward[0m=[35m-138.0158[0m [36msteps[0m=[35m47616[0m [36mupdate[0m=[35m93[0m [36mvalue_loss[0m=[35m67.4724[0m
[1mppo_update                    [0m [36mentropy[0m=[35m-0.3085[0m [36mpolicy_loss[0m=[35m0.0058[0m [36mreward[0m=[35m-120.6224[0m [36msteps[0m=[35m48128[0m [36mupdate[0m=[35m94[0m [36mvalue_loss[0m=[35m100.3735[0m
[1mppo_update                    [0m [36mentropy[0m=[35m-0.3018[0m [36mpolicy_loss[0m=[35m-0.0021[0m [36mreward[0m=[35m-103.3445[0m [36msteps[0m=[35m48640[0m [36mupdate[0m=[35m95[0m [36mvalue_loss[0m=[35m68.8960[0m
[1meval                          [0m [36mbest[0m=[35m-0.2083[0m [36meval_reward[0m=[35m-0.9967[0m [36msteps[0m=[35m48640[0m [36mupdate[0m=[35m95[0m
[1mppo_update                    [0m [36mentropy[0m=[35m-0.2862[0m [36mpolicy_loss[0m=[35m0.0088[0m [36mreward[0m=[35m-109.9041[0m [36msteps[0m=[35m49152[0m [36mupdate[0m=[35m96[0m [36mvalue_loss[0m=[35m81.9861[0m
[1mppo_update                    [0m [36mentropy[0m=[35m-0.2811[0m [36mpolicy_loss[0m=[35m0.0184[0m [36mreward[0m=[35m-93.4797[0m [36msteps[0m=[35m49664[0m [36mupdate[0m=[35m97[0m [36mvalue_loss[0m=[35m73.7809[0m
[1mppo_update                    [0m [36mentropy[0m=[35m-0.2706[0m [36mpolicy_loss[0m=[35m0.0143[0m [36mreward[0m=[35m-86.2047[0m [36msteps[0m=[35m50176[0m [36mupdate[0m=[35m98[0m [36mvalue_loss[0m=[35m70.5998[0m
[1mppo_update                    [0m [36mentropy[0m=[35m-0.2750[0m [36mpolicy_loss[0m=[35m0.0071[0m [36mreward[0m=[35m-99.7768[0m [36msteps[0m=[35m50688[0m [36mupdate[0m=[35m99[0m [36mvalue_loss[0m=[35m72.5723[0m
[1mppo_update                    [0m [36mentropy[0m=[35m-0.2579[0m [36mpolicy_loss[0m=[35m0.0149[0m [36mreward[0m=[35m-80.3874[0m [36msteps[0m=[35m51200[0m [36mupdate[0m=[35m100[0m [36mvalue_loss[0m=[35m76.0941[0m
[1meval                          [0m [36mbest[0m=[35m-0.2083[0m [36meval_reward[0m=[35m-1.2477[0m [36msteps[0m=[35m51200[0m [36mupdate[0m=[35m100[0m
[1mppo_update                    [0m [36mentropy[0m=[35m-0.2431[0m [36mpolicy_loss[0m=[35m0.0071[0m [36mreward[0m=[35m-79.6370[0m [36msteps[0m=[35m51712[0m [36mupdate[0m=[35m101[0m [36mvalue_loss[0m=[35m84.0092[0m
[1mppo_update                    [0m [36mentropy[0m=[35m-0.2661[0m [36mpolicy_loss[0m=[35m-0.0002[0m [36mreward[0m=[35m-111.1937[0m [36msteps[0m=[35m52224[0m [36mupdate[0m=[35m102[0m [36mvalue_loss[0m=[35m82.5896[0m
[1mppo_update                    [0m [36mentropy[0m=[35m-0.2713[0m [36mpolicy_loss[0m=[35m0.0044[0m [36mreward[0m=[35m-102.4078[0m [36msteps[0m=[35m52736[0m [36mupdate[0m=[35m103[0m [36mvalue_loss[0m=[35m234.2229[0m
[1mppo_update                    [0m [36mentropy[0m=[35m-0.2735[0m [36mpolicy_loss[0m=[35m0.0041[0m [36mreward[0m=[35m-109.6046[0m [36msteps[0m=[35m53248[0m [36mupdate[0m=[35m104[0m [36mvalue_loss[0m=[35m76.7466[0m
[1mppo_update                    [0m [36mentropy[0m=[35m-0.2449[0m [36mpolicy_loss[0m=[35m0.0186[0m [36mreward[0m=[35m-79.9423[0m [36msteps[0m=[35m53760[0m [36mupdate[0m=[35m105[0m [36mvalue_loss[0m=[35m111.0804[0m
[1meval                          [0m [36mbest[0m=[35m-0.2083[0m [36meval_reward[0m=[35m-2.5531[0m [36msteps[0m=[35m53760[0m [36mupdate[0m=[35m105[0m
[1mppo_update                    [0m [36mentropy[0m=[35m-0.2363[0m [36mpolicy_loss[0m=[35m0.0108[0m [36mreward[0m=[35m-102.5859[0m [36msteps[0m=[35m54272[0m [36mupdate[0m=[35m106[0m [36mvalue_loss[0m=[35m98.1462[0m
[1mppo_update                    [0m [36mentropy[0m=[35m-0.2471[0m [36mpolicy_loss[0m=[35m0.0062[0m [36mreward[0m=[35m-101.9520[0m [36msteps[0m=[35m54784[0m [36mupdate[0m=[35m107[0m [36mvalue_loss[0m=[35m88.7153[0m
[1mppo_update                    [0m [36mentropy[0m=[35m-0.2444[0m [36mpolicy_loss[0m=[35m0.0045[0m [36mreward[0m=[35m-76.4575[0m [36msteps[0m=[35m55296[0m [36mupdate[0m=[35m108[0m [36mvalue_loss[0m=[35m96.7256[0m
[1mppo_update                    [0m [36mentropy[0m=[35m-0.2564[0m [36mpolicy_loss[0m=[35m0.0084[0m [36mreward[0m=[35m-81.9718[0m [36msteps[0m=[35m55808[0m [36mupdate[0m=[35m109[0m [36mvalue_loss[0m=[35m114.6533[0m
[1mppo_update                    [0m [36mentropy[0m=[35m-0.2740[0m [36mpolicy_loss[0m=[35m0.0077[0m [36mreward[0m=[35m-129.5811[0m [36msteps[0m=[35m56320[0m [36mupdate[0m=[35m110[0m [36mvalue_loss[0m=[35m96.1922[0m
[1meval                          [0m [36mbest[0m=[35m-0.2083[0m [36meval_reward[0m=[35m-1.8984[0m [36msteps[0m=[35m56320[0m [36mupdate[0m=[35m110[0m
[1mppo_update                    [0m [36mentropy[0m=[35m-0.2941[0m [36mpolicy_loss[0m=[35m0.0007[0m [36mreward[0m=[35m-149.1597[0m [36msteps[0m=[35m56832[0m [36mupdate[0m=[35m111[0m [36mvalue_loss[0m=[35m98.2499[0m
[1mppo_update                    [0m [36mentropy[0m=[35m-0.2922[0m [36mpolicy_loss[0m=[35m0.0066[0m [36mreward[0m=[35m-119.4956[0m [36msteps[0m=[35m57344[0m [36mupdate[0m=[35m112[0m [36mvalue_loss[0m=[35m89.1922[0m
[1mppo_update                    [0m [36mentropy[0m=[35m-0.2931[0m [36mpolicy_loss[0m=[35m0.0116[0m [36mreward[0m=[35m-115.5105[0m [36msteps[0m=[35m57856[0m [36mupdate[0m=[35m113[0m [36mvalue_loss[0m=[35m116.7318[0m
[1mppo_update                    [0m [36mentropy[0m=[35m-0.2891[0m [36mpolicy_loss[0m=[35m0.0055[0m [36mreward[0m=[35m-122.8925[0m [36msteps[0m=[35m58368[0m [36mupdate[0m=[35m114[0m [36mvalue_loss[0m=[35m100.7949[0m
[1mppo_update                    [0m [36mentropy[0m=[35m-0.2743[0m [36mpolicy_loss[0m=[35m0.0090[0m [36mreward[0m=[35m-112.6232[0m [36msteps[0m=[35m58880[0m [36mupdate[0m=[35m115[0m [36mvalue_loss[0m=[35m141.3531[0m
[1meval                          [0m [36mbest[0m=[35m-0.2083[0m [36meval_reward[0m=[35m-2.7238[0m [36msteps[0m=[35m58880[0m [36mupdate[0m=[35m115[0m
[1mppo_update                    [0m [36mentropy[0m=[35m-0.2451[0m [36mpolicy_loss[0m=[35m0.0000[0m [36mreward[0m=[35m-80.7698[0m [36msteps[0m=[35m59392[0m [36mupdate[0m=[35m116[0m [36mvalue_loss[0m=[35m136.0180[0m
[1mppo_update                    [0m [36mentropy[0m=[35m-0.2636[0m [36mpolicy_loss[0m=[35m-0.0006[0m [36mreward[0m=[35m-115.4024[0m [36msteps[0m=[35m59904[0m [36mupdate[0m=[35m117[0m [36mvalue_loss[0m=[35m126.7829[0m
[1mppo_update                    [0m [36mentropy[0m=[35m-0.2772[0m [36mpolicy_loss[0m=[35m0.0131[0m [36mreward[0m=[35m-92.0968[0m [36msteps[0m=[35m60416[0m [36mupdate[0m=[35m118[0m [36mvalue_loss[0m=[35m145.9766[0m
[1mppo_update                    [0m [36mentropy[0m=[35m-0.3052[0m [36mpolicy_loss[0m=[35m0.0083[0m [36mreward[0m=[35m-109.7438[0m [36msteps[0m=[35m60928[0m [36mupdate[0m=[35m119[0m [36mvalue_loss[0m=[35m122.5027[0m
[1mppo_update                    [0m [36mentropy[0m=[35m-0.3105[0m [36mpolicy_loss[0m=[35m0.0114[0m [36mreward[0m=[35m-95.7548[0m [36msteps[0m=[35m61440[0m [36mupdate[0m=[35m120[0m [36mvalue_loss[0m=[35m171.6293[0m
[1meval                          [0m [36mbest[0m=[35m-0.2083[0m [36meval_reward[0m=[35m-0.4926[0m [36msteps[0m=[35m61440[0m [36mupdate[0m=[35m120[0m
[1mppo_update                    [0m [36mentropy[0m=[35m-0.3308[0m [36mpolicy_loss[0m=[35m0.0175[0m [36mreward[0m=[35m-97.6846[0m [36msteps[0m=[35m61952[0m [36mupdate[0m=[35m121[0m [36mvalue_loss[0m=[35m113.3516[0m
[1mppo_update                    [0m [36mentropy[0m=[35m-0.3030[0m [36mpolicy_loss[0m=[35m0.0102[0m [36mreward[0m=[35m-82.2802[0m [36msteps[0m=[35m62464[0m [36mupdate[0m=[35m122[0m [36mvalue_loss[0m=[35m189.0751[0m
[1mppo_update                    [0m [36mentropy[0m=[35m-0.3077[0m [36mpolicy_loss[0m=[35m0.0148[0m [36mreward[0m=[35m-128.0924[0m [36msteps[0m=[35m62976[0m [36mupdate[0m=[35m123[0m [36mvalue_loss[0m=[35m97.8605[0m
[1mppo_update                    [0m [36mentropy[0m=[35m-0.2866[0m [36mpolicy_loss[0m=[35m0.0099[0m [36mreward[0m=[35m-89.0780[0m [36msteps[0m=[35m63488[0m [36mupdate[0m=[35m124[0m [36mvalue_loss[0m=[35m119.7062[0m
[1mppo_update                    [0m [36mentropy[0m=[35m-0.2869[0m [36mpolicy_loss[0m=[35m0.0066[0m [36mreward[0m=[35m-132.0340[0m [36msteps[0m=[35m64000[0m [36mupdate[0m=[35m125[0m [36mvalue_loss[0m=[35m119.1590[0m
[1meval                          [0m [36mbest[0m=[35m-0.2083[0m [36meval_reward[0m=[35m-0.3933[0m [36msteps[0m=[35m64000[0m [36mupdate[0m=[35m125[0m
[1mppo_update                    [0m [36mentropy[0m=[35m-0.2820[0m [36mpolicy_loss[0m=[35m0.0103[0m [36mreward[0m=[35m-114.3240[0m [36msteps[0m=[35m64512[0m [36mupdate[0m=[35m126[0m [36mvalue_loss[0m=[35m144.7209[0m
[1mppo_update                    [0m [36mentropy[0m=[35m-0.2911[0m [36mpolicy_loss[0m=[35m0.0094[0m [36mreward[0m=[35m-156.1533[0m [36msteps[0m=[35m65024[0m [36mupdate[0m=[35m127[0m [36mvalue_loss[0m=[35m140.0249[0m
[1mppo_update                    [0m [36mentropy[0m=[35m-0.2735[0m [36mpolicy_loss[0m=[35m0.0061[0m [36mreward[0m=[35m-85.5265[0m [36msteps[0m=[35m65536[0m [36mupdate[0m=[35m128[0m [36mvalue_loss[0m=[35m102.9853[0m
[1mppo_update                    [0m [36mentropy[0m=[35m-0.2771[0m [36mpolicy_loss[0m=[35m0.0109[0m [36mreward[0m=[35m-96.9657[0m [36msteps[0m=[35m66048[0m [36mupdate[0m=[35m129[0m [36mvalue_loss[0m=[35m157.6616[0m
[1mppo_update                    [0m [36mentropy[0m=[35m-0.2837[0m [36mpolicy_loss[0m=[35m0.0124[0m [36mreward[0m=[35m-105.4118[0m [36msteps[0m=[35m66560[0m [36mupdate[0m=[35m130[0m [36mvalue_loss[0m=[35m114.0474[0m
[1meval                          [0m [36mbest[0m=[35m-0.2083[0m [36meval_reward[0m=[35m-2.1658[0m [36msteps[0m=[35m66560[0m [36mupdate[0m=[35m130[0m
[1mppo_update                    [0m [36mentropy[0m=[35m-0.2638[0m [36mpolicy_loss[0m=[35m0.0136[0m [36mreward[0m=[35m-63.4327[0m [36msteps[0m=[35m67072[0m [36mupdate[0m=[35m131[0m [36mvalue_loss[0m=[35m125.8003[0m
[1mppo_update                    [0m [36mentropy[0m=[35m-0.2819[0m [36mpolicy_loss[0m=[35m0.0145[0m [36mreward[0m=[35m-106.2666[0m [36msteps[0m=[35m67584[0m [36mupdate[0m=[35m132[0m [36mvalue_loss[0m=[35m154.9009[0m
[1mppo_update                    [0m [36mentropy[0m=[35m-0.2862[0m [36mpolicy_loss[0m=[35m0.0160[0m [36mreward[0m=[35m-132.6658[0m [36msteps[0m=[35m68096[0m [36mupdate[0m=[35m133[0m [36mvalue_loss[0m=[35m262.2141[0m
[1mppo_update                    [0m [36mentropy[0m=[35m-0.2756[0m [36mpolicy_loss[0m=[35m0.0089[0m [36mreward[0m=[35m-108.3472[0m [36msteps[0m=[35m68608[0m [36mupdate[0m=[35m134[0m [36mvalue_loss[0m=[35m193.4777[0m
[1mppo_update                    [0m [36mentropy[0m=[35m-0.2896[0m [36mpolicy_loss[0m=[35m0.0060[0m [36mreward[0m=[35m-118.2338[0m [36msteps[0m=[35m69120[0m [36mupdate[0m=[35m135[0m [36mvalue_loss[0m=[35m132.2506[0m
[1meval                          [0m [36mbest[0m=[35m-0.2083[0m [36meval_reward[0m=[35m-2.8818[0m [36msteps[0m=[35m69120[0m [36mupdate[0m=[35m135[0m
[1mppo_update                    [0m [36mentropy[0m=[35m-0.2550[0m [36mpolicy_loss[0m=[35m0.0146[0m [36mreward[0m=[35m-89.0283[0m [36msteps[0m=[35m69632[0m [36mupdate[0m=[35m136[0m [36mvalue_loss[0m=[35m206.4404[0m
[1mppo_update                    [0m [36mentropy[0m=[35m-0.2539[0m [36mpolicy_loss[0m=[35m0.0028[0m [36mreward[0m=[35m-85.1068[0m [36msteps[0m=[35m70144[0m [36mupdate[0m=[35m137[0m [36mvalue_loss[0m=[35m137.5928[0m
[1mppo_update                    [0m [36mentropy[0m=[35m-0.2575[0m [36mpolicy_loss[0m=[35m0.0117[0m [36mreward[0m=[35m-115.1969[0m [36msteps[0m=[35m70656[0m [36mupdate[0m=[35m138[0m [36mvalue_loss[0m=[35m122.1815[0m
[1mppo_update                    [0m [36mentropy[0m=[35m-0.2719[0m [36mpolicy_loss[0m=[35m0.0219[0m [36mreward[0m=[35m-90.3865[0m [36msteps[0m=[35m71168[0m [36mupdate[0m=[35m139[0m [36mvalue_loss[0m=[35m139.1073[0m
[1mppo_update                    [0m [36mentropy[0m=[35m-0.2673[0m [36mpolicy_loss[0m=[35m0.0235[0m [36mreward[0m=[35m-81.4370[0m [36msteps[0m=[35m71680[0m [36mupdate[0m=[35m140[0m [36mvalue_loss[0m=[35m154.4272[0m
[1meval                          [0m [36mbest[0m=[35m-0.2083[0m [36meval_reward[0m=[35m-2.0756[0m [36msteps[0m=[35m71680[0m [36mupdate[0m=[35m140[0m
[1mppo_update                    [0m [36mentropy[0m=[35m-0.2796[0m [36mpolicy_loss[0m=[35m0.0073[0m [36mreward[0m=[35m-116.3068[0m [36msteps[0m=[35m72192[0m [36mupdate[0m=[35m141[0m [36mvalue_loss[0m=[35m98.5096[0m
[1mppo_update                    [0m [36mentropy[0m=[35m-0.2604[0m [36mpolicy_loss[0m=[35m0.0020[0m [36mreward[0m=[35m-105.0669[0m [36msteps[0m=[35m72704[0m [36mupdate[0m=[35m142[0m [36mvalue_loss[0m=[35m234.3333[0m
[1mppo_update                    [0m [36mentropy[0m=[35m-0.2415[0m [36mpolicy_loss[0m=[35m0.0066[0m [36mreward[0m=[35m-101.8943[0m [36msteps[0m=[35m73216[0m [36mupdate[0m=[35m143[0m [36mvalue_loss[0m=[35m118.5853[0m
[1mppo_update                    [0m [36mentropy[0m=[35m-0.2294[0m [36mpolicy_loss[0m=[35m0.0057[0m [36mreward[0m=[35m-98.0914[0m [36msteps[0m=[35m73728[0m [36mupdate[0m=[35m144[0m [36mvalue_loss[0m=[35m254.4641[0m
[1mppo_update                    [0m [36mentropy[0m=[35m-0.2310[0m [36mpolicy_loss[0m=[35m0.0009[0m [36mreward[0m=[35m-174.4071[0m [36msteps[0m=[35m74240[0m [36mupdate[0m=[35m145[0m [36mvalue_loss[0m=[35m278.0916[0m
[1meval                          [0m [36mbest[0m=[35m-0.2083[0m [36meval_reward[0m=[35m-2.5149[0m [36msteps[0m=[35m74240[0m [36mupdate[0m=[35m145[0m
[1mppo_update                    [0m [36mentropy[0m=[35m-0.2170[0m [36mpolicy_loss[0m=[35m0.0151[0m [36mreward[0m=[35m-66.8423[0m [36msteps[0m=[35m74752[0m [36mupdate[0m=[35m146[0m [36mvalue_loss[0m=[35m139.4177[0m
[1mppo_update                    [0m [36mentropy[0m=[35m-0.2187[0m [36mpolicy_loss[0m=[35m0.0237[0m [36mreward[0m=[35m-81.3767[0m [36msteps[0m=[35m75264[0m [36mupdate[0m=[35m147[0m [36mvalue_loss[0m=[35m132.1205[0m
[1mppo_update                    [0m [36mentropy[0m=[35m-0.1980[0m [36mpolicy_loss[0m=[35m0.0047[0m [36mreward[0m=[35m-60.1837[0m [36msteps[0m=[35m75776[0m [36mupdate[0m=[35m148[0m [36mvalue_loss[0m=[35m135.0932[0m
[1mppo_update                    [0m [36mentropy[0m=[35m-0.2053[0m [36mpolicy_loss[0m=[35m0.0138[0m [36mreward[0m=[35m-121.8138[0m [36msteps[0m=[35m76288[0m [36mupdate[0m=[35m149[0m [36mvalue_loss[0m=[35m175.5259[0m
[1mppo_update                    [0m [36mentropy[0m=[35m-0.2049[0m [36mpolicy_loss[0m=[35m0.0074[0m [36mreward[0m=[35m-100.4083[0m [36msteps[0m=[35m76800[0m [36mupdate[0m=[35m150[0m [36mvalue_loss[0m=[35m138.1563[0m
[1meval                          [0m [36mbest[0m=[35m-0.2083[0m [36meval_reward[0m=[35m-0.4364[0m [36msteps[0m=[35m76800[0m [36mupdate[0m=[35m150[0m
[1mppo_update                    [0m [36mentropy[0m=[35m-0.1915[0m [36mpolicy_loss[0m=[35m0.0216[0m [36mreward[0m=[35m-69.0985[0m [36msteps[0m=[35m77312[0m [36mupdate[0m=[35m151[0m [36mvalue_loss[0m=[35m128.9256[0m
[1mppo_update                    [0m [36mentropy[0m=[35m-0.1863[0m [36mpolicy_loss[0m=[35m0.0161[0m [36mreward[0m=[35m-48.7610[0m [36msteps[0m=[35m77824[0m [36mupdate[0m=[35m152[0m [36mvalue_loss[0m=[35m135.6001[0m
[1mppo_update                    [0m [36mentropy[0m=[35m-0.1824[0m [36mpolicy_loss[0m=[35m0.0141[0m [36mreward[0m=[35m-39.3705[0m [36msteps[0m=[35m78336[0m [36mupdate[0m=[35m153[0m [36mvalue_loss[0m=[35m171.7148[0m
[1mppo_update                    [0m [36mentropy[0m=[35m-0.1944[0m [36mpolicy_loss[0m=[35m0.0171[0m [36mreward[0m=[35m-135.4401[0m [36msteps[0m=[35m78848[0m [36mupdate[0m=[35m154[0m [36mvalue_loss[0m=[35m236.7497[0m
[1mppo_update                    [0m [36mentropy[0m=[35m-0.1627[0m [36mpolicy_loss[0m=[35m0.0116[0m [36mreward[0m=[35m-59.4078[0m [36msteps[0m=[35m79360[0m [36mupdate[0m=[35m155[0m [36mvalue_loss[0m=[35m122.7277[0m
[1meval                          [0m [36mbest[0m=[35m-0.2083[0m [36meval_reward[0m=[35m-0.7824[0m [36msteps[0m=[35m79360[0m [36mupdate[0m=[35m155[0m
[1mearly_stopping                [0m [36mbest_eval[0m=[35m-0.2083[0m [36mpatience[0m=[35m20[0m [36mstep[0m=[35m79360[0m

════════════════════════════════════════════════════════════
  Training Early Stopped — 641.6s
════════════════════════════════════════════════════════════
  Total updates:   155
  Mean reward:     -108.9785
  Std reward:      22.5895
  Best eval reward:-0.2083
  Saved to:        checkpoints/v9_conservative_r5/final_agent.pt

  Update     Reward     P.Loss     V.Loss    Entropy
  ──────────────────────────────────────────────────
     512   -94.5569    -0.0013 65703600194161.5547     0.0306
   1,024  -116.8517     0.0030   237.8737     0.0379
   1,536   -99.0838     0.0031   172.4787     0.0209
   2,048   -95.1872     0.0030   113.9716    -0.0017
   2,560   -82.7079     0.0015    46.8953    -0.0276
   3,072  -119.2129     0.0005   107.7803    -0.0275
   3,584  -112.9275     0.0050    82.5257    -0.0198
   4,096  -104.3555     0.0083    99.1313    -0.0216
   4,608   -84.2744     0.0010    54.4408    -0.0393
   5,120   -68.0058     0.0018    39.1174    -0.0394
   5,632   -84.1760     0.0034    55.2022    -0.0302
   6,144  -109.9482     0.0005    61.2841    -0.0415
   6,656  -112.0035     0.0041    69.2650    -0.0533
   7,168  -102.1720     0.0064    63.1532    -0.0587
   7,680  -115.8012     0.0084    61.1376    -0.0623
   8,192  -123.3311     0.0083    74.9323    -0.0744
   8,704  -120.3957     0.0063    75.0139    -0.0817
   9,216  -119.5854    -0.0050   119.6382    -0.0967
   9,728  -127.9066     0.0045    98.9681    -0.1074
  10,240  -117.5147     0.0069    69.9428    -0.1204
  10,752   -99.7521     0.0015    46.4665    -0.1412
  11,264  -136.0566    -0.0044    67.3834    -0.1736
  11,776  -121.9957    -0.0035    63.7914    -0.1897
  12,288  -105.5833     0.0046    55.5732    -0.1912
  12,800  -118.5632     0.0079    53.9650    -0.1998
  13,312   -84.2570     0.0015    33.6081    -0.2282
  13,824  -131.0931     0.0112    47.8186    -0.2418
  14,336   -93.2777    -0.0060    30.7887    -0.2495
  14,848  -116.6187     0.0029    43.5778    -0.2440
  15,360  -123.4420     0.0017    38.3238    -0.2553
  15,872   -96.6768     0.0030    40.5610    -0.2572
  16,384  -141.9841     0.0058    44.8446    -0.2863
  16,896   -92.6411     0.0022    55.7461    -0.3031
  17,408  -112.9549     0.0116    34.7868    -0.3139
  17,920   -93.4820     0.0084    34.5037    -0.3328
  18,432  -125.1248    -0.0002    39.8812    -0.3531
  18,944  -106.6482     0.0006    24.9011    -0.3836
  19,456  -124.4341     0.0069    42.8201    -0.4197
  19,968  -128.0991     0.0097    40.5703    -0.4443
  20,480  -126.2853     0.0054    40.3493    -0.4820
  20,992   -95.5313     0.0045    24.6541    -0.4730
  21,504   -97.2467     0.0107    26.1725    -0.4855
  22,016  -130.3219     0.0017    41.3387    -0.4938
  22,528   -96.6507     0.0073    26.8508    -0.4819
  23,040  -159.0791     0.0038    62.0033    -0.4634
  23,552  -153.6085     0.0063    51.5587    -0.4744
  24,064  -107.9907     0.0088    33.0058    -0.4980
  24,576  -158.3101     0.0035    50.9340    -0.5139
  25,088  -100.2240     0.0055    30.9391    -0.5021
  25,600  -113.0993     0.0099    45.4644    -0.4626
  26,112  -101.9010     0.0082    25.5348    -0.4520
  26,624  -141.4979     0.0129    67.6044    -0.4383
  27,136  -132.6491     0.0083    54.4439    -0.4274
  27,648  -104.8911     0.0117    39.7471    -0.4309
  28,160  -111.6522     0.0026    40.6331    -0.4082
  28,672  -113.8948     0.0066    50.6429    -0.4162
  29,184  -111.2145     0.0065    44.1848    -0.4284
  29,696  -137.7412     0.0065    47.8009    -0.4123
  30,208  -107.1965     0.0089    70.3408    -0.4055
  30,720  -130.2471     0.0060    52.2945    -0.4059
  31,232  -127.5816     0.0112    56.7546    -0.3953
  31,744  -131.4819     0.0042    66.6386    -0.4177
  32,256  -115.5857     0.0038    44.5055    -0.4180
  32,768  -131.6888     0.0028    39.6621    -0.4131
  33,280   -79.8272     0.0046    38.6281    -0.4004
  33,792  -128.3676     0.0059    61.3144    -0.3759
  34,304  -114.9448     0.0045    50.2630    -0.3632
  34,816  -125.0735    -0.0026    70.7931    -0.3718
  35,328  -122.6268    -0.0003    56.7695    -0.3884
  35,840  -126.1385     0.0074    55.5506    -0.3816
  36,352  -112.9639     0.0107    39.1968    -0.3871
  36,864  -100.3665     0.0040    70.4062    -0.3883
  37,376  -151.4658     0.0051    70.4020    -0.4185
  37,888  -143.7777     0.0049    50.0765    -0.4099
  38,400  -114.8779     0.0061    67.3678    -0.3766
  38,912  -135.3096     0.0060    55.8073    -0.3965
  39,424  -102.7853     0.0036    55.9577    -0.3910
  39,936  -134.3665     0.0078    58.9016    -0.3933
  40,448   -98.3169    -0.0013    54.7547    -0.3968
  40,960  -105.0618     0.0162    57.6915    -0.3999
  41,472   -98.9967    -0.0009    55.0563    -0.3857
  41,984   -87.8995     0.0091    61.6397    -0.4004
  42,496  -125.2821     0.0036    71.5744    -0.4171
  43,008  -127.1302     0.0102    51.7518    -0.4194
  43,520  -146.3401     0.0048    75.3027    -0.3994
  44,032  -112.6342     0.0028    65.4298    -0.3867
  44,544  -124.6975     0.0041    59.4981    -0.3493
  45,056   -60.9857     0.0015    70.3732    -0.3127
  45,568   -98.5862     0.0054    75.2594    -0.3257
  46,080   -93.9066     0.0085    60.5325    -0.3095
  46,592  -138.4533     0.0059    73.0218    -0.3242
  47,104  -103.5965     0.0063    64.0194    -0.3305
  47,616  -138.0158     0.0011    67.4724    -0.3268
  48,128  -120.6224     0.0058   100.3735    -0.3085
  48,640  -103.3445    -0.0021    68.8960    -0.3018
  49,152  -109.9041     0.0088    81.9861    -0.2862
  49,664   -93.4797     0.0184    73.7809    -0.2811
  50,176   -86.2047     0.0143    70.5998    -0.2706
  50,688   -99.7768     0.0071    72.5723    -0.2750
  51,200   -80.3874     0.0149    76.0941    -0.2579
  51,712   -79.6370     0.0071    84.0092    -0.2431
  52,224  -111.1937    -0.0002    82.5896    -0.2661
  52,736  -102.4078     0.0044   234.2229    -0.2713
  53,248  -109.6046     0.0041    76.7466    -0.2735
  53,760   -79.9423     0.0186   111.0804    -0.2449
  54,272  -102.5859     0.0108    98.1462    -0.2363
  54,784  -101.9520     0.0062    88.7153    -0.2471
  55,296   -76.4575     0.0045    96.7256    -0.2444
  55,808   -81.9718     0.0084   114.6533    -0.2564
  56,320  -129.5811     0.0077    96.1922    -0.2740
  56,832  -149.1597     0.0007    98.2499    -0.2941
  57,344  -119.4956     0.0066    89.1922    -0.2922
  57,856  -115.5105     0.0116   116.7318    -0.2931
  58,368  -122.8925     0.0055   100.7949    -0.2891
  58,880  -112.6232     0.0090   141.3531    -0.2743
  59,392   -80.7698     0.0000   136.0180    -0.2451
  59,904  -115.4024    -0.0006   126.7829    -0.2636
  60,416   -92.0968     0.0131   145.9766    -0.2772
  60,928  -109.7438     0.0083   122.5027    -0.3052
  61,440   -95.7548     0.0114   171.6293    -0.3105
  61,952   -97.6846     0.0175   113.3516    -0.3308
  62,464   -82.2802     0.0102   189.0751    -0.3030
  62,976  -128.0924     0.0148    97.8605    -0.3077
  63,488   -89.0780     0.0099   119.7062    -0.2866
  64,000  -132.0340     0.0066   119.1590    -0.2869
  64,512  -114.3240     0.0103   144.7209    -0.2820
  65,024  -156.1533     0.0094   140.0249    -0.2911
  65,536   -85.5265     0.0061   102.9853    -0.2735
  66,048   -96.9657     0.0109   157.6616    -0.2771
  66,560  -105.4118     0.0124   114.0474    -0.2837
  67,072   -63.4327     0.0136   125.8003    -0.2638
  67,584  -106.2666     0.0145   154.9009    -0.2819
  68,096  -132.6658     0.0160   262.2141    -0.2862
  68,608  -108.3472     0.0089   193.4777    -0.2756
  69,120  -118.2338     0.0060   132.2506    -0.2896
  69,632   -89.0283     0.0146   206.4404    -0.2550
  70,144   -85.1068     0.0028   137.5928    -0.2539
  70,656  -115.1969     0.0117   122.1815    -0.2575
  71,168   -90.3865     0.0219   139.1073    -0.2719
  71,680   -81.4370     0.0235   154.4272    -0.2673
  72,192  -116.3068     0.0073    98.5096    -0.2796
  72,704  -105.0669     0.0020   234.3333    -0.2604
  73,216  -101.8943     0.0066   118.5853    -0.2415
  73,728   -98.0914     0.0057   254.4641    -0.2294
  74,240  -174.4071     0.0009   278.0916    -0.2310
  74,752   -66.8423     0.0151   139.4177    -0.2170
  75,264   -81.3767     0.0237   132.1205    -0.2187
  75,776   -60.1837     0.0047   135.0932    -0.1980
  76,288  -121.8138     0.0138   175.5259    -0.2053
  76,800  -100.4083     0.0074   138.1563    -0.2049
  77,312   -69.0985     0.0216   128.9256    -0.1915
  77,824   -48.7610     0.0161   135.6001    -0.1863
  78,336   -39.3705     0.0141   171.7148    -0.1824
  78,848  -135.4401     0.0171   236.7497    -0.1944
  79,360   -59.4078     0.0116   122.7277    -0.1627
════════════════════════════════════════════════════════════

