[1mdata_loaded                   [0m [36melapsed[0m=[35m13.58s[0m [36mend[0m=[35m'2026-04-11 15:08:00+00:00'[0m [36mrows[0m=[35m2248669[0m [36mstart[0m=[35m'2022-01-01 00:00:00+00:00'[0m [36msymbol[0m=[35mBTC/USDT[0m [36mtimeframe[0m=[35m1m[0m
[1mdata_loaded                   [0m [36melapsed[0m=[35m0.51s[0m [36mend[0m=[35m'2026-04-11 15:00:00+00:00'[0m [36mrows[0m=[35m37479[0m [36mstart[0m=[35m'2022-01-01 00:00:00+00:00'[0m [36msymbol[0m=[35mBTC/USDT[0m [36mtimeframe[0m=[35m1h[0m
[1mdata_loaded                   [0m [36melapsed[0m=[35m0.12s[0m [36mend[0m=[35m'2026-04-11 12:00:00+00:00'[0m [36mrows[0m=[35m9370[0m [36mstart[0m=[35m'2022-01-01 00:00:00+00:00'[0m [36msymbol[0m=[35mBTC/USDT[0m [36mtimeframe[0m=[35m4h[0m
[1mfunding_rates_loaded          [0m [36mend[0m=[35m'2026-04-16 08:00:00+00:00'[0m [36mrows[0m=[35m4700[0m [36mstart[0m=[35m'2022-01-01 00:00:00.006000+00:00'[0m [36msymbol[0m=[35mBTC/USDT[0m
[1mdata_loaded                   [0m [36melapsed[0m=[35m12.09s[0m [36mend[0m=[35m'2026-04-11 15:08:00+00:00'[0m [36mrows[0m=[35m2248669[0m [36mstart[0m=[35m'2022-01-01 00:00:00+00:00'[0m [36msymbol[0m=[35mETH/USDT[0m [36mtimeframe[0m=[35m1m[0m
[1mdata_loaded                   [0m [36melapsed[0m=[35m0.50s[0m [36mend[0m=[35m'2026-04-11 15:00:00+00:00'[0m [36mrows[0m=[35m37479[0m [36mstart[0m=[35m'2022-01-01 00:00:00+00:00'[0m [36msymbol[0m=[35mETH/USDT[0m [36mtimeframe[0m=[35m1h[0m
[1mdata_loaded                   [0m [36melapsed[0m=[35m0.13s[0m [36mend[0m=[35m'2026-04-11 12:00:00+00:00'[0m [36mrows[0m=[35m9370[0m [36mstart[0m=[35m'2022-01-01 00:00:00+00:00'[0m [36msymbol[0m=[35mETH/USDT[0m [36mtimeframe[0m=[35m4h[0m
[1mfunding_rates_loaded          [0m [36mend[0m=[35m'2026-04-16 08:00:00+00:00'[0m [36mrows[0m=[35m4700[0m [36mstart[0m=[35m'2022-01-01 00:00:00.006000+00:00'[0m [36msymbol[0m=[35mETH/USDT[0m
[1mseed_set                      [0m [36mseed[0m=[35m42[0m
[1mtrain_simulator               [0m [36mcost_profile[0m=[35mconservative[0m [36mdepth_profile_usd[0m=[35m200000.0[0m [36mfill_model[0m=[35mbar_range[0m [36mfunding_enabled[0m=[35mTrue[0m [36minitial_margin_pct[0m=[35m0.01[0m [36mlatency_ms[0m=[35m10.0[0m [36mmaintenance_margin_pct[0m=[35m0.005[0m [36mmaker_fee[0m=[35m0.0004[0m [36mmax_leverage[0m=[35m10.0[0m [36mslippage_bps[0m=[35m15.0[0m [36mtaker_fee[0m=[35m0.001[0m
[1mfeature_dim_detected          [0m [36mcolumns[0m=[35m['x_ret_1', 'x_ret_5', 'x_ema_9_dist', 'x_ema_21_dist', 'x_ema_50_dist'][0m [36mfeatures_per_tf[0m=[35m20[0m
[1mmicrostructure_enabled        [0m [36mdim[0m=[35m1[0m [36msymbols_with_fr[0m=[35m['BTC/USDT', 'ETH/USDT'][0m [36mtotal_symbols[0m=[35m2[0m
[1mepisode_config                [0m [36mmax_episode[0m=[35m2000[0m [36mmin_bars[0m=[35m2248669[0m [36mprimary_tf[0m=[35m1m[0m [36msymbols[0m=[35m['BTC/USDT', 'ETH/USDT'][0m
[1menv_created                   [0m [36maction_space[0m=[35m"Dict('hold_bars': Discrete(3), 'position': Box(-1.0, 1.0, (1,), float32), 'risk_budget': Box(0.01, 0.1, (1,), float32))"[0m [36mobs_dim[0m=[35m71[0m
[1msanity_check_passed           [0m [36minfo_keys[0m=[35m['step', 'symbol', 'cash', 'portfolio_value', 'position_side', 'position_size', 'n_trades', 'total_return', 'sharpe', 'sortino', 'max_dd'][0m [36mreward[0m=[35m0.155258[0m
[1magent_created                 [0m [36md_model[0m=[35m64[0m [36mdevice[0m=[35mcpu[0m [36mn_layers[0m=[35m1[0m [36mparams[0m=[35m63,432[0m

════════════════════════════════════════════════════════════
  PPO Training — 200,000 steps
════════════════════════════════════════════════════════════
  symbols:    BTC/USDT, ETH/USDT
  obs_dim:    71
  lookback:   1
  d_model:    64
  params:     63,432
  patience:   20
  weight_dec: 2e-05
  trade_pen:  0.02
  dd_weight:  2.0  dd_thr:0.02  dd_term:0.3
  cost_prof:  conservative
  ent_coef:   0.03 -> 0.005
  n_steps:    512
  n_epochs:   4
  eval_eps:   30
  batch_size: 64
  max_episode:2000
  seed:       42
════════════════════════════════════════════════════════════

[1mppo_update                    [0m [36mentropy[0m=[35m0.0307[0m [36mpolicy_loss[0m=[35m-0.0014[0m [36mreward[0m=[35m-85.1683[0m [36msteps[0m=[35m512[0m [36mupdate[0m=[35m1[0m [36mvalue_loss[0m=[35m64296100823440.2500[0m
[1mppo_update                    [0m [36mentropy[0m=[35m0.0379[0m [36mpolicy_loss[0m=[35m0.0031[0m [36mreward[0m=[35m-107.0171[0m [36msteps[0m=[35m1024[0m [36mupdate[0m=[35m2[0m [36mvalue_loss[0m=[35m217.4899[0m
[1mppo_update                    [0m [36mentropy[0m=[35m0.0209[0m [36mpolicy_loss[0m=[35m0.0054[0m [36mreward[0m=[35m-82.7061[0m [36msteps[0m=[35m1536[0m [36mupdate[0m=[35m3[0m [36mvalue_loss[0m=[35m136.4308[0m
[1mppo_update                    [0m [36mentropy[0m=[35m-0.0031[0m [36mpolicy_loss[0m=[35m0.0072[0m [36mreward[0m=[35m-95.0217[0m [36msteps[0m=[35m2048[0m [36mupdate[0m=[35m4[0m [36mvalue_loss[0m=[35m139.1529[0m
[1mppo_update                    [0m [36mentropy[0m=[35m-0.0079[0m [36mpolicy_loss[0m=[35m0.0054[0m [36mreward[0m=[35m-102.8946[0m [36msteps[0m=[35m2560[0m [36mupdate[0m=[35m5[0m [36mvalue_loss[0m=[35m100.7264[0m
[1meval                          [0m [36mbest[0m=[35m-inf[0m [36meval_reward[0m=[35m-0.4210[0m [36msteps[0m=[35m2560[0m [36mupdate[0m=[35m5[0m
[1mnew_best_saved                [0m [36meval_reward[0m=[35m-0.4210[0m [36mstep[0m=[35m2560[0m
[1mppo_update                    [0m [36mentropy[0m=[35m-0.0263[0m [36mpolicy_loss[0m=[35m0.0002[0m [36mreward[0m=[35m-111.8645[0m [36msteps[0m=[35m3072[0m [36mupdate[0m=[35m6[0m [36mvalue_loss[0m=[35m100.3486[0m
[1mppo_update                    [0m [36mentropy[0m=[35m-0.0338[0m [36mpolicy_loss[0m=[35m0.0070[0m [36mreward[0m=[35m-122.1238[0m [36msteps[0m=[35m3584[0m [36mupdate[0m=[35m7[0m [36mvalue_loss[0m=[35m145.0869[0m
[1mppo_update                    [0m [36mentropy[0m=[35m-0.0370[0m [36mpolicy_loss[0m=[35m-0.0037[0m [36mreward[0m=[35m-110.0366[0m [36msteps[0m=[35m4096[0m [36mupdate[0m=[35m8[0m [36mvalue_loss[0m=[35m97.0851[0m
[1mppo_update                    [0m [36mentropy[0m=[35m-0.0358[0m [36mpolicy_loss[0m=[35m-0.0020[0m [36mreward[0m=[35m-89.7275[0m [36msteps[0m=[35m4608[0m [36mupdate[0m=[35m9[0m [36mvalue_loss[0m=[35m52.0580[0m
[1mppo_update                    [0m [36mentropy[0m=[35m-0.0442[0m [36mpolicy_loss[0m=[35m0.0049[0m [36mreward[0m=[35m-93.1638[0m [36msteps[0m=[35m5120[0m [36mupdate[0m=[35m10[0m [36mvalue_loss[0m=[35m59.0443[0m
[1meval                          [0m [36mbest[0m=[35m-0.4210[0m [36meval_reward[0m=[35m-0.1839[0m [36msteps[0m=[35m5120[0m [36mupdate[0m=[35m10[0m
[1mnew_best_saved                [0m [36meval_reward[0m=[35m-0.1839[0m [36mstep[0m=[35m5120[0m
[1mppo_update                    [0m [36mentropy[0m=[35m-0.0679[0m [36mpolicy_loss[0m=[35m-0.0037[0m [36mreward[0m=[35m-101.2036[0m [36msteps[0m=[35m5632[0m [36mupdate[0m=[35m11[0m [36mvalue_loss[0m=[35m76.0285[0m
[1mppo_update                    [0m [36mentropy[0m=[35m-0.0821[0m [36mpolicy_loss[0m=[35m-0.0028[0m [36mreward[0m=[35m-117.2225[0m [36msteps[0m=[35m6144[0m [36mupdate[0m=[35m12[0m [36mvalue_loss[0m=[35m77.8768[0m
[1mppo_update                    [0m [36mentropy[0m=[35m-0.1030[0m [36mpolicy_loss[0m=[35m-0.0003[0m [36mreward[0m=[35m-76.8212[0m [36msteps[0m=[35m6656[0m [36mupdate[0m=[35m13[0m [36mvalue_loss[0m=[35m66.5213[0m
[1mppo_update                    [0m [36mentropy[0m=[35m-0.1130[0m [36mpolicy_loss[0m=[35m-0.0029[0m [36mreward[0m=[35m-123.8983[0m [36msteps[0m=[35m7168[0m [36mupdate[0m=[35m14[0m [36mvalue_loss[0m=[35m68.8758[0m
[1mppo_update                    [0m [36mentropy[0m=[35m-0.1268[0m [36mpolicy_loss[0m=[35m0.0006[0m [36mreward[0m=[35m-83.8130[0m [36msteps[0m=[35m7680[0m [36mupdate[0m=[35m15[0m [36mvalue_loss[0m=[35m58.1149[0m
[1meval                          [0m [36mbest[0m=[35m-0.1839[0m [36meval_reward[0m=[35m-0.2073[0m [36msteps[0m=[35m7680[0m [36mupdate[0m=[35m15[0m
[1mppo_update                    [0m [36mentropy[0m=[35m-0.1584[0m [36mpolicy_loss[0m=[35m-0.0017[0m [36mreward[0m=[35m-57.6814[0m [36msteps[0m=[35m8192[0m [36mupdate[0m=[35m16[0m [36mvalue_loss[0m=[35m32.2341[0m
[1mppo_update                    [0m [36mentropy[0m=[35m-0.1664[0m [36mpolicy_loss[0m=[35m0.0038[0m [36mreward[0m=[35m-107.6858[0m [36msteps[0m=[35m8704[0m [36mupdate[0m=[35m17[0m [36mvalue_loss[0m=[35m45.7044[0m
[1mppo_update                    [0m [36mentropy[0m=[35m-0.1551[0m [36mpolicy_loss[0m=[35m0.0065[0m [36mreward[0m=[35m-103.7516[0m [36msteps[0m=[35m9216[0m [36mupdate[0m=[35m18[0m [36mvalue_loss[0m=[35m64.9837[0m
[1mppo_update                    [0m [36mentropy[0m=[35m-0.1810[0m [36mpolicy_loss[0m=[35m-0.0022[0m [36mreward[0m=[35m-102.7682[0m [36msteps[0m=[35m9728[0m [36mupdate[0m=[35m19[0m [36mvalue_loss[0m=[35m37.3226[0m
[1mppo_update                    [0m [36mentropy[0m=[35m-0.1814[0m [36mpolicy_loss[0m=[35m0.0022[0m [36mreward[0m=[35m-88.1068[0m [36msteps[0m=[35m10240[0m [36mupdate[0m=[35m20[0m [36mvalue_loss[0m=[35m24.9550[0m
[1meval                          [0m [36mbest[0m=[35m-0.1839[0m [36meval_reward[0m=[35m-0.3700[0m [36msteps[0m=[35m10240[0m [36mupdate[0m=[35m20[0m
[1mppo_update                    [0m [36mentropy[0m=[35m-0.1866[0m [36mpolicy_loss[0m=[35m0.0054[0m [36mreward[0m=[35m-104.0668[0m [36msteps[0m=[35m10752[0m [36mupdate[0m=[35m21[0m [36mvalue_loss[0m=[35m59.5797[0m
[1mppo_update                    [0m [36mentropy[0m=[35m-0.2087[0m [36mpolicy_loss[0m=[35m0.0003[0m [36mreward[0m=[35m-119.6020[0m [36msteps[0m=[35m11264[0m [36mupdate[0m=[35m22[0m [36mvalue_loss[0m=[35m69.6786[0m
[1mppo_update                    [0m [36mentropy[0m=[35m-0.2207[0m [36mpolicy_loss[0m=[35m0.0079[0m [36mreward[0m=[35m-103.7075[0m [36msteps[0m=[35m11776[0m [36mupdate[0m=[35m23[0m [36mvalue_loss[0m=[35m35.9025[0m
[1mppo_update                    [0m [36mentropy[0m=[35m-0.2210[0m [36mpolicy_loss[0m=[35m0.0063[0m [36mreward[0m=[35m-113.9872[0m [36msteps[0m=[35m12288[0m [36mupdate[0m=[35m24[0m [36mvalue_loss[0m=[35m44.9581[0m
[1mppo_update                    [0m [36mentropy[0m=[35m-0.2417[0m [36mpolicy_loss[0m=[35m0.0090[0m [36mreward[0m=[35m-98.2127[0m [36msteps[0m=[35m12800[0m [36mupdate[0m=[35m25[0m [36mvalue_loss[0m=[35m53.5990[0m
[1meval                          [0m [36mbest[0m=[35m-0.1839[0m [36meval_reward[0m=[35m-0.7356[0m [36msteps[0m=[35m12800[0m [36mupdate[0m=[35m25[0m
[1mppo_update                    [0m [36mentropy[0m=[35m-0.2715[0m [36mpolicy_loss[0m=[35m0.0125[0m [36mreward[0m=[35m-104.3017[0m [36msteps[0m=[35m13312[0m [36mupdate[0m=[35m26[0m [36mvalue_loss[0m=[35m34.5514[0m
[1mppo_update                    [0m [36mentropy[0m=[35m-0.2793[0m [36mpolicy_loss[0m=[35m0.0158[0m [36mreward[0m=[35m-109.3921[0m [36msteps[0m=[35m13824[0m [36mupdate[0m=[35m27[0m [36mvalue_loss[0m=[35m28.8668[0m
[1mppo_update                    [0m [36mentropy[0m=[35m-0.2688[0m [36mpolicy_loss[0m=[35m0.0108[0m [36mreward[0m=[35m-109.2201[0m [36msteps[0m=[35m14336[0m [36mupdate[0m=[35m28[0m [36mvalue_loss[0m=[35m38.2011[0m
[1mppo_update                    [0m [36mentropy[0m=[35m-0.2690[0m [36mpolicy_loss[0m=[35m0.0099[0m [36mreward[0m=[35m-101.2021[0m [36msteps[0m=[35m14848[0m [36mupdate[0m=[35m29[0m [36mvalue_loss[0m=[35m35.5490[0m
[1mppo_update                    [0m [36mentropy[0m=[35m-0.2732[0m [36mpolicy_loss[0m=[35m-0.0048[0m [36mreward[0m=[35m-122.6602[0m [36msteps[0m=[35m15360[0m [36mupdate[0m=[35m30[0m [36mvalue_loss[0m=[35m37.6940[0m
[1meval                          [0m [36mbest[0m=[35m-0.1839[0m [36meval_reward[0m=[35m-0.4233[0m [36msteps[0m=[35m15360[0m [36mupdate[0m=[35m30[0m
[1mppo_update                    [0m [36mentropy[0m=[35m-0.2863[0m [36mpolicy_loss[0m=[35m0.0050[0m [36mreward[0m=[35m-119.5794[0m [36msteps[0m=[35m15872[0m [36mupdate[0m=[35m31[0m [36mvalue_loss[0m=[35m53.2654[0m
[1mppo_update                    [0m [36mentropy[0m=[35m-0.2716[0m [36mpolicy_loss[0m=[35m0.0127[0m [36mreward[0m=[35m-69.9865[0m [36msteps[0m=[35m16384[0m [36mupdate[0m=[35m32[0m [36mvalue_loss[0m=[35m30.2078[0m
[1mppo_update                    [0m [36mentropy[0m=[35m-0.2865[0m [36mpolicy_loss[0m=[35m0.0086[0m [36mreward[0m=[35m-126.1805[0m [36msteps[0m=[35m16896[0m [36mupdate[0m=[35m33[0m [36mvalue_loss[0m=[35m40.0963[0m
[1mppo_update                    [0m [36mentropy[0m=[35m-0.3057[0m [36mpolicy_loss[0m=[35m-0.0034[0m [36mreward[0m=[35m-106.8611[0m [36msteps[0m=[35m17408[0m [36mupdate[0m=[35m34[0m [36mvalue_loss[0m=[35m34.6046[0m
[1mppo_update                    [0m [36mentropy[0m=[35m-0.3054[0m [36mpolicy_loss[0m=[35m0.0014[0m [36mreward[0m=[35m-121.4111[0m [36msteps[0m=[35m17920[0m [36mupdate[0m=[35m35[0m [36mvalue_loss[0m=[35m45.8347[0m
[1meval                          [0m [36mbest[0m=[35m-0.1839[0m [36meval_reward[0m=[35m-0.3038[0m [36msteps[0m=[35m17920[0m [36mupdate[0m=[35m35[0m
[1mppo_update                    [0m [36mentropy[0m=[35m-0.3237[0m [36mpolicy_loss[0m=[35m0.0104[0m [36mreward[0m=[35m-95.9021[0m [36msteps[0m=[35m18432[0m [36mupdate[0m=[35m36[0m [36mvalue_loss[0m=[35m21.3453[0m
[1mppo_update                    [0m [36mentropy[0m=[35m-0.3395[0m [36mpolicy_loss[0m=[35m0.0098[0m [36mreward[0m=[35m-106.4667[0m [36msteps[0m=[35m18944[0m [36mupdate[0m=[35m37[0m [36mvalue_loss[0m=[35m24.1371[0m
[1mppo_update                    [0m [36mentropy[0m=[35m-0.3169[0m [36mpolicy_loss[0m=[35m0.0087[0m [36mreward[0m=[35m-76.7391[0m [36msteps[0m=[35m19456[0m [36mupdate[0m=[35m38[0m [36mvalue_loss[0m=[35m35.7305[0m
[1mppo_update                    [0m [36mentropy[0m=[35m-0.3069[0m [36mpolicy_loss[0m=[35m-0.0024[0m [36mreward[0m=[35m-105.2288[0m [36msteps[0m=[35m19968[0m [36mupdate[0m=[35m39[0m [36mvalue_loss[0m=[35m27.6853[0m
[1mppo_update                    [0m [36mentropy[0m=[35m-0.3086[0m [36mpolicy_loss[0m=[35m0.0059[0m [36mreward[0m=[35m-108.1070[0m [36msteps[0m=[35m20480[0m [36mupdate[0m=[35m40[0m [36mvalue_loss[0m=[35m33.1794[0m
[1meval                          [0m [36mbest[0m=[35m-0.1839[0m [36meval_reward[0m=[35m-0.4993[0m [36msteps[0m=[35m20480[0m [36mupdate[0m=[35m40[0m
[1mppo_update                    [0m [36mentropy[0m=[35m-0.3457[0m [36mpolicy_loss[0m=[35m0.0058[0m [36mreward[0m=[35m-111.2565[0m [36msteps[0m=[35m20992[0m [36mupdate[0m=[35m41[0m [36mvalue_loss[0m=[35m52.0180[0m
[1mppo_update                    [0m [36mentropy[0m=[35m-0.3670[0m [36mpolicy_loss[0m=[35m0.0105[0m [36mreward[0m=[35m-109.4160[0m [36msteps[0m=[35m21504[0m [36mupdate[0m=[35m42[0m [36mvalue_loss[0m=[35m44.0753[0m
[1mppo_update                    [0m [36mentropy[0m=[35m-0.3569[0m [36mpolicy_loss[0m=[35m0.0113[0m [36mreward[0m=[35m-133.3465[0m [36msteps[0m=[35m22016[0m [36mupdate[0m=[35m43[0m [36mvalue_loss[0m=[35m46.2668[0m
[1mppo_update                    [0m [36mentropy[0m=[35m-0.3905[0m [36mpolicy_loss[0m=[35m0.0106[0m [36mreward[0m=[35m-76.6853[0m [36msteps[0m=[35m22528[0m [36mupdate[0m=[35m44[0m [36mvalue_loss[0m=[35m32.1754[0m
[1mppo_update                    [0m [36mentropy[0m=[35m-0.3935[0m [36mpolicy_loss[0m=[35m0.0102[0m [36mreward[0m=[35m-103.4936[0m [36msteps[0m=[35m23040[0m [36mupdate[0m=[35m45[0m [36mvalue_loss[0m=[35m39.2983[0m
[1meval                          [0m [36mbest[0m=[35m-0.1839[0m [36meval_reward[0m=[35m-0.3204[0m [36msteps[0m=[35m23040[0m [36mupdate[0m=[35m45[0m
[1mppo_update                    [0m [36mentropy[0m=[35m-0.3759[0m [36mpolicy_loss[0m=[35m0.0045[0m [36mreward[0m=[35m-114.3038[0m [36msteps[0m=[35m23552[0m [36mupdate[0m=[35m46[0m [36mvalue_loss[0m=[35m48.8045[0m
[1mppo_update                    [0m [36mentropy[0m=[35m-0.3811[0m [36mpolicy_loss[0m=[35m0.0029[0m [36mreward[0m=[35m-73.5593[0m [36msteps[0m=[35m24064[0m [36mupdate[0m=[35m47[0m [36mvalue_loss[0m=[35m40.2061[0m
[1mppo_update                    [0m [36mentropy[0m=[35m-0.3859[0m [36mpolicy_loss[0m=[35m0.0110[0m [36mreward[0m=[35m-119.4826[0m [36msteps[0m=[35m24576[0m [36mupdate[0m=[35m48[0m [36mvalue_loss[0m=[35m39.2674[0m
[1mppo_update                    [0m [36mentropy[0m=[35m-0.3688[0m [36mpolicy_loss[0m=[35m0.0091[0m [36mreward[0m=[35m-67.8033[0m [36msteps[0m=[35m25088[0m [36mupdate[0m=[35m49[0m [36mvalue_loss[0m=[35m38.0790[0m
[1mppo_update                    [0m [36mentropy[0m=[35m-0.3380[0m [36mpolicy_loss[0m=[35m0.0059[0m [36mreward[0m=[35m-88.8260[0m [36msteps[0m=[35m25600[0m [36mupdate[0m=[35m50[0m [36mvalue_loss[0m=[35m29.0926[0m
[1meval                          [0m [36mbest[0m=[35m-0.1839[0m [36meval_reward[0m=[35m-0.2334[0m [36msteps[0m=[35m25600[0m [36mupdate[0m=[35m50[0m
[1mppo_update                    [0m [36mentropy[0m=[35m-0.3272[0m [36mpolicy_loss[0m=[35m0.0005[0m [36mreward[0m=[35m-111.6439[0m [36msteps[0m=[35m26112[0m [36mupdate[0m=[35m51[0m [36mvalue_loss[0m=[35m28.9468[0m
[1mppo_update                    [0m [36mentropy[0m=[35m-0.3188[0m [36mpolicy_loss[0m=[35m0.0044[0m [36mreward[0m=[35m-114.9946[0m [36msteps[0m=[35m26624[0m [36mupdate[0m=[35m52[0m [36mvalue_loss[0m=[35m53.4458[0m
[1mppo_update                    [0m [36mentropy[0m=[35m-0.3281[0m [36mpolicy_loss[0m=[35m0.0004[0m [36mreward[0m=[35m-98.6833[0m [36msteps[0m=[35m27136[0m [36mupdate[0m=[35m53[0m [36mvalue_loss[0m=[35m43.6353[0m
[1mppo_update                    [0m [36mentropy[0m=[35m-0.3242[0m [36mpolicy_loss[0m=[35m0.0102[0m [36mreward[0m=[35m-118.9332[0m [36msteps[0m=[35m27648[0m [36mupdate[0m=[35m54[0m [36mvalue_loss[0m=[35m48.3818[0m
[1mppo_update                    [0m [36mentropy[0m=[35m-0.3068[0m [36mpolicy_loss[0m=[35m0.0008[0m [36mreward[0m=[35m-99.9652[0m [36msteps[0m=[35m28160[0m [36mupdate[0m=[35m55[0m [36mvalue_loss[0m=[35m64.3211[0m
[1meval                          [0m [36mbest[0m=[35m-0.1839[0m [36meval_reward[0m=[35m-0.7533[0m [36msteps[0m=[35m28160[0m [36mupdate[0m=[35m55[0m
[1mppo_update                    [0m [36mentropy[0m=[35m-0.3034[0m [36mpolicy_loss[0m=[35m-0.0001[0m [36mreward[0m=[35m-104.5261[0m [36msteps[0m=[35m28672[0m [36mupdate[0m=[35m56[0m [36mvalue_loss[0m=[35m42.0568[0m
[1mppo_update                    [0m [36mentropy[0m=[35m-0.3392[0m [36mpolicy_loss[0m=[35m-0.0044[0m [36mreward[0m=[35m-97.5621[0m [36msteps[0m=[35m29184[0m [36mupdate[0m=[35m57[0m [36mvalue_loss[0m=[35m40.9171[0m
[1mppo_update                    [0m [36mentropy[0m=[35m-0.3323[0m [36mpolicy_loss[0m=[35m0.0168[0m [36mreward[0m=[35m-148.1239[0m [36msteps[0m=[35m29696[0m [36mupdate[0m=[35m58[0m [36mvalue_loss[0m=[35m56.2837[0m
[1mppo_update                    [0m [36mentropy[0m=[35m-0.3203[0m [36mpolicy_loss[0m=[35m0.0099[0m [36mreward[0m=[35m-134.3260[0m [36msteps[0m=[35m30208[0m [36mupdate[0m=[35m59[0m [36mvalue_loss[0m=[35m45.1689[0m
[1mppo_update                    [0m [36mentropy[0m=[35m-0.3295[0m [36mpolicy_loss[0m=[35m0.0016[0m [36mreward[0m=[35m-114.0580[0m [36msteps[0m=[35m30720[0m [36mupdate[0m=[35m60[0m [36mvalue_loss[0m=[35m42.7992[0m
[1meval                          [0m [36mbest[0m=[35m-0.1839[0m [36meval_reward[0m=[35m-0.3132[0m [36msteps[0m=[35m30720[0m [36mupdate[0m=[35m60[0m
[1mppo_update                    [0m [36mentropy[0m=[35m-0.3426[0m [36mpolicy_loss[0m=[35m0.0026[0m [36mreward[0m=[35m-87.5650[0m [36msteps[0m=[35m31232[0m [36mupdate[0m=[35m61[0m [36mvalue_loss[0m=[35m53.6088[0m
[1mppo_update                    [0m [36mentropy[0m=[35m-0.3506[0m [36mpolicy_loss[0m=[35m0.0111[0m [36mreward[0m=[35m-125.4194[0m [36msteps[0m=[35m31744[0m [36mupdate[0m=[35m62[0m [36mvalue_loss[0m=[35m71.7850[0m
[1mppo_update                    [0m [36mentropy[0m=[35m-0.3384[0m [36mpolicy_loss[0m=[35m-0.0034[0m [36mreward[0m=[35m-95.9566[0m [36msteps[0m=[35m32256[0m [36mupdate[0m=[35m63[0m [36mvalue_loss[0m=[35m48.4590[0m
[1mppo_update                    [0m [36mentropy[0m=[35m-0.3233[0m [36mpolicy_loss[0m=[35m0.0043[0m [36mreward[0m=[35m-101.0668[0m [36msteps[0m=[35m32768[0m [36mupdate[0m=[35m64[0m [36mvalue_loss[0m=[35m67.8778[0m
[1mppo_update                    [0m [36mentropy[0m=[35m-0.3229[0m [36mpolicy_loss[0m=[35m0.0075[0m [36mreward[0m=[35m-106.7733[0m [36msteps[0m=[35m33280[0m [36mupdate[0m=[35m65[0m [36mvalue_loss[0m=[35m40.9850[0m
[1meval                          [0m [36mbest[0m=[35m-0.1839[0m [36meval_reward[0m=[35m-0.1089[0m [36msteps[0m=[35m33280[0m [36mupdate[0m=[35m65[0m
[1mnew_best_saved                [0m [36meval_reward[0m=[35m-0.1089[0m [36mstep[0m=[35m33280[0m
[1mppo_update                    [0m [36mentropy[0m=[35m-0.3163[0m [36mpolicy_loss[0m=[35m0.0056[0m [36mreward[0m=[35m-81.7840[0m [36msteps[0m=[35m33792[0m [36mupdate[0m=[35m66[0m [36mvalue_loss[0m=[35m43.4610[0m
[1mppo_update                    [0m [36mentropy[0m=[35m-0.2911[0m [36mpolicy_loss[0m=[35m0.0081[0m [36mreward[0m=[35m-112.6538[0m [36msteps[0m=[35m34304[0m [36mupdate[0m=[35m67[0m [36mvalue_loss[0m=[35m72.5515[0m
[1mppo_update                    [0m [36mentropy[0m=[35m-0.2718[0m [36mpolicy_loss[0m=[35m0.0083[0m [36mreward[0m=[35m-117.0933[0m [36msteps[0m=[35m34816[0m [36mupdate[0m=[35m68[0m [36mvalue_loss[0m=[35m65.5771[0m
[1mppo_update                    [0m [36mentropy[0m=[35m-0.2459[0m [36mpolicy_loss[0m=[35m0.0193[0m [36mreward[0m=[35m-103.1755[0m [36msteps[0m=[35m35328[0m [36mupdate[0m=[35m69[0m [36mvalue_loss[0m=[35m49.5141[0m
[1mppo_update                    [0m [36mentropy[0m=[35m-0.2420[0m [36mpolicy_loss[0m=[35m0.0090[0m [36mreward[0m=[35m-94.2762[0m [36msteps[0m=[35m35840[0m [36mupdate[0m=[35m70[0m [36mvalue_loss[0m=[35m41.7232[0m
[1meval                          [0m [36mbest[0m=[35m-0.1089[0m [36meval_reward[0m=[35m-0.2437[0m [36msteps[0m=[35m35840[0m [36mupdate[0m=[35m70[0m
[1mppo_update                    [0m [36mentropy[0m=[35m-0.2394[0m [36mpolicy_loss[0m=[35m0.0090[0m [36mreward[0m=[35m-90.9964[0m [36msteps[0m=[35m36352[0m [36mupdate[0m=[35m71[0m [36mvalue_loss[0m=[35m36.3747[0m
[1mppo_update                    [0m [36mentropy[0m=[35m-0.2476[0m [36mpolicy_loss[0m=[35m-0.0005[0m [36mreward[0m=[35m-145.9445[0m [36msteps[0m=[35m36864[0m [36mupdate[0m=[35m72[0m [36mvalue_loss[0m=[35m58.8717[0m
[1mppo_update                    [0m [36mentropy[0m=[35m-0.2393[0m [36mpolicy_loss[0m=[35m0.0061[0m [36mreward[0m=[35m-97.6168[0m [36msteps[0m=[35m37376[0m [36mupdate[0m=[35m73[0m [36mvalue_loss[0m=[35m75.7961[0m
[1mppo_update                    [0m [36mentropy[0m=[35m-0.2188[0m [36mpolicy_loss[0m=[35m0.0054[0m [36mreward[0m=[35m-113.1393[0m [36msteps[0m=[35m37888[0m [36mupdate[0m=[35m74[0m [36mvalue_loss[0m=[35m56.9920[0m
[1mppo_update                    [0m [36mentropy[0m=[35m-0.2080[0m [36mpolicy_loss[0m=[35m0.0042[0m [36mreward[0m=[35m-98.6974[0m [36msteps[0m=[35m38400[0m [36mupdate[0m=[35m75[0m [36mvalue_loss[0m=[35m55.9940[0m
[1meval                          [0m [36mbest[0m=[35m-0.1089[0m [36meval_reward[0m=[35m-0.7656[0m [36msteps[0m=[35m38400[0m [36mupdate[0m=[35m75[0m
[1mppo_update                    [0m [36mentropy[0m=[35m-0.1919[0m [36mpolicy_loss[0m=[35m0.0073[0m [36mreward[0m=[35m-115.0319[0m [36msteps[0m=[35m38912[0m [36mupdate[0m=[35m76[0m [36mvalue_loss[0m=[35m60.7155[0m
[1mppo_update                    [0m [36mentropy[0m=[35m-0.1891[0m [36mpolicy_loss[0m=[35m-0.0005[0m [36mreward[0m=[35m-110.7439[0m [36msteps[0m=[35m39424[0m [36mupdate[0m=[35m77[0m [36mvalue_loss[0m=[35m53.3674[0m
[1mppo_update                    [0m [36mentropy[0m=[35m-0.1917[0m [36mpolicy_loss[0m=[35m0.0066[0m [36mreward[0m=[35m-112.2494[0m [36msteps[0m=[35m39936[0m [36mupdate[0m=[35m78[0m [36mvalue_loss[0m=[35m96.9809[0m
[1mppo_update                    [0m [36mentropy[0m=[35m-0.2035[0m [36mpolicy_loss[0m=[35m-0.0009[0m [36mreward[0m=[35m-129.3426[0m [36msteps[0m=[35m40448[0m [36mupdate[0m=[35m79[0m [36mvalue_loss[0m=[35m60.8197[0m
[1mppo_update                    [0m [36mentropy[0m=[35m-0.1931[0m [36mpolicy_loss[0m=[35m0.0045[0m [36mreward[0m=[35m-106.4800[0m [36msteps[0m=[35m40960[0m [36mupdate[0m=[35m80[0m [36mvalue_loss[0m=[35m50.1426[0m
[1meval                          [0m [36mbest[0m=[35m-0.1089[0m [36meval_reward[0m=[35m-0.7046[0m [36msteps[0m=[35m40960[0m [36mupdate[0m=[35m80[0m
[1mppo_update                    [0m [36mentropy[0m=[35m-0.1981[0m [36mpolicy_loss[0m=[35m0.0038[0m [36mreward[0m=[35m-123.8055[0m [36msteps[0m=[35m41472[0m [36mupdate[0m=[35m81[0m [36mvalue_loss[0m=[35m65.2175[0m
[1mppo_update                    [0m [36mentropy[0m=[35m-0.1879[0m [36mpolicy_loss[0m=[35m0.0051[0m [36mreward[0m=[35m-77.6606[0m [36msteps[0m=[35m41984[0m [36mupdate[0m=[35m82[0m [36mvalue_loss[0m=[35m71.2708[0m
[1mppo_update                    [0m [36mentropy[0m=[35m-0.1980[0m [36mpolicy_loss[0m=[35m0.0074[0m [36mreward[0m=[35m-104.4853[0m [36msteps[0m=[35m42496[0m [36mupdate[0m=[35m83[0m [36mvalue_loss[0m=[35m72.9434[0m
[1mppo_update                    [0m [36mentropy[0m=[35m-0.2174[0m [36mpolicy_loss[0m=[35m0.0015[0m [36mreward[0m=[35m-113.2168[0m [36msteps[0m=[35m43008[0m [36mupdate[0m=[35m84[0m [36mvalue_loss[0m=[35m60.6948[0m
[1mppo_update                    [0m [36mentropy[0m=[35m-0.2382[0m [36mpolicy_loss[0m=[35m0.0019[0m [36mreward[0m=[35m-124.3036[0m [36msteps[0m=[35m43520[0m [36mupdate[0m=[35m85[0m [36mvalue_loss[0m=[35m59.5803[0m
[1meval                          [0m [36mbest[0m=[35m-0.1089[0m [36meval_reward[0m=[35m-1.2477[0m [36msteps[0m=[35m43520[0m [36mupdate[0m=[35m85[0m
[1mppo_update                    [0m [36mentropy[0m=[35m-0.2402[0m [36mpolicy_loss[0m=[35m0.0081[0m [36mreward[0m=[35m-154.5047[0m [36msteps[0m=[35m44032[0m [36mupdate[0m=[35m86[0m [36mvalue_loss[0m=[35m101.5554[0m
[1mppo_update                    [0m [36mentropy[0m=[35m-0.2402[0m [36mpolicy_loss[0m=[35m0.0051[0m [36mreward[0m=[35m-118.5530[0m [36msteps[0m=[35m44544[0m [36mupdate[0m=[35m87[0m [36mvalue_loss[0m=[35m102.9253[0m
[1mppo_update                    [0m [36mentropy[0m=[35m-0.2368[0m [36mpolicy_loss[0m=[35m0.0093[0m [36mreward[0m=[35m-111.1718[0m [36msteps[0m=[35m45056[0m [36mupdate[0m=[35m88[0m [36mvalue_loss[0m=[35m77.2614[0m
[1mppo_update                    [0m [36mentropy[0m=[35m-0.2226[0m [36mpolicy_loss[0m=[35m0.0010[0m [36mreward[0m=[35m-136.7513[0m [36msteps[0m=[35m45568[0m [36mupdate[0m=[35m89[0m [36mvalue_loss[0m=[35m62.1871[0m
[1mppo_update                    [0m [36mentropy[0m=[35m-0.2134[0m [36mpolicy_loss[0m=[35m0.0059[0m [36mreward[0m=[35m-115.7334[0m [36msteps[0m=[35m46080[0m [36mupdate[0m=[35m90[0m [36mvalue_loss[0m=[35m65.9125[0m
[1meval                          [0m [36mbest[0m=[35m-0.1089[0m [36meval_reward[0m=[35m-0.8058[0m [36msteps[0m=[35m46080[0m [36mupdate[0m=[35m90[0m
[1mppo_update                    [0m [36mentropy[0m=[35m-0.1995[0m [36mpolicy_loss[0m=[35m0.0035[0m [36mreward[0m=[35m-101.3293[0m [36msteps[0m=[35m46592[0m [36mupdate[0m=[35m91[0m [36mvalue_loss[0m=[35m61.2231[0m
[1mppo_update                    [0m [36mentropy[0m=[35m-0.1760[0m [36mpolicy_loss[0m=[35m0.0115[0m [36mreward[0m=[35m-102.1671[0m [36msteps[0m=[35m47104[0m [36mupdate[0m=[35m92[0m [36mvalue_loss[0m=[35m151.1933[0m
[1mppo_update                    [0m [36mentropy[0m=[35m-0.1622[0m [36mpolicy_loss[0m=[35m0.0106[0m [36mreward[0m=[35m-80.2925[0m [36msteps[0m=[35m47616[0m [36mupdate[0m=[35m93[0m [36mvalue_loss[0m=[35m85.4217[0m
[1mppo_update                    [0m [36mentropy[0m=[35m-0.1675[0m [36mpolicy_loss[0m=[35m0.0039[0m [36mreward[0m=[35m-88.8483[0m [36msteps[0m=[35m48128[0m [36mupdate[0m=[35m94[0m [36mvalue_loss[0m=[35m53.3926[0m
[1mppo_update                    [0m [36mentropy[0m=[35m-0.1698[0m [36mpolicy_loss[0m=[35m-0.0046[0m [36mreward[0m=[35m-85.7649[0m [36msteps[0m=[35m48640[0m [36mupdate[0m=[35m95[0m [36mvalue_loss[0m=[35m162.3155[0m
[1meval                          [0m [36mbest[0m=[35m-0.1089[0m [36meval_reward[0m=[35m-1.8845[0m [36msteps[0m=[35m48640[0m [36mupdate[0m=[35m95[0m
[1mppo_update                    [0m [36mentropy[0m=[35m-0.1641[0m [36mpolicy_loss[0m=[35m-0.0000[0m [36mreward[0m=[35m-63.0018[0m [36msteps[0m=[35m49152[0m [36mupdate[0m=[35m96[0m [36mvalue_loss[0m=[35m70.8572[0m
[1mppo_update                    [0m [36mentropy[0m=[35m-0.1558[0m [36mpolicy_loss[0m=[35m0.0027[0m [36mreward[0m=[35m-87.1436[0m [36msteps[0m=[35m49664[0m [36mupdate[0m=[35m97[0m [36mvalue_loss[0m=[35m86.0621[0m
[1mppo_update                    [0m [36mentropy[0m=[35m-0.1553[0m [36mpolicy_loss[0m=[35m0.0043[0m [36mreward[0m=[35m-109.4384[0m [36msteps[0m=[35m50176[0m [36mupdate[0m=[35m98[0m [36mvalue_loss[0m=[35m70.6860[0m
[1mppo_update                    [0m [36mentropy[0m=[35m-0.1537[0m [36mpolicy_loss[0m=[35m0.0081[0m [36mreward[0m=[35m-76.5681[0m [36msteps[0m=[35m50688[0m [36mupdate[0m=[35m99[0m [36mvalue_loss[0m=[35m111.5444[0m
[1mppo_update                    [0m [36mentropy[0m=[35m-0.1549[0m [36mpolicy_loss[0m=[35m0.0100[0m [36mreward[0m=[35m-62.5457[0m [36msteps[0m=[35m51200[0m [36mupdate[0m=[35m100[0m [36mvalue_loss[0m=[35m97.0471[0m
[1meval                          [0m [36mbest[0m=[35m-0.1089[0m [36meval_reward[0m=[35m-0.9191[0m [36msteps[0m=[35m51200[0m [36mupdate[0m=[35m100[0m
[1mppo_update                    [0m [36mentropy[0m=[35m-0.1446[0m [36mpolicy_loss[0m=[35m0.0005[0m [36mreward[0m=[35m-91.1827[0m [36msteps[0m=[35m51712[0m [36mupdate[0m=[35m101[0m [36mvalue_loss[0m=[35m120.8303[0m
[1mppo_update                    [0m [36mentropy[0m=[35m-0.1374[0m [36mpolicy_loss[0m=[35m0.0066[0m [36mreward[0m=[35m-43.6816[0m [36msteps[0m=[35m52224[0m [36mupdate[0m=[35m102[0m [36mvalue_loss[0m=[35m61.0905[0m
[1mppo_update                    [0m [36mentropy[0m=[35m-0.1787[0m [36mpolicy_loss[0m=[35m0.0073[0m [36mreward[0m=[35m-110.0549[0m [36msteps[0m=[35m52736[0m [36mupdate[0m=[35m103[0m [36mvalue_loss[0m=[35m105.6635[0m
[1mppo_update                    [0m [36mentropy[0m=[35m-0.1704[0m [36mpolicy_loss[0m=[35m0.0081[0m [36mreward[0m=[35m-73.0293[0m [36msteps[0m=[35m53248[0m [36mupdate[0m=[35m104[0m [36mvalue_loss[0m=[35m82.5296[0m
[1mppo_update                    [0m [36mentropy[0m=[35m-0.1522[0m [36mpolicy_loss[0m=[35m0.0085[0m [36mreward[0m=[35m-101.9582[0m [36msteps[0m=[35m53760[0m [36mupdate[0m=[35m105[0m [36mvalue_loss[0m=[35m88.5255[0m
[1meval                          [0m [36mbest[0m=[35m-0.1089[0m [36meval_reward[0m=[35m-0.2958[0m [36msteps[0m=[35m53760[0m [36mupdate[0m=[35m105[0m
[1mppo_update                    [0m [36mentropy[0m=[35m-0.1428[0m [36mpolicy_loss[0m=[35m0.0012[0m [36mreward[0m=[35m-98.1528[0m [36msteps[0m=[35m54272[0m [36mupdate[0m=[35m106[0m [36mvalue_loss[0m=[35m98.1766[0m
[1mppo_update                    [0m [36mentropy[0m=[35m-0.1256[0m [36mpolicy_loss[0m=[35m0.0098[0m [36mreward[0m=[35m-112.2184[0m [36msteps[0m=[35m54784[0m [36mupdate[0m=[35m107[0m [36mvalue_loss[0m=[35m122.5190[0m
[1mppo_update                    [0m [36mentropy[0m=[35m-0.1040[0m [36mpolicy_loss[0m=[35m0.0059[0m [36mreward[0m=[35m-109.6901[0m [36msteps[0m=[35m55296[0m [36mupdate[0m=[35m108[0m [36mvalue_loss[0m=[35m110.2316[0m
[1mppo_update                    [0m [36mentropy[0m=[35m-0.1005[0m [36mpolicy_loss[0m=[35m0.0055[0m [36mreward[0m=[35m-124.8229[0m [36msteps[0m=[35m55808[0m [36mupdate[0m=[35m109[0m [36mvalue_loss[0m=[35m160.7778[0m
[1mppo_update                    [0m [36mentropy[0m=[35m-0.0995[0m [36mpolicy_loss[0m=[35m0.0015[0m [36mreward[0m=[35m-89.1028[0m [36msteps[0m=[35m56320[0m [36mupdate[0m=[35m110[0m [36mvalue_loss[0m=[35m105.1071[0m
[1meval                          [0m [36mbest[0m=[35m-0.1089[0m [36meval_reward[0m=[35m-0.5918[0m [36msteps[0m=[35m56320[0m [36mupdate[0m=[35m110[0m
[1mppo_update                    [0m [36mentropy[0m=[35m-0.0960[0m [36mpolicy_loss[0m=[35m0.0121[0m [36mreward[0m=[35m-91.5857[0m [36msteps[0m=[35m56832[0m [36mupdate[0m=[35m111[0m [36mvalue_loss[0m=[35m165.9779[0m
[1mppo_update                    [0m [36mentropy[0m=[35m-0.0833[0m [36mpolicy_loss[0m=[35m0.0069[0m [36mreward[0m=[35m-59.8042[0m [36msteps[0m=[35m57344[0m [36mupdate[0m=[35m112[0m [36mvalue_loss[0m=[35m65.4592[0m
[1mppo_update                    [0m [36mentropy[0m=[35m-0.0862[0m [36mpolicy_loss[0m=[35m0.0144[0m [36mreward[0m=[35m-106.2725[0m [36msteps[0m=[35m57856[0m [36mupdate[0m=[35m113[0m [36mvalue_loss[0m=[35m129.4934[0m
[1mppo_update                    [0m [36mentropy[0m=[35m-0.0873[0m [36mpolicy_loss[0m=[35m0.0007[0m [36mreward[0m=[35m-93.7611[0m [36msteps[0m=[35m58368[0m [36mupdate[0m=[35m114[0m [36mvalue_loss[0m=[35m77.4343[0m
[1mppo_update                    [0m [36mentropy[0m=[35m-0.0989[0m [36mpolicy_loss[0m=[35m0.0163[0m [36mreward[0m=[35m-127.6085[0m [36msteps[0m=[35m58880[0m [36mupdate[0m=[35m115[0m [36mvalue_loss[0m=[35m95.3955[0m
[1meval                          [0m [36mbest[0m=[35m-0.1089[0m [36meval_reward[0m=[35m-1.3470[0m [36msteps[0m=[35m58880[0m [36mupdate[0m=[35m115[0m
[1mppo_update                    [0m [36mentropy[0m=[35m-0.0877[0m [36mpolicy_loss[0m=[35m0.0008[0m [36mreward[0m=[35m-124.5001[0m [36msteps[0m=[35m59392[0m [36mupdate[0m=[35m116[0m [36mvalue_loss[0m=[35m120.5907[0m
[1mppo_update                    [0m [36mentropy[0m=[35m-0.0769[0m [36mpolicy_loss[0m=[35m0.0063[0m [36mreward[0m=[35m-107.0529[0m [36msteps[0m=[35m59904[0m [36mupdate[0m=[35m117[0m [36mvalue_loss[0m=[35m90.3886[0m
[1mppo_update                    [0m [36mentropy[0m=[35m-0.0576[0m [36mpolicy_loss[0m=[35m0.0043[0m [36mreward[0m=[35m-80.5048[0m [36msteps[0m=[35m60416[0m [36mupdate[0m=[35m118[0m [36mvalue_loss[0m=[35m92.7932[0m
[1mppo_update                    [0m [36mentropy[0m=[35m-0.0715[0m [36mpolicy_loss[0m=[35m0.0057[0m [36mreward[0m=[35m-103.3938[0m [36msteps[0m=[35m60928[0m [36mupdate[0m=[35m119[0m [36mvalue_loss[0m=[35m98.9573[0m
[1mppo_update                    [0m [36mentropy[0m=[35m-0.0776[0m [36mpolicy_loss[0m=[35m0.0039[0m [36mreward[0m=[35m-104.2841[0m [36msteps[0m=[35m61440[0m [36mupdate[0m=[35m120[0m [36mvalue_loss[0m=[35m98.2017[0m
[1meval                          [0m [36mbest[0m=[35m-0.1089[0m [36meval_reward[0m=[35m-0.8118[0m [36msteps[0m=[35m61440[0m [36mupdate[0m=[35m120[0m
[1mppo_update                    [0m [36mentropy[0m=[35m-0.0783[0m [36mpolicy_loss[0m=[35m0.0065[0m [36mreward[0m=[35m-67.4114[0m [36msteps[0m=[35m61952[0m [36mupdate[0m=[35m121[0m [36mvalue_loss[0m=[35m123.2204[0m
[1mppo_update                    [0m [36mentropy[0m=[35m-0.1015[0m [36mpolicy_loss[0m=[35m0.0036[0m [36mreward[0m=[35m-133.0243[0m [36msteps[0m=[35m62464[0m [36mupdate[0m=[35m122[0m [36mvalue_loss[0m=[35m114.2041[0m
[1mppo_update                    [0m [36mentropy[0m=[35m-0.1130[0m [36mpolicy_loss[0m=[35m-0.0005[0m [36mreward[0m=[35m-96.4545[0m [36msteps[0m=[35m62976[0m [36mupdate[0m=[35m123[0m [36mvalue_loss[0m=[35m77.9961[0m
[1mppo_update                    [0m [36mentropy[0m=[35m-0.1243[0m [36mpolicy_loss[0m=[35m0.0022[0m [36mreward[0m=[35m-86.6479[0m [36msteps[0m=[35m63488[0m [36mupdate[0m=[35m124[0m [36mvalue_loss[0m=[35m96.2907[0m
[1mppo_update                    [0m [36mentropy[0m=[35m-0.1261[0m [36mpolicy_loss[0m=[35m-0.0041[0m [36mreward[0m=[35m-94.8638[0m [36msteps[0m=[35m64000[0m [36mupdate[0m=[35m125[0m [36mvalue_loss[0m=[35m143.7486[0m
[1meval                          [0m [36mbest[0m=[35m-0.1089[0m [36meval_reward[0m=[35m-0.3782[0m [36msteps[0m=[35m64000[0m [36mupdate[0m=[35m125[0m
[1mppo_update                    [0m [36mentropy[0m=[35m-0.1187[0m [36mpolicy_loss[0m=[35m0.0004[0m [36mreward[0m=[35m-86.0095[0m [36msteps[0m=[35m64512[0m [36mupdate[0m=[35m126[0m [36mvalue_loss[0m=[35m90.7385[0m
[1mppo_update                    [0m [36mentropy[0m=[35m-0.1030[0m [36mpolicy_loss[0m=[35m0.0040[0m [36mreward[0m=[35m-107.0869[0m [36msteps[0m=[35m65024[0m [36mupdate[0m=[35m127[0m [36mvalue_loss[0m=[35m193.8137[0m
[1mppo_update                    [0m [36mentropy[0m=[35m-0.1017[0m [36mpolicy_loss[0m=[35m0.0055[0m [36mreward[0m=[35m-102.2629[0m [36msteps[0m=[35m65536[0m [36mupdate[0m=[35m128[0m [36mvalue_loss[0m=[35m186.4364[0m
[1mppo_update                    [0m [36mentropy[0m=[35m-0.0891[0m [36mpolicy_loss[0m=[35m0.0074[0m [36mreward[0m=[35m-61.5652[0m [36msteps[0m=[35m66048[0m [36mupdate[0m=[35m129[0m [36mvalue_loss[0m=[35m121.7091[0m
[1mppo_update                    [0m [36mentropy[0m=[35m-0.0833[0m [36mpolicy_loss[0m=[35m0.0081[0m [36mreward[0m=[35m-80.7075[0m [36msteps[0m=[35m66560[0m [36mupdate[0m=[35m130[0m [36mvalue_loss[0m=[35m83.8659[0m
[1meval                          [0m [36mbest[0m=[35m-0.1089[0m [36meval_reward[0m=[35m-2.0462[0m [36msteps[0m=[35m66560[0m [36mupdate[0m=[35m130[0m
[1mppo_update                    [0m [36mentropy[0m=[35m-0.0773[0m [36mpolicy_loss[0m=[35m0.0047[0m [36mreward[0m=[35m-68.6580[0m [36msteps[0m=[35m67072[0m [36mupdate[0m=[35m131[0m [36mvalue_loss[0m=[35m85.6680[0m
[1mppo_update                    [0m [36mentropy[0m=[35m-0.0904[0m [36mpolicy_loss[0m=[35m0.0051[0m [36mreward[0m=[35m-101.7828[0m [36msteps[0m=[35m67584[0m [36mupdate[0m=[35m132[0m [36mvalue_loss[0m=[35m113.4326[0m
[1mppo_update                    [0m [36mentropy[0m=[35m-0.1027[0m [36mpolicy_loss[0m=[35m0.0052[0m [36mreward[0m=[35m-129.9809[0m [36msteps[0m=[35m68096[0m [36mupdate[0m=[35m133[0m [36mvalue_loss[0m=[35m107.3542[0m
[1mppo_update                    [0m [36mentropy[0m=[35m-0.0852[0m [36mpolicy_loss[0m=[35m0.0083[0m [36mreward[0m=[35m-76.2882[0m [36msteps[0m=[35m68608[0m [36mupdate[0m=[35m134[0m [36mvalue_loss[0m=[35m93.0420[0m
[1mppo_update                    [0m [36mentropy[0m=[35m-0.1026[0m [36mpolicy_loss[0m=[35m0.0092[0m [36mreward[0m=[35m-96.2049[0m [36msteps[0m=[35m69120[0m [36mupdate[0m=[35m135[0m [36mvalue_loss[0m=[35m91.2352[0m
[1meval                          [0m [36mbest[0m=[35m-0.1089[0m [36meval_reward[0m=[35m-1.6021[0m [36msteps[0m=[35m69120[0m [36mupdate[0m=[35m135[0m
[1mppo_update                    [0m [36mentropy[0m=[35m-0.0782[0m [36mpolicy_loss[0m=[35m-0.0004[0m [36mreward[0m=[35m-83.1673[0m [36msteps[0m=[35m69632[0m [36mupdate[0m=[35m136[0m [36mvalue_loss[0m=[35m84.5098[0m
[1mppo_update                    [0m [36mentropy[0m=[35m-0.0477[0m [36mpolicy_loss[0m=[35m0.0054[0m [36mreward[0m=[35m-54.4709[0m [36msteps[0m=[35m70144[0m [36mupdate[0m=[35m137[0m [36mvalue_loss[0m=[35m100.1806[0m
[1mppo_update                    [0m [36mentropy[0m=[35m-0.0488[0m [36mpolicy_loss[0m=[35m0.0055[0m [36mreward[0m=[35m-55.2823[0m [36msteps[0m=[35m70656[0m [36mupdate[0m=[35m138[0m [36mvalue_loss[0m=[35m104.3865[0m
[1mppo_update                    [0m [36mentropy[0m=[35m-0.0468[0m [36mpolicy_loss[0m=[35m0.0087[0m [36mreward[0m=[35m-99.1935[0m [36msteps[0m=[35m71168[0m [36mupdate[0m=[35m139[0m [36mvalue_loss[0m=[35m199.4423[0m
[1mppo_update                    [0m [36mentropy[0m=[35m-0.0524[0m [36mpolicy_loss[0m=[35m0.0063[0m [36mreward[0m=[35m-81.2351[0m [36msteps[0m=[35m71680[0m [36mupdate[0m=[35m140[0m [36mvalue_loss[0m=[35m137.2733[0m
[1meval                          [0m [36mbest[0m=[35m-0.1089[0m [36meval_reward[0m=[35m-2.2905[0m [36msteps[0m=[35m71680[0m [36mupdate[0m=[35m140[0m
[1mppo_update                    [0m [36mentropy[0m=[35m-0.0390[0m [36mpolicy_loss[0m=[35m0.0034[0m [36mreward[0m=[35m-51.3578[0m [36msteps[0m=[35m72192[0m [36mupdate[0m=[35m141[0m [36mvalue_loss[0m=[35m97.1120[0m
[1mppo_update                    [0m [36mentropy[0m=[35m-0.0569[0m [36mpolicy_loss[0m=[35m0.0029[0m [36mreward[0m=[35m-113.6433[0m [36msteps[0m=[35m72704[0m [36mupdate[0m=[35m142[0m [36mvalue_loss[0m=[35m109.2696[0m
[1mppo_update                    [0m [36mentropy[0m=[35m-0.0484[0m [36mpolicy_loss[0m=[35m0.0090[0m [36mreward[0m=[35m-103.2342[0m [36msteps[0m=[35m73216[0m [36mupdate[0m=[35m143[0m [36mvalue_loss[0m=[35m99.0370[0m
[1mppo_update                    [0m [36mentropy[0m=[35m-0.0474[0m [36mpolicy_loss[0m=[35m0.0036[0m [36mreward[0m=[35m-65.8543[0m [36msteps[0m=[35m73728[0m [36mupdate[0m=[35m144[0m [36mvalue_loss[0m=[35m121.0712[0m
[1mppo_update                    [0m [36mentropy[0m=[35m-0.0800[0m [36mpolicy_loss[0m=[35m0.0039[0m [36mreward[0m=[35m-84.6255[0m [36msteps[0m=[35m74240[0m [36mupdate[0m=[35m145[0m [36mvalue_loss[0m=[35m94.1321[0m
[1meval                          [0m [36mbest[0m=[35m-0.1089[0m [36meval_reward[0m=[35m-1.9608[0m [36msteps[0m=[35m74240[0m [36mupdate[0m=[35m145[0m
[1mppo_update                    [0m [36mentropy[0m=[35m-0.0927[0m [36mpolicy_loss[0m=[35m0.0143[0m [36mreward[0m=[35m-67.6457[0m [36msteps[0m=[35m74752[0m [36mupdate[0m=[35m146[0m [36mvalue_loss[0m=[35m113.2334[0m
[1mppo_update                    [0m [36mentropy[0m=[35m-0.0963[0m [36mpolicy_loss[0m=[35m0.0065[0m [36mreward[0m=[35m-96.7653[0m [36msteps[0m=[35m75264[0m [36mupdate[0m=[35m147[0m [36mvalue_loss[0m=[35m168.5109[0m
[1mppo_update                    [0m [36mentropy[0m=[35m-0.1022[0m [36mpolicy_loss[0m=[35m0.0100[0m [36mreward[0m=[35m-87.4637[0m [36msteps[0m=[35m75776[0m [36mupdate[0m=[35m148[0m [36mvalue_loss[0m=[35m114.6217[0m
[1mppo_update                    [0m [36mentropy[0m=[35m-0.1015[0m [36mpolicy_loss[0m=[35m0.0062[0m [36mreward[0m=[35m-88.4902[0m [36msteps[0m=[35m76288[0m [36mupdate[0m=[35m149[0m [36mvalue_loss[0m=[35m107.4201[0m
[1mppo_update                    [0m [36mentropy[0m=[35m-0.1132[0m [36mpolicy_loss[0m=[35m0.0031[0m [36mreward[0m=[35m-107.1546[0m [36msteps[0m=[35m76800[0m [36mupdate[0m=[35m150[0m [36mvalue_loss[0m=[35m107.2943[0m
[1meval                          [0m [36mbest[0m=[35m-0.1089[0m [36meval_reward[0m=[35m-1.8554[0m [36msteps[0m=[35m76800[0m [36mupdate[0m=[35m150[0m
[1mppo_update                    [0m [36mentropy[0m=[35m-0.1400[0m [36mpolicy_loss[0m=[35m0.0113[0m [36mreward[0m=[35m-113.3557[0m [36msteps[0m=[35m77312[0m [36mupdate[0m=[35m151[0m [36mvalue_loss[0m=[35m99.8137[0m
[1mppo_update                    [0m [36mentropy[0m=[35m-0.1531[0m [36mpolicy_loss[0m=[35m0.0085[0m [36mreward[0m=[35m-113.8593[0m [36msteps[0m=[35m77824[0m [36mupdate[0m=[35m152[0m [36mvalue_loss[0m=[35m135.5342[0m
[1mppo_update                    [0m [36mentropy[0m=[35m-0.1801[0m [36mpolicy_loss[0m=[35m0.0086[0m [36mreward[0m=[35m-143.2247[0m [36msteps[0m=[35m78336[0m [36mupdate[0m=[35m153[0m [36mvalue_loss[0m=[35m158.4039[0m
[1mppo_update                    [0m [36mentropy[0m=[35m-0.2034[0m [36mpolicy_loss[0m=[35m0.0046[0m [36mreward[0m=[35m-130.0885[0m [36msteps[0m=[35m78848[0m [36mupdate[0m=[35m154[0m [36mvalue_loss[0m=[35m144.4475[0m
[1mppo_update                    [0m [36mentropy[0m=[35m-0.2190[0m [36mpolicy_loss[0m=[35m0.0091[0m [36mreward[0m=[35m-72.6274[0m [36msteps[0m=[35m79360[0m [36mupdate[0m=[35m155[0m [36mvalue_loss[0m=[35m95.8180[0m
[1meval                          [0m [36mbest[0m=[35m-0.1089[0m [36meval_reward[0m=[35m-1.1358[0m [36msteps[0m=[35m79360[0m [36mupdate[0m=[35m155[0m
[1mppo_update                    [0m [36mentropy[0m=[35m-0.2268[0m [36mpolicy_loss[0m=[35m0.0034[0m [36mreward[0m=[35m-87.3724[0m [36msteps[0m=[35m79872[0m [36mupdate[0m=[35m156[0m [36mvalue_loss[0m=[35m92.9178[0m
[1mppo_update                    [0m [36mentropy[0m=[35m-0.2379[0m [36mpolicy_loss[0m=[35m0.0052[0m [36mreward[0m=[35m-132.7727[0m [36msteps[0m=[35m80384[0m [36mupdate[0m=[35m157[0m [36mvalue_loss[0m=[35m162.8881[0m
[1mppo_update                    [0m [36mentropy[0m=[35m-0.2499[0m [36mpolicy_loss[0m=[35m0.0095[0m [36mreward[0m=[35m-114.6940[0m [36msteps[0m=[35m80896[0m [36mupdate[0m=[35m158[0m [36mvalue_loss[0m=[35m111.4683[0m
[1mppo_update                    [0m [36mentropy[0m=[35m-0.2261[0m [36mpolicy_loss[0m=[35m0.0009[0m [36mreward[0m=[35m-55.1464[0m [36msteps[0m=[35m81408[0m [36mupdate[0m=[35m159[0m [36mvalue_loss[0m=[35m116.6273[0m
[1mppo_update                    [0m [36mentropy[0m=[35m-0.2397[0m [36mpolicy_loss[0m=[35m0.0072[0m [36mreward[0m=[35m-96.9584[0m [36msteps[0m=[35m81920[0m [36mupdate[0m=[35m160[0m [36mvalue_loss[0m=[35m120.3216[0m
[1meval                          [0m [36mbest[0m=[35m-0.1089[0m [36meval_reward[0m=[35m-0.7061[0m [36msteps[0m=[35m81920[0m [36mupdate[0m=[35m160[0m
[1mppo_update                    [0m [36mentropy[0m=[35m-0.2199[0m [36mpolicy_loss[0m=[35m0.0023[0m [36mreward[0m=[35m-50.7731[0m [36msteps[0m=[35m82432[0m [36mupdate[0m=[35m161[0m [36mvalue_loss[0m=[35m109.5756[0m
[1mppo_update                    [0m [36mentropy[0m=[35m-0.2208[0m [36mpolicy_loss[0m=[35m0.0033[0m [36mreward[0m=[35m-128.0814[0m [36msteps[0m=[35m82944[0m [36mupdate[0m=[35m162[0m [36mvalue_loss[0m=[35m110.9820[0m
[1mppo_update                    [0m [36mentropy[0m=[35m-0.1689[0m [36mpolicy_loss[0m=[35m0.0052[0m [36mreward[0m=[35m-64.4287[0m [36msteps[0m=[35m83456[0m [36mupdate[0m=[35m163[0m [36mvalue_loss[0m=[35m103.4914[0m
[1mppo_update                    [0m [36mentropy[0m=[35m-0.1566[0m [36mpolicy_loss[0m=[35m0.0048[0m [36mreward[0m=[35m-89.0628[0m [36msteps[0m=[35m83968[0m [36mupdate[0m=[35m164[0m [36mvalue_loss[0m=[35m112.7675[0m
[1mppo_update                    [0m [36mentropy[0m=[35m-0.1522[0m [36mpolicy_loss[0m=[35m0.0129[0m [36mreward[0m=[35m-119.2197[0m [36msteps[0m=[35m84480[0m [36mupdate[0m=[35m165[0m [36mvalue_loss[0m=[35m133.5478[0m
[1meval                          [0m [36mbest[0m=[35m-0.1089[0m [36meval_reward[0m=[35m-0.7431[0m [36msteps[0m=[35m84480[0m [36mupdate[0m=[35m165[0m
[1mearly_stopping                [0m [36mbest_eval[0m=[35m-0.1089[0m [36mpatience[0m=[35m20[0m [36mstep[0m=[35m84480[0m

════════════════════════════════════════════════════════════
  Training Early Stopped — 628.9s
════════════════════════════════════════════════════════════
  Total updates:   165
  Mean reward:     -100.0159
  Std reward:      21.0408
  Best eval reward:-0.1089
  Saved to:        checkpoints/v9_conservative_r4/final_agent.pt

  Update     Reward     P.Loss     V.Loss    Entropy
  ──────────────────────────────────────────────────
     512   -85.1683    -0.0014 64296100823440.2500     0.0307
   1,024  -107.0171     0.0031   217.4899     0.0379
   1,536   -82.7061     0.0054   136.4308     0.0209
   2,048   -95.0217     0.0072   139.1529    -0.0031
   2,560  -102.8946     0.0054   100.7264    -0.0079
   3,072  -111.8645     0.0002   100.3486    -0.0263
   3,584  -122.1238     0.0070   145.0869    -0.0338
   4,096  -110.0366    -0.0037    97.0851    -0.0370
   4,608   -89.7275    -0.0020    52.0580    -0.0358
   5,120   -93.1638     0.0049    59.0443    -0.0442
   5,632  -101.2036    -0.0037    76.0285    -0.0679
   6,144  -117.2225    -0.0028    77.8768    -0.0821
   6,656   -76.8212    -0.0003    66.5213    -0.1030
   7,168  -123.8983    -0.0029    68.8758    -0.1130
   7,680   -83.8130     0.0006    58.1149    -0.1268
   8,192   -57.6814    -0.0017    32.2341    -0.1584
   8,704  -107.6858     0.0038    45.7044    -0.1664
   9,216  -103.7516     0.0065    64.9837    -0.1551
   9,728  -102.7682    -0.0022    37.3226    -0.1810
  10,240   -88.1068     0.0022    24.9550    -0.1814
  10,752  -104.0668     0.0054    59.5797    -0.1866
  11,264  -119.6020     0.0003    69.6786    -0.2087
  11,776  -103.7075     0.0079    35.9025    -0.2207
  12,288  -113.9872     0.0063    44.9581    -0.2210
  12,800   -98.2127     0.0090    53.5990    -0.2417
  13,312  -104.3017     0.0125    34.5514    -0.2715
  13,824  -109.3921     0.0158    28.8668    -0.2793
  14,336  -109.2201     0.0108    38.2011    -0.2688
  14,848  -101.2021     0.0099    35.5490    -0.2690
  15,360  -122.6602    -0.0048    37.6940    -0.2732
  15,872  -119.5794     0.0050    53.2654    -0.2863
  16,384   -69.9865     0.0127    30.2078    -0.2716
  16,896  -126.1805     0.0086    40.0963    -0.2865
  17,408  -106.8611    -0.0034    34.6046    -0.3057
  17,920  -121.4111     0.0014    45.8347    -0.3054
  18,432   -95.9021     0.0104    21.3453    -0.3237
  18,944  -106.4667     0.0098    24.1371    -0.3395
  19,456   -76.7391     0.0087    35.7305    -0.3169
  19,968  -105.2288    -0.0024    27.6853    -0.3069
  20,480  -108.1070     0.0059    33.1794    -0.3086
  20,992  -111.2565     0.0058    52.0180    -0.3457
  21,504  -109.4160     0.0105    44.0753    -0.3670
  22,016  -133.3465     0.0113    46.2668    -0.3569
  22,528   -76.6853     0.0106    32.1754    -0.3905
  23,040  -103.4936     0.0102    39.2983    -0.3935
  23,552  -114.3038     0.0045    48.8045    -0.3759
  24,064   -73.5593     0.0029    40.2061    -0.3811
  24,576  -119.4826     0.0110    39.2674    -0.3859
  25,088   -67.8033     0.0091    38.0790    -0.3688
  25,600   -88.8260     0.0059    29.0926    -0.3380
  26,112  -111.6439     0.0005    28.9468    -0.3272
  26,624  -114.9946     0.0044    53.4458    -0.3188
  27,136   -98.6833     0.0004    43.6353    -0.3281
  27,648  -118.9332     0.0102    48.3818    -0.3242
  28,160   -99.9652     0.0008    64.3211    -0.3068
  28,672  -104.5261    -0.0001    42.0568    -0.3034
  29,184   -97.5621    -0.0044    40.9171    -0.3392
  29,696  -148.1239     0.0168    56.2837    -0.3323
  30,208  -134.3260     0.0099    45.1689    -0.3203
  30,720  -114.0580     0.0016    42.7992    -0.3295
  31,232   -87.5650     0.0026    53.6088    -0.3426
  31,744  -125.4194     0.0111    71.7850    -0.3506
  32,256   -95.9566    -0.0034    48.4590    -0.3384
  32,768  -101.0668     0.0043    67.8778    -0.3233
  33,280  -106.7733     0.0075    40.9850    -0.3229
  33,792   -81.7840     0.0056    43.4610    -0.3163
  34,304  -112.6538     0.0081    72.5515    -0.2911
  34,816  -117.0933     0.0083    65.5771    -0.2718
  35,328  -103.1755     0.0193    49.5141    -0.2459
  35,840   -94.2762     0.0090    41.7232    -0.2420
  36,352   -90.9964     0.0090    36.3747    -0.2394
  36,864  -145.9445    -0.0005    58.8717    -0.2476
  37,376   -97.6168     0.0061    75.7961    -0.2393
  37,888  -113.1393     0.0054    56.9920    -0.2188
  38,400   -98.6974     0.0042    55.9940    -0.2080
  38,912  -115.0319     0.0073    60.7155    -0.1919
  39,424  -110.7439    -0.0005    53.3674    -0.1891
  39,936  -112.2494     0.0066    96.9809    -0.1917
  40,448  -129.3426    -0.0009    60.8197    -0.2035
  40,960  -106.4800     0.0045    50.1426    -0.1931
  41,472  -123.8055     0.0038    65.2175    -0.1981
  41,984   -77.6606     0.0051    71.2708    -0.1879
  42,496  -104.4853     0.0074    72.9434    -0.1980
  43,008  -113.2168     0.0015    60.6948    -0.2174
  43,520  -124.3036     0.0019    59.5803    -0.2382
  44,032  -154.5047     0.0081   101.5554    -0.2402
  44,544  -118.5530     0.0051   102.9253    -0.2402
  45,056  -111.1718     0.0093    77.2614    -0.2368
  45,568  -136.7513     0.0010    62.1871    -0.2226
  46,080  -115.7334     0.0059    65.9125    -0.2134
  46,592  -101.3293     0.0035    61.2231    -0.1995
  47,104  -102.1671     0.0115   151.1933    -0.1760
  47,616   -80.2925     0.0106    85.4217    -0.1622
  48,128   -88.8483     0.0039    53.3926    -0.1675
  48,640   -85.7649    -0.0046   162.3155    -0.1698
  49,152   -63.0018    -0.0000    70.8572    -0.1641
  49,664   -87.1436     0.0027    86.0621    -0.1558
  50,176  -109.4384     0.0043    70.6860    -0.1553
  50,688   -76.5681     0.0081   111.5444    -0.1537
  51,200   -62.5457     0.0100    97.0471    -0.1549
  51,712   -91.1827     0.0005   120.8303    -0.1446
  52,224   -43.6816     0.0066    61.0905    -0.1374
  52,736  -110.0549     0.0073   105.6635    -0.1787
  53,248   -73.0293     0.0081    82.5296    -0.1704
  53,760  -101.9582     0.0085    88.5255    -0.1522
  54,272   -98.1528     0.0012    98.1766    -0.1428
  54,784  -112.2184     0.0098   122.5190    -0.1256
  55,296  -109.6901     0.0059   110.2316    -0.1040
  55,808  -124.8229     0.0055   160.7778    -0.1005
  56,320   -89.1028     0.0015   105.1071    -0.0995
  56,832   -91.5857     0.0121   165.9779    -0.0960
  57,344   -59.8042     0.0069    65.4592    -0.0833
  57,856  -106.2725     0.0144   129.4934    -0.0862
  58,368   -93.7611     0.0007    77.4343    -0.0873
  58,880  -127.6085     0.0163    95.3955    -0.0989
  59,392  -124.5001     0.0008   120.5907    -0.0877
  59,904  -107.0529     0.0063    90.3886    -0.0769
  60,416   -80.5048     0.0043    92.7932    -0.0576
  60,928  -103.3938     0.0057    98.9573    -0.0715
  61,440  -104.2841     0.0039    98.2017    -0.0776
  61,952   -67.4114     0.0065   123.2204    -0.0783
  62,464  -133.0243     0.0036   114.2041    -0.1015
  62,976   -96.4545    -0.0005    77.9961    -0.1130
  63,488   -86.6479     0.0022    96.2907    -0.1243
  64,000   -94.8638    -0.0041   143.7486    -0.1261
  64,512   -86.0095     0.0004    90.7385    -0.1187
  65,024  -107.0869     0.0040   193.8137    -0.1030
  65,536  -102.2629     0.0055   186.4364    -0.1017
  66,048   -61.5652     0.0074   121.7091    -0.0891
  66,560   -80.7075     0.0081    83.8659    -0.0833
  67,072   -68.6580     0.0047    85.6680    -0.0773
  67,584  -101.7828     0.0051   113.4326    -0.0904
  68,096  -129.9809     0.0052   107.3542    -0.1027
  68,608   -76.2882     0.0083    93.0420    -0.0852
  69,120   -96.2049     0.0092    91.2352    -0.1026
  69,632   -83.1673    -0.0004    84.5098    -0.0782
  70,144   -54.4709     0.0054   100.1806    -0.0477
  70,656   -55.2823     0.0055   104.3865    -0.0488
  71,168   -99.1935     0.0087   199.4423    -0.0468
  71,680   -81.2351     0.0063   137.2733    -0.0524
  72,192   -51.3578     0.0034    97.1120    -0.0390
  72,704  -113.6433     0.0029   109.2696    -0.0569
  73,216  -103.2342     0.0090    99.0370    -0.0484
  73,728   -65.8543     0.0036   121.0712    -0.0474
  74,240   -84.6255     0.0039    94.1321    -0.0800
  74,752   -67.6457     0.0143   113.2334    -0.0927
  75,264   -96.7653     0.0065   168.5109    -0.0963
  75,776   -87.4637     0.0100   114.6217    -0.1022
  76,288   -88.4902     0.0062   107.4201    -0.1015
  76,800  -107.1546     0.0031   107.2943    -0.1132
  77,312  -113.3557     0.0113    99.8137    -0.1400
  77,824  -113.8593     0.0085   135.5342    -0.1531
  78,336  -143.2247     0.0086   158.4039    -0.1801
  78,848  -130.0885     0.0046   144.4475    -0.2034
  79,360   -72.6274     0.0091    95.8180    -0.2190
  79,872   -87.3724     0.0034    92.9178    -0.2268
  80,384  -132.7727     0.0052   162.8881    -0.2379
  80,896  -114.6940     0.0095   111.4683    -0.2499
  81,408   -55.1464     0.0009   116.6273    -0.2261
  81,920   -96.9584     0.0072   120.3216    -0.2397
  82,432   -50.7731     0.0023   109.5756    -0.2199
  82,944  -128.0814     0.0033   110.9820    -0.2208
  83,456   -64.4287     0.0052   103.4914    -0.1689
  83,968   -89.0628     0.0048   112.7675    -0.1566
  84,480  -119.2197     0.0129   133.5478    -0.1522
════════════════════════════════════════════════════════════

